11-28 18:03:27.862 D/KeyguardViewMediator( 1715): doKeyguard: showing the lock screen
11-28 18:03:27.862 D/KeyguardViewMediator( 1715): showLocked
11-28 18:03:27.863 D/FaceManagerImpl_client( 1715): inernational:false supportR:null nowR:CN
11-28 18:03:27.863 D/FaceManagerImpl_client( 1715): inernational:false supportR:null nowR:CN
11-28 18:03:27.865 D/KeyguardViewMediator( 1715): handleNotifyFinishedGoingToSleep
11-28 18:03:27.871 D/StatusBar( 1715): updatePublicMode() showingKeyguard=false,devicePublic=false
11-28 18:03:27.871 D/StatusBar( 1715): updateStackScrollerState() publicMode=false,isKeyguardShowing=false
11-28 18:03:27.875 V/KeyguardUpdateMonitor( 1715): startListeningForFingerprint()
11-28 18:03:27.879 D/KeyguardViewMediator( 1715): handleShow
11-28 18:03:27.880 V/KeyguardUpdateMonitor( 1715): startListeningForFingerprint()
11-28 18:03:27.887 D/SystemUI.DriveMode( 1715): drive mode handleUpdateState
11-28 18:03:27.902 V/KeyguardUpdateMonitor( 1715): *** register callback for com.android.keyguard.KeyguardHostView$1@7574652
11-28 18:03:27.902 V/KeyguardUpdateMonitor( 1715): *** unregister callback for null
11-28 18:03:27.908 V/KeyguardSecurityModel( 1715): getSecurityMode security=65536
11-28 18:03:27.908 V/KeyguardSecurityView( 1715): showPrimarySecurityScreen(turningOff=false)
11-28 18:03:27.908 D/KeyguardSecurityView( 1715): showSecurityScreen(Pattern)
11-28 18:03:27.908 V/KeyguardSecurityView( 1715): inflating id = 2131558500
11-28 18:03:27.916 D/Launcher.Lifecycle(22600): onWindowFocusChanged:false,UserHandle{0},b53059,true
11-28 18:03:27.926 V/KeyguardUpdateMonitor( 1715): *** register callback for com.android.keyguard.EmergencyButton$1@fa48bd6
11-28 18:03:27.926 V/KeyguardUpdateMonitor( 1715): *** unregister callback for null
11-28 18:03:27.934 V/KeyguardSecurityModel( 1715): getSecurityMode security=65536
11-28 18:03:27.937 D/KeyguardUpdateMonitor( 1715): onKeyguardVisibilityChanged(true)
11-28 18:03:27.944 V/KeyguardUpdateMonitor( 1715): startListeningForFingerprint()
11-28 18:03:27.952 I/KeyguardIndication( 1715): updateIndication: mVisible true mDozing false mTransientIndication null mPowerPluggedIn true mShouldUpdateBatteryIndication true mUpArrowIndication null
11-28 18:03:27.958 W/ResourceType( 1715): No package identifier when getting value for resource number 0x00000000
11-28 18:03:27.958 E/miui_keyguard( 1715): something wrong when get image
11-28 18:03:27.958 W/System.err( 1715): android.content.res.Resources$NotFoundException: Resource ID #0x0
11-28 18:03:27.959 W/System.err( 1715): 	at android.content.res.ResourcesImpl.getValueForDensity(ResourcesImpl.java:229)
11-28 18:03:27.959 W/System.err( 1715): 	at android.content.res.Resources.getDrawableForDensity(Resources.java:890)
11-28 18:03:27.959 W/System.err( 1715): 	at android.content.res.Resources.getDrawable(Resources.java:833)
11-28 18:03:27.959 W/System.err( 1715): 	at android.content.res.Resources.getDrawable(Resources.java:808)
11-28 18:03:27.959 W/System.err( 1715): 	at com.android.keyguard.utils.PackageUtils.getDrawableFromPackage(PackageUtils.java:53)
11-28 18:03:27.959 W/System.err( 1715): 	at com.android.systemui.statusbar.phone.NotificationPanelView$27.doInBackground(NotificationPanelView.java:1660)
11-28 18:03:27.959 W/System.err( 1715): 	at com.android.systemui.statusbar.phone.NotificationPanelView$27.doInBackground(NotificationPanelView.java:1653)
11-28 18:03:27.959 W/System.err( 1715): 	at android.os.AsyncTask$2.call(AsyncTask.java:333)
11-28 18:03:27.959 W/System.err( 1715): 	at java.util.concurrent.FutureTask.run(FutureTask.java:266)
11-28 18:03:27.959 W/System.err( 1715): 	at java.util.concurrent.ThreadPoolExecutor.runWorker(ThreadPoolExecutor.java:1162)
11-28 18:03:27.959 W/System.err( 1715): 	at java.util.concurrent.ThreadPoolExecutor$Worker.run(ThreadPoolExecutor.java:636)
11-28 18:03:27.960 W/System.err( 1715): 	at java.lang.Thread.run(Thread.java:764)
11-28 18:03:27.968 V/KeyguardSecurityModel( 1715): getSecurityMode security=65536
11-28 18:03:27.968 D/StatusBar( 1715): updatePublicMode() showingKeyguard=true,devicePublic=true
11-28 18:03:27.968 D/StatusBar( 1715): updateStackScrollerState() publicMode=true,isKeyguardShowing=true
11-28 18:03:27.974 D/StatusBar( 1715): disable<e i a s b h r c s > disable2<q i n g r >
11-28 18:03:27.977 D/KeyguardViewMediator( 1715): adjustStatusBarLocked: mShowing=true mOccluded=false isSecure=true force=false --> flags=0x1e00000
11-28 18:03:27.978 D/KeyguardViewBase( 1715): show()
11-28 18:03:27.981 V/KeyguardSecurityModel( 1715): getSecurityMode security=65536
11-28 18:03:27.982 V/KeyguardSecurityView( 1715): showPrimarySecurityScreen(turningOff=false)
11-28 18:03:27.982 D/KeyguardSecurityView( 1715): showSecurityScreen(Pattern)
11-28 18:03:27.985 D/FaceManagerImpl_client( 1715): inernational:false supportR:null nowR:CN
11-28 18:03:27.985 I/KeyguardViewMediator( 1715): getBouncerPromptReason trust = false fingerprint = false faceUnlock = false bleUnlock = false strongAuth = 0
11-28 18:03:27.987 D/KeyguardViewMediator( 1715): adjustStatusBarLocked: mShowing=true mOccluded=false isSecure=true force=false --> flags=0x1e00000
11-28 18:03:27.992 V/KeyguardUpdateMonitor( 1715): startListeningForFingerprint()
11-28 18:03:27.998 V/LockPatternView( 1715): LockPatternView dimensions: 633x633
11-28 18:03:28.001 I/chatty  ( 1715): uid=1000(system) com.android.systemui identical 1 line
11-28 18:03:28.019 V/LockPatternView( 1715): LockPatternView dimensions: 633x633
11-28 18:03:28.028 I//system/bin/tombstoned(  886): received crash request for pid 2038
11-28 18:03:28.028 I//system/bin/tombstoned(  886): found intercept fd 512 for pid 2038 and type kDebuggerdJavaBacktrace
11-28 18:03:28.029 I/zygote64( 2038): Wrote stack traces to '[tombstoned]'
11-28 18:03:28.030 I/zygote64( 1563): libdebuggerd_client: done dumping process 2038
11-28 18:03:28.030 I/zygote64( 1563): libdebuggerd_client: started dumping process 614
11-28 18:03:28.030 W/HeadsUpManager( 1715): removeHeadsUpNotification() no heads up notification on show
11-28 18:03:28.032 I//system/bin/tombstoned(  886): registered intercept for pid 614 and type kDebuggerdNativeBacktrace
11-28 18:03:28.024 W/ActivityManager( 1563): type=1400 audit(0.0:8802): avc: denied { sys_resource } for capability=24 scontext=u:r:system_server:s0 tcontext=u:r:system_server:s0 tclass=capability permissive=0
11-28 18:03:28.033 I/libc    (  614): Requested dump for tid 614 (surfaceflinger)
11-28 18:03:28.053 W/BaseMiuiPhoneWindowManager( 1563): keyCode:26 down:true eventTime:103814863 downTime:103814863 policyFlags:2000000 flags:8 deviceId:3 isScreenOn:false keyguardActive:true repeatCount:0
11-28 18:03:28.054 D/systemui_boost( 1563): notification panel visible=true
11-28 18:03:28.054 D/systemui_boost( 1563): ui thread tid=1563
11-28 18:03:28.054 D/systemui_boost( 1563): render thread tid=0
11-28 18:03:28.054 E/systemui_boost( 1563): render-thread tid = 0, do not boost
11-28 18:03:28.058 D/KeyguardViewMediator( 1715): onStartedWakingUp, reason = android.policy:POWER
11-28 18:03:28.060 D/KeyguardViewMediator( 1715): onStartedWakingUp, seq = 556
11-28 18:03:28.060 D/KeyguardViewMediator( 1715): notifyStartedWakingUp
11-28 18:03:28.060 I/octvm_klo( 2485): screen_toggled event:screen_state:1
11-28 18:03:28.060 D/PowerKeeper.Event( 3821): notifyScreenChange 1
11-28 18:03:28.062 I/QTI PowerHAL(  591): Got set_interactive hint
11-28 18:03:28.063 D/PowerKeeper.Event( 3821): notifyScreenTriggle value: 1
11-28 18:03:28.063 D/EventBus( 1715): [1715, u0] post(ScreenOnEvent)
11-28 18:03:28.063 I/QTI PowerHAL(  591): Got set_interactive hint on= 1, count= 1107
11-28 18:03:28.063 E/QTI PowerHAL(  591): Error opening /sys/kernel/hbtp/display_pwr: No such file or directory
11-28 18:03:28.068 D/KeyguardUpdateMonitor( 1715): handleKeyguardReset
11-28 18:03:28.068 W/KeyguardViewMediator( 1715): notifyScreenOn
11-28 18:03:28.069 I/octvm_power( 2485): power mode [keyguard] start 1574935408
11-28 18:03:28.072 I/octvm_power( 2485): Action: set_bcbc_cust_state(disable) for [foreground_change]
11-28 18:03:28.073 I/octvm_drv( 2485): common drv: platform_set_bcbc_cust_state -> platform not support
11-28 18:03:28.073 I/octvm_power( 2485): Action: set_lcd_mode(default) for [foreground_change]
11-28 18:03:28.073 I/octvm_drv( 2485): common drv: platform_set_lcd_mode -> platform not support
11-28 18:03:28.073 I/octvm_power( 2485): Action: set_thermal_config(restore) for [foreground_change]
11-28 18:03:28.073 I/octvm_drv( 2485): common drv: platform_set_thermal_mode -> platform not support
11-28 18:03:28.073 I/octvm_power( 2485): onPowerModeChanged[keyguard] called
11-28 18:03:28.074 V/KeyguardUpdateMonitor( 1715): startListeningForFingerprint()
11-28 18:03:28.078 D/StatusBar( 1715): disable<e i a s B!H!R!C!s > disable2<q i n g r >
11-28 18:03:28.081 D/PhoneStatusBar/NavigationBarView( 1715): setDisabledFlags back:true home:true recent:true
11-28 18:03:28.086 I/crash_dump64(30714): obtaining output fd from tombstoned, type: kDebuggerdNativeBacktrace
11-28 18:03:28.087 I//system/bin/tombstoned(  886): received crash request for pid 614
11-28 18:03:28.087 I//system/bin/tombstoned(  886): found intercept fd 512 for pid 614 and type kDebuggerdNativeBacktrace
11-28 18:03:28.088 I/crash_dump64(30714): performing dump of process 614 (target tid = 614)
11-28 18:03:28.142 I/zygote64( 1563): libdebuggerd_client: done dumping process 614
11-28 18:03:28.143 I/zygote64( 1563): libdebuggerd_client: started dumping process 851
11-28 18:03:28.134 W/ActivityManager( 1563): type=1400 audit(0.0:8803): avc: denied { sys_resource } for capability=24 scontext=u:r:system_server:s0 tcontext=u:r:system_server:s0 tclass=capability permissive=0
11-28 18:03:28.145 D/SurfaceFlinger(  614): Set power mode=2, type=0 flinger=0x7f47845000
11-28 18:03:28.145 I/SDM     (  580): DisplayBase::SetDisplayState: Set state = 1, display 0
11-28 18:03:28.146 I//system/bin/tombstoned(  886): registered intercept for pid 851 and type kDebuggerdNativeBacktrace
11-28 18:03:28.147 I/libc    (  851): Requested dump for tid 851 (audioserver)
11-28 18:03:28.170 I/InputReader( 1563): Reconfiguring input devices.  changes=0x00000004
11-28 18:03:28.186 I/crash_dump32(30718): obtaining output fd from tombstoned, type: kDebuggerdNativeBacktrace
11-28 18:03:28.186 I//system/bin/tombstoned(  886): received crash request for pid 851
11-28 18:03:28.187 I//system/bin/tombstoned(  886): found intercept fd 512 for pid 851 and type kDebuggerdNativeBacktrace
11-28 18:03:28.187 I/crash_dump32(30718): performing dump of process 851 (target tid = 851)
11-28 18:03:28.198 D/KeyguardViewMediator( 1715): handleNotifyWakingUp
11-28 18:03:28.198 D/FaceManagerImpl_client( 1715): inernational:false supportR:null nowR:CN
11-28 18:03:28.199 D/FaceManagerImpl_client( 1715): hasEnrolledFaces   res:-2
11-28 18:03:28.207 D/systemui_boost( 1563): notification panel visible=true
11-28 18:03:28.207 D/systemui_boost( 1563): ui thread tid=1715
11-28 18:03:28.207 D/systemui_boost( 1563): render thread tid=2121
11-28 18:03:28.207 D/systemui_boost( 1563): ui thread old priority=0
11-28 18:03:28.207 D/systemui_boost( 1563): render thread old priority=-4
11-28 18:03:28.207 D/systemui_boost( 1563): thread tid=1715, priority is set to -10
11-28 18:03:28.207 D/systemui_boost( 1563): thread tid=2121, priority is set to -10
11-28 18:03:28.207 D/systemui_boost( 1563): ui thread and render thread are boosted
11-28 18:03:28.210 I/KeyguardIndication( 1715): updateIndication: mVisible true mDozing false mTransientIndication null mPowerPluggedIn true mShouldUpdateBatteryIndication true mUpArrowIndication null
11-28 18:03:28.220 V/KeyguardSecurityModel( 1715): getSecurityMode security=65536
11-28 18:03:28.220 D/StatusBar( 1715): updatePublicMode() showingKeyguard=true,devicePublic=true
11-28 18:03:28.220 D/StatusBar( 1715): updateStackScrollerState() publicMode=true,isKeyguardShowing=true
11-28 18:03:28.225 D/StatusBar( 1715): disable<e i a s B H R C s > disable2<q i n g r >
11-28 18:03:28.226 V/KeyguardUpdateMonitor( 1715): startListeningForFingerprint()
11-28 18:03:28.230 D/MiuiKeyguardChargingContainer( 1715): resetViewsCollapseState: 
11-28 18:03:28.231 I/KeyguardIndication( 1715): updateIndication: mVisible true mDozing false mTransientIndication  mPowerPluggedIn true mShouldUpdateBatteryIndication true mUpArrowIndication null
11-28 18:03:28.231 I/KeyguardIndication( 1715): updateIndication: mVisible true mDozing false mTransientIndication  mPowerPluggedIn true mShouldUpdateBatteryIndication true mUpArrowIndication 上滑解锁
11-28 18:03:28.232 D/EventBus( 1715): [1715, u0]  -> PowerUI [0x3771e9b, P1] onBusEvent(ScreenOnEvent)
11-28 18:03:28.232 D/PowerUI ( 1715): onBusEvent ScreenOnEvent
11-28 18:03:28.232 D/EventBus( 1715): [1715, u0] onBusEvent(ScreenOnEvent) duration: 38 microseconds, avg: 187
11-28 18:03:28.232 D/EventBus( 1715): [1715, u0]  -> StatusBar [0xe4e25f1, P1] onBusEvent(ScreenOnEvent)
11-28 18:03:28.232 D/EventBus( 1715): [1715, u0] onBusEvent(ScreenOnEvent) duration: 10 microseconds, avg: 187
11-28 18:03:28.237 W/KeyguardViewMediator( 1715): handleNotifyScreenTurningOn
11-28 18:03:28.237 D/FaceManagerImpl_client( 1715): inernational:false supportR:null nowR:CN
11-28 18:03:28.238 D/FaceManagerImpl_client( 1715): hasEnrolledFaces   res:-2
11-28 18:03:28.238 W/KeyguardViewMediator( 1715): notifyDrawn
11-28 18:03:28.238 W/WindowManager( 1563): Setting mKeyguardDrawComplete
11-28 18:03:28.239 W/WindowManager( 1563): Setting mWindowManagerDrawComplete
11-28 18:03:28.281 I/zygote64( 1563): libdebuggerd_client: done dumping process 851
11-28 18:03:28.281 I/zygote64( 1563): libdebuggerd_client: started dumping process 852
11-28 18:03:28.274 W/ActivityManager( 1563): type=1400 audit(0.0:8804): avc: denied { sys_resource } for capability=24 scontext=u:r:system_server:s0 tcontext=u:r:system_server:s0 tclass=capability permissive=0
11-28 18:03:28.293 I//system/bin/tombstoned(  886): registered intercept for pid 852 and type kDebuggerdNativeBacktrace
11-28 18:03:28.294 I/libc    (  852): Requested dump for tid 852 (cameraserver)
11-28 18:03:28.300 W/BaseMiuiPhoneWindowManager( 1563): keyCode:26 down:false eventTime:103815110 downTime:103814863 policyFlags:22000000 flags:8 deviceId:3 isScreenOn:true keyguardActive:true repeatCount:0
11-28 18:03:28.300 W/ActivityManager( 1563): Sending non-protected broadcast android.intent.action.KEYCODE_POWER_UP from system 1563:system/1000 pkg android. Callers=com.android.server.am.ActivityManagerService.broadcastIntentLocked:20355 com.android.server.am.ActivityManagerService.broadcastIntent:20542 android.app.ContextImpl.sendBroadcastAsUser:1140 com.android.server.policy.BaseMiuiPhoneWindowManager$16.run:2294 android.os.Handler.handleCallback:794 
11-28 18:03:28.320 I/crash_dump32(30721): obtaining output fd from tombstoned, type: kDebuggerdNativeBacktrace
11-28 18:03:28.320 I//system/bin/tombstoned(  886): received crash request for pid 852
11-28 18:03:28.321 I//system/bin/tombstoned(  886): found intercept fd 512 for pid 852 and type kDebuggerdNativeBacktrace
11-28 18:03:28.321 I/crash_dump32(30721): performing dump of process 852 (target tid = 852)
11-28 18:03:28.367 I/zygote64( 1563): libdebuggerd_client: done dumping process 852
11-28 18:03:28.367 I/zygote64( 1563): libdebuggerd_client: started dumping process 853
11-28 18:03:28.354 W/ActivityManager( 1563): type=1400 audit(0.0:8805): avc: denied { sys_resource } for capability=24 scontext=u:r:system_server:s0 tcontext=u:r:system_server:s0 tclass=capability permissive=0
11-28 18:03:28.370 I//system/bin/tombstoned(  886): registered intercept for pid 853 and type kDebuggerdNativeBacktrace
11-28 18:03:28.371 I/libc    (  853): Requested dump for tid 853 (drmserver)
11-28 18:03:28.371 D/SurfaceControl( 1563): Excessive delay in setPowerMode()
11-28 18:03:28.372 D/KeyguardViewMediator( 1715): notifyScreenTurnedOn
11-28 18:03:28.372 W/PowerManagerService( 1563): Screen on took 320 ms
11-28 18:03:28.373 D/KeyguardViewMediator( 1715): onFinishedWakingUp
11-28 18:03:28.400 I/crash_dump32(30724): obtaining output fd from tombstoned, type: kDebuggerdNativeBacktrace
11-28 18:03:28.401 I//system/bin/tombstoned(  886): received crash request for pid 853
11-28 18:03:28.401 I//system/bin/tombstoned(  886): found intercept fd 512 for pid 853 and type kDebuggerdNativeBacktrace
11-28 18:03:28.401 I/crash_dump32(30724): performing dump of process 853 (target tid = 853)
11-28 18:03:28.416 D/KeyguardViewMediator( 1715): handleNotifyScreenTurnedOn
11-28 18:03:28.432 I/zygote64( 1563): libdebuggerd_client: done dumping process 853
11-28 18:03:28.433 I/zygote64( 1563): libdebuggerd_client: started dumping process 857
11-28 18:03:28.434 I//system/bin/tombstoned(  886): registered intercept for pid 857 and type kDebuggerdNativeBacktrace
11-28 18:03:28.424 W/ActivityManager( 1563): type=1400 audit(0.0:8806): avc: denied { sys_resource } for capability=24 scontext=u:r:system_server:s0 tcontext=u:r:system_server:s0 tclass=capability permissive=0
11-28 18:03:28.434 I/libc    (  857): Requested dump for tid 857 (mediadrmserver)
11-28 18:03:28.474 I/crash_dump32(30727): obtaining output fd from tombstoned, type: kDebuggerdNativeBacktrace
11-28 18:03:28.475 I//system/bin/tombstoned(  886): received crash request for pid 857
11-28 18:03:28.475 I//system/bin/tombstoned(  886): found intercept fd 512 for pid 857 and type kDebuggerdNativeBacktrace
11-28 18:03:28.475 I/crash_dump32(30727): performing dump of process 857 (target tid = 857)
11-28 18:03:28.504 I/zygote64( 1563): libdebuggerd_client: done dumping process 857
11-28 18:03:28.504 I/zygote64( 1563): libdebuggerd_client: started dumping process 858
11-28 18:03:28.494 W/ActivityManager( 1563): type=1400 audit(0.0:8807): avc: denied { sys_resource } for capability=24 scontext=u:r:system_server:s0 tcontext=u:r:system_server:s0 tclass=capability permissive=0
11-28 18:03:28.507 I//system/bin/tombstoned(  886): registered intercept for pid 858 and type kDebuggerdNativeBacktrace
11-28 18:03:28.508 I//system/bin/tombstoned(  886): received crash request for pid 858
11-28 18:03:28.508 I//system/bin/tombstoned(  886): found intercept fd 512 for pid 858 and type kDebuggerdNativeBacktrace
11-28 18:03:28.541 I/zygote64( 1563): libdebuggerd_client: done dumping process 858
11-28 18:03:28.541 I/zygote64( 1563): libdebuggerd_client: started dumping process 859
11-28 18:03:28.534 W/ActivityManager( 1563): type=1400 audit(0.0:8808): avc: denied { sys_resource } for capability=24 scontext=u:r:system_server:s0 tcontext=u:r:system_server:s0 tclass=capability permissive=0
11-28 18:03:28.542 I//system/bin/tombstoned(  886): registered intercept for pid 859 and type kDebuggerdNativeBacktrace
11-28 18:03:28.542 I/libc    (  859): Requested dump for tid 859 (mediametrics)
11-28 18:03:28.577 I/crash_dump64(30730): obtaining output fd from tombstoned, type: kDebuggerdNativeBacktrace
11-28 18:03:28.577 I//system/bin/tombstoned(  886): received crash request for pid 859
11-28 18:03:28.577 I//system/bin/tombstoned(  886): found intercept fd 512 for pid 859 and type kDebuggerdNativeBacktrace
11-28 18:03:28.578 I/crash_dump64(30730): performing dump of process 859 (target tid = 859)
11-28 18:03:28.598 I/zygote64( 1563): libdebuggerd_client: done dumping process 859
11-28 18:03:28.599 I/zygote64( 1563): libdebuggerd_client: started dumping process 860
11-28 18:03:28.599 I//system/bin/tombstoned(  886): registered intercept for pid 860 and type kDebuggerdNativeBacktrace
11-28 18:03:28.584 W/ActivityManager( 1563): type=1400 audit(0.0:8809): avc: denied { sys_resource } for capability=24 scontext=u:r:system_server:s0 tcontext=u:r:system_server:s0 tclass=capability permissive=0
11-28 18:03:28.600 I/libc    (  860): Requested dump for tid 860 (mediaserver)
11-28 18:03:28.626 I/crash_dump32(30733): obtaining output fd from tombstoned, type: kDebuggerdNativeBacktrace
11-28 18:03:28.627 I//system/bin/tombstoned(  886): received crash request for pid 860
11-28 18:03:28.627 I//system/bin/tombstoned(  886): found intercept fd 512 for pid 860 and type kDebuggerdNativeBacktrace
11-28 18:03:28.627 I/crash_dump32(30733): performing dump of process 860 (target tid = 860)
11-28 18:03:28.654 W/BaseMiuiPhoneWindowManager( 1563): keyCode:26 down:true eventTime:103815464 downTime:103815464 policyFlags:22000000 flags:8 deviceId:3 isScreenOn:true keyguardActive:true repeatCount:0
11-28 18:03:28.654 D/systemui_boost( 1563): notification panel visible=true
11-28 18:03:28.654 D/systemui_boost( 1563): ui thread tid=1563
11-28 18:03:28.654 D/systemui_boost( 1563): render thread tid=0
11-28 18:03:28.654 E/systemui_boost( 1563): render-thread tid = 0, do not boost
11-28 18:03:28.677 I/zygote64( 1563): libdebuggerd_client: done dumping process 860
11-28 18:03:28.677 I/zygote64( 1563): libdebuggerd_client: started dumping process 861
11-28 18:03:28.664 W/ActivityManager( 1563): type=1400 audit(0.0:8810): avc: denied { sys_resource } for capability=24 scontext=u:r:system_server:s0 tcontext=u:r:system_server:s0 tclass=capability permissive=0
11-28 18:03:28.680 I//system/bin/tombstoned(  886): registered intercept for pid 861 and type kDebuggerdNativeBacktrace
11-28 18:03:28.674 W/ActivityManager( 1563): type=1400 audit(0.0:8811): avc: denied { signal } for scontext=u:r:system_server:s0 tcontext=u:r:netd:s0 tclass=process permissive=0
11-28 18:03:28.681 E/zygote64( 1563): libdebuggerd_client: failed to send signal to pid 861: Permission denied
11-28 18:03:28.682 I/zygote64( 1563): libdebuggerd_client: started dumping process 865
11-28 18:03:28.682 I//system/bin/tombstoned(  886): intercept for pid 861 and type kDebuggerdNativeBacktrace terminated: due to input
11-28 18:03:28.682 I//system/bin/tombstoned(  886): registered intercept for pid 865 and type kDebuggerdNativeBacktrace
11-28 18:03:28.674 W/ActivityManager( 1563): type=1400 audit(0.0:8812): avc: denied { sys_resource } for capability=24 scontext=u:r:system_server:s0 tcontext=u:r:system_server:s0 tclass=capability permissive=0
11-28 18:03:28.684 I//system/bin/tombstoned(  886): received crash request for pid 865
11-28 18:03:28.684 I//system/bin/tombstoned(  886): found intercept fd 512 for pid 865 and type kDebuggerdNativeBacktrace
11-28 18:03:28.734 I/PowerCenterProvider( 2547): call METHOD_GET_BATTERY_INFO
11-28 18:03:28.737 D/BatteryHistoryLoadMgr( 2547): getHistoryInfo begin
11-28 18:03:28.738 I/zygote64( 1563): libdebuggerd_client: done dumping process 865
11-28 18:03:28.738 I/zygote64( 1563): libdebuggerd_client: started dumping process 1691
11-28 18:03:28.739 I//system/bin/tombstoned(  886): registered intercept for pid 1691 and type kDebuggerdNativeBacktrace
11-28 18:03:28.724 W/ActivityManager( 1563): type=1400 audit(0.0:8813): avc: denied { sys_resource } for capability=24 scontext=u:r:system_server:s0 tcontext=u:r:system_server:s0 tclass=capability permissive=0
11-28 18:03:28.740 I/libc    ( 1691): Requested dump for tid 1691 (droid.bluetooth)
11-28 18:03:28.741 I/WifiService( 1563): requestActivityInfo uid=1000
11-28 18:03:28.741 I/WifiService( 1563): reportActivityInfo uid=1000
11-28 18:03:28.741 I/WifiService( 1563): getSupportedFeatures uid=1000
11-28 18:03:28.752 E/BatteryExternalStatsWorker( 1563): no controller energy info supplied for wifi
11-28 18:03:28.823 D/BatteryHistoryLoadMgr( 2547): getHistoryInfo end
11-28 18:03:28.826 I/PowerUtils( 2547): use feature battery typ capacity
11-28 18:03:28.828 I/PowerUtils( 2547): use feature battery typ capacity
11-28 18:03:28.829 W/BatteryChargeTimeHelper( 2547): Use max, leftChargeTime 40m43s570ms maxChargeTime 35m12s
11-28 18:03:28.831 I/PowerUtils( 2547): use feature battery typ capacity
11-28 18:03:28.831 W/BaseMiuiPhoneWindowManager( 1563): keyCode:26 down:false eventTime:103815642 downTime:103815464 policyFlags:22000000 flags:8 deviceId:3 isScreenOn:true keyguardActive:true repeatCount:0
11-28 18:03:28.832 I/PowerUtils( 2547): use feature battery typ capacity
11-28 18:03:28.833 W/ActivityManager( 1563): Sending non-protected broadcast android.intent.action.KEYCODE_POWER_UP from system 1563:system/1000 pkg android. Callers=com.android.server.am.ActivityManagerService.broadcastIntentLocked:20355 com.android.server.am.ActivityManagerService.broadcastIntent:20542 android.app.ContextImpl.sendBroadcastAsUser:1140 com.android.server.policy.BaseMiuiPhoneWindowManager$16.run:2294 android.os.Handler.handleCallback:794 
11-28 18:03:28.834 D/KeyguardViewMediator( 1715): onStartedGoingToSleep(2)
11-28 18:03:28.835 I/BatteryChargeTimeHelper( 2547): Left charge time, 0.08 35m12s
11-28 18:03:28.836 D/KeyguardViewMediator( 1715): notifyStartedGoingToSleep
11-28 18:03:28.836 I/crash_dump64(30736): obtaining output fd from tombstoned, type: kDebuggerdNativeBacktrace
11-28 18:03:28.836 D/EventBus( 1715): [1715, u0] post(ScreenOffEvent)
11-28 18:03:28.836 I/KeyguardIndication( 1715): updateIndication: mVisible true mDozing false mTransientIndication  mPowerPluggedIn true mShouldUpdateBatteryIndication true mUpArrowIndication 上滑解锁
11-28 18:03:28.836 I/KeyguardIndication( 1715): updateIndication: mVisible true mDozing false mTransientIndication  mPowerPluggedIn true mShouldUpdateBatteryIndication true mUpArrowIndication null
11-28 18:03:28.836 I//system/bin/tombstoned(  886): received crash request for pid 1691
11-28 18:03:28.836 I//system/bin/tombstoned(  886): found intercept fd 512 for pid 1691 and type kDebuggerdNativeBacktrace
11-28 18:03:28.837 V/KeyguardUpdateMonitor( 1715): startListeningForFingerprint()
11-28 18:03:28.837 I/crash_dump64(30736): performing dump of process 1691 (target tid = 1691)
11-28 18:03:28.837 I/PowerUtils( 2547): use feature battery typ capacity
11-28 18:03:28.839 I/BatteryLeftUsageTime( 2547): use history time
11-28 18:03:28.840 D/KeyguardViewMediator( 1715): handleNotifyStartedGoingToSleep
11-28 18:03:28.841 I/PowerUtils( 2547): has feature phone typ: false
11-28 18:03:28.842 I/PowerCenterProvider( 2547): call METHOD_GET_POWER_SUPPLY_INFO, quick_charge:false
11-28 18:03:28.847 D/EventBus( 1715): [1715, u0]  -> PowerUI [0x3771e9b, P1] onBusEvent(ScreenOffEvent)
11-28 18:03:28.847 D/PowerUI ( 1715): onBusEvent ScreenOffEvent
11-28 18:03:28.847 D/EventBus( 1715): [1715, u0] onBusEvent(ScreenOffEvent) duration: 41 microseconds, avg: 187
11-28 18:03:28.847 D/EventBus( 1715): [1715, u0]  -> StatusBar [0xe4e25f1, P1] onBusEvent(ScreenOffEvent)
11-28 18:03:28.847 D/EventBus( 1715): [1715, u0] onBusEvent(ScreenOffEvent) duration: 52 microseconds, avg: 187
11-28 18:03:28.854 W/MiuiPerfServiceClient( 2664): interceptAndQueuing:1715|com.android.systemui|419|142|unknown|null|StatusBar|103815243510810|Slow issue draw commands|6
11-28 18:03:28.902 D/SurfaceFlinger(  614): Set power mode=0, type=0 flinger=0x7f47845000
11-28 18:03:28.905 I/SDM     (  580): DisplayBase::SetDisplayState: Set state = 0, display 0
11-28 18:03:28.906 D/KeyguardViewMediator( 1715): notifyScreenTurnedOff
11-28 18:03:28.908 D/KeyguardViewMediator( 1715): handleNotifyScreenTurnedOff
11-28 18:03:28.909 D/CompatibilityInfo( 1563): mCompatibilityFlags - 10
11-28 18:03:28.909 D/CompatibilityInfo( 1563): applicationDensity - 320
11-28 18:03:28.909 D/CompatibilityInfo( 1563): applicationScale - 1.0
11-28 18:03:28.913 I/InputReader( 1563): Reconfiguring input devices.  changes=0x00000004
11-28 18:03:29.092 W/BaseMiuiPhoneWindowManager( 1563): keyCode:26 down:true eventTime:103815902 downTime:103815902 policyFlags:2000000 flags:8 deviceId:3 isScreenOn:false keyguardActive:true repeatCount:0
11-28 18:03:29.092 D/systemui_boost( 1563): notification panel visible=true
11-28 18:03:29.092 D/systemui_boost( 1563): ui thread tid=1563
11-28 18:03:29.092 D/systemui_boost( 1563): render thread tid=0
11-28 18:03:29.092 E/systemui_boost( 1563): render-thread tid = 0, do not boost
11-28 18:03:29.095 D/KeyguardViewMediator( 1715): onStartedWakingUp, reason = android.policy:POWER
11-28 18:03:29.096 D/PowerKeeper.Event( 3821): notifyScreenChange 0
11-28 18:03:29.096 I/octvm_klo( 2485): screen_toggled event:screen_state:0
11-28 18:03:29.096 I/octvm_klo( 2485): last_screen_toggle_on_time:1574935408, this toggle:1574935409
11-28 18:03:29.097 D/KeyguardViewMediator( 1715): onFinishedGoingToSleep(2)
11-28 18:03:29.097 D/KeyguardViewMediator( 1715): notifyFinishedGoingToSleep
11-28 18:03:29.097 E/KeyguardViewMediator( 1715): resetStateLocked
11-28 18:03:29.098 I/octvm_klo( 2485): screen_toggled event:screen_state:1
11-28 18:03:29.098 D/PowerKeeper.Event( 3821): notifyScreenTriggle value: 0
11-28 18:03:29.098 D/PowerKeeper.Event( 3821): notifyScreenChange 1
11-28 18:03:29.099 I/octvm_power( 2485): power mode [idle] start 1574935409
11-28 18:03:29.101 D/PowerKeeper.Event( 3821): notifyScreenTriggle value: 1
11-28 18:03:29.101 I/octvm_power( 2485): Action: set_thermal_config(restore) for [foreground_change]
11-28 18:03:29.101 I/octvm_drv( 2485): common drv: platform_set_thermal_mode -> platform not support
11-28 18:03:29.101 W/KeyguardViewMediator( 1715): notifyScreenOn
11-28 18:03:29.101 D/KeyguardViewMediator( 1715): handleNotifyFinishedGoingToSleep
11-28 18:03:29.101 I/octvm_power( 2485): onPowerModeChanged[idle] called
11-28 18:03:29.102 D/systemui_boost( 1563): notification panel visible=false
11-28 18:03:29.102 D/systemui_boost( 1563): ui thread tid=1715
11-28 18:03:29.102 D/systemui_boost( 1563): render thread tid=2121
11-28 18:03:29.103 D/systemui_boost( 1563): thread tid=1715, priority is set to 0
11-28 18:03:29.103 D/systemui_boost( 1563): thread tid=2121, priority is set to -4
11-28 18:03:29.103 D/systemui_boost( 1563): ui thread and render thread are reset
11-28 18:03:29.104 I/octvm_power( 2485): power mode [keyguard] start 1574935409
11-28 18:03:29.104 I/octvm_power( 2485): Action: set_bcbc_cust_state(disable) for [foreground_change]
11-28 18:03:29.104 I/octvm_drv( 2485): common drv: platform_set_bcbc_cust_state -> platform not support
11-28 18:03:29.104 I/octvm_power( 2485): Action: set_lcd_mode(default) for [foreground_change]
11-28 18:03:29.104 I/octvm_drv( 2485): common drv: platform_set_lcd_mode -> platform not support
11-28 18:03:29.104 I/octvm_power( 2485): Action: set_thermal_config(restore) for [foreground_change]
11-28 18:03:29.104 I/octvm_drv( 2485): common drv: platform_set_thermal_mode -> platform not support
11-28 18:03:29.108 I/KeyguardIndication( 1715): updateIndication: mVisible true mDozing false mTransientIndication null mPowerPluggedIn true mShouldUpdateBatteryIndication true mUpArrowIndication null
11-28 18:03:29.108 I/KeyguardIndication( 1715): updateIndication: mVisible true mDozing false mTransientIndication null mPowerPluggedIn true mShouldUpdateBatteryIndication true mUpArrowIndication null
11-28 18:03:29.109 I/octvm_power( 2485): onPowerModeChanged[keyguard] called
11-28 18:03:29.111 D/SurfaceControl( 1563): Excessive delay in setPowerMode()
11-28 18:03:29.112 I/QTI PowerHAL(  591): Got set_interactive hint
11-28 18:03:29.114 E/ANDR-PERF-MPCTL(  868): Invalid profile no. 0, total profiles 0 only
11-28 18:03:29.115 I/QTI PowerHAL(  591): Got set_interactive hint on= 0, count= 1108
11-28 18:03:29.115 E/QTI PowerHAL(  591): Error opening /sys/kernel/hbtp/display_pwr: No such file or directory
11-28 18:03:29.116 I/QTI PowerHAL(  591): Got set_interactive hint
11-28 18:03:29.117 I/QTI PowerHAL(  591): Got set_interactive hint on= 1, count= 1109
11-28 18:03:29.117 E/QTI PowerHAL(  591): Error opening /sys/kernel/hbtp/display_pwr: No such file or directory
11-28 18:03:29.118 V/KeyguardSecurityModel( 1715): getSecurityMode security=65536
11-28 18:03:29.118 D/StatusBar( 1715): updatePublicMode() showingKeyguard=true,devicePublic=true
11-28 18:03:29.118 D/StatusBar( 1715): updateStackScrollerState() publicMode=true,isKeyguardShowing=true
11-28 18:03:29.118 D/SurfaceFlinger(  614): Set power mode=2, type=0 flinger=0x7f47845000
11-28 18:03:29.118 I/SDM     (  580): DisplayBase::SetDisplayState: Set state = 1, display 0
11-28 18:03:29.123 D/StatusBar( 1715): disable<e i a s B H R C s > disable2<q i n g r >
11-28 18:03:29.123 D/KeyguardViewMediator( 1715): handleReset
11-28 18:03:29.127 V/KeyguardSecurityModel( 1715): getSecurityMode security=65536
11-28 18:03:29.130 I/KeyguardIndication( 1715): updateIndication: mVisible true mDozing false mTransientIndication null mPowerPluggedIn true mShouldUpdateBatteryIndication true mUpArrowIndication null
11-28 18:03:29.135 I/InputReader( 1563): Reconfiguring input devices.  changes=0x00000004
11-28 18:03:29.142 V/KeyguardSecurityModel( 1715): getSecurityMode security=65536
11-28 18:03:29.142 D/StatusBar( 1715): updatePublicMode() showingKeyguard=true,devicePublic=true
11-28 18:03:29.142 D/StatusBar( 1715): updateStackScrollerState() publicMode=true,isKeyguardShowing=true
11-28 18:03:29.146 D/StatusBar( 1715): disable<e i a s B H R C s > disable2<q i n g r >
11-28 18:03:29.148 D/KeyguardViewMediator( 1715): adjustStatusBarLocked: mShowing=true mOccluded=false isSecure=true force=false --> flags=0x1e00000
11-28 18:03:29.149 D/KeyguardViewBase( 1715): show()
11-28 18:03:29.155 V/KeyguardSecurityModel( 1715): getSecurityMode security=65536
11-28 18:03:29.155 V/KeyguardSecurityView( 1715): showPrimarySecurityScreen(turningOff=false)
11-28 18:03:29.155 D/KeyguardSecurityView( 1715): showSecurityScreen(Pattern)
11-28 18:03:29.161 D/FaceManagerImpl_client( 1715): inernational:false supportR:null nowR:CN
11-28 18:03:29.162 I/KeyguardViewMediator( 1715): getBouncerPromptReason trust = false fingerprint = false faceUnlock = false bleUnlock = false strongAuth = 0
11-28 18:03:29.163 D/KeyguardViewMediator( 1715): onStartedWakingUp, seq = 557
11-28 18:03:29.163 D/KeyguardViewMediator( 1715): notifyStartedWakingUp
11-28 18:03:29.163 V/KeyguardUpdateMonitor( 1715): startListeningForFingerprint()
11-28 18:03:29.165 D/EventBus( 1715): [1715, u0] post(ScreenOnEvent)
11-28 18:03:29.167 W/KeyguardViewMediator( 1715): handleNotifyScreenTurningOn
11-28 18:03:29.167 D/FaceManagerImpl_client( 1715): inernational:false supportR:null nowR:CN
11-28 18:03:29.168 D/FaceManagerImpl_client( 1715): hasEnrolledFaces   res:-2
11-28 18:03:29.168 W/KeyguardViewMediator( 1715): notifyDrawn
11-28 18:03:29.169 W/WindowManager( 1563): Setting mKeyguardDrawComplete
11-28 18:03:29.170 W/WindowManager( 1563): Setting mWindowManagerDrawComplete
11-28 18:03:29.179 D/KeyguardUpdateMonitor( 1715): handleKeyguardReset
11-28 18:03:29.180 V/KeyguardUpdateMonitor( 1715): startListeningForFingerprint()
11-28 18:03:29.182 D/KeyguardViewMediator( 1715): handleNotifyWakingUp
11-28 18:03:29.182 D/FaceManagerImpl_client( 1715): inernational:false supportR:null nowR:CN
11-28 18:03:29.182 D/FaceManagerImpl_client( 1715): hasEnrolledFaces   res:-2
11-28 18:03:29.188 D/systemui_boost( 1563): notification panel visible=true
11-28 18:03:29.188 D/systemui_boost( 1563): ui thread tid=1715
11-28 18:03:29.188 D/systemui_boost( 1563): render thread tid=2121
11-28 18:03:29.188 D/systemui_boost( 1563): ui thread old priority=0
11-28 18:03:29.188 D/systemui_boost( 1563): render thread old priority=-4
11-28 18:03:29.188 D/systemui_boost( 1563): thread tid=1715, priority is set to -10
11-28 18:03:29.188 D/systemui_boost( 1563): thread tid=2121, priority is set to -10
11-28 18:03:29.188 D/systemui_boost( 1563): ui thread and render thread are boosted
11-28 18:03:29.191 I/KeyguardIndication( 1715): updateIndication: mVisible true mDozing false mTransientIndication null mPowerPluggedIn true mShouldUpdateBatteryIndication true mUpArrowIndication null
11-28 18:03:29.197 V/KeyguardSecurityModel( 1715): getSecurityMode security=65536
11-28 18:03:29.197 D/StatusBar( 1715): updatePublicMode() showingKeyguard=true,devicePublic=true
11-28 18:03:29.197 D/StatusBar( 1715): updateStackScrollerState() publicMode=true,isKeyguardShowing=true
11-28 18:03:29.201 D/StatusBar( 1715): disable<e i a s B H R C s > disable2<q i n g r >
11-28 18:03:29.202 V/KeyguardUpdateMonitor( 1715): startListeningForFingerprint()
11-28 18:03:29.204 D/MiuiKeyguardChargingContainer( 1715): resetViewsCollapseState: 
11-28 18:03:29.205 I/KeyguardIndication( 1715): updateIndication: mVisible true mDozing false mTransientIndication null mPowerPluggedIn true mShouldUpdateBatteryIndication true mUpArrowIndication 上滑解锁
11-28 18:03:29.205 D/EventBus( 1715): [1715, u0]  -> PowerUI [0x3771e9b, P1] onBusEvent(ScreenOnEvent)
11-28 18:03:29.206 D/PowerUI ( 1715): onBusEvent ScreenOnEvent
11-28 18:03:29.206 D/EventBus( 1715): [1715, u0] onBusEvent(ScreenOnEvent) duration: 54 microseconds, avg: 187
11-28 18:03:29.206 D/EventBus( 1715): [1715, u0]  -> StatusBar [0xe4e25f1, P1] onBusEvent(ScreenOnEvent)
11-28 18:03:29.206 D/EventBus( 1715): [1715, u0] onBusEvent(ScreenOnEvent) duration: 35 microseconds, avg: 187
11-28 18:03:29.284 W/BaseMiuiPhoneWindowManager( 1563): keyCode:26 down:false eventTime:103816095 downTime:103815902 policyFlags:22000000 flags:8 deviceId:3 isScreenOn:true keyguardActive:true repeatCount:0
11-28 18:03:29.286 W/ActivityManager( 1563): Sending non-protected broadcast android.intent.action.KEYCODE_POWER_UP from system 1563:system/1000 pkg android. Callers=com.android.server.am.ActivityManagerService.broadcastIntentLocked:20355 com.android.server.am.ActivityManagerService.broadcastIntent:20542 android.app.ContextImpl.sendBroadcastAsUser:1140 com.android.server.policy.BaseMiuiPhoneWindowManager$16.run:2294 android.os.Handler.handleCallback:794 
11-28 18:03:29.341 D/SurfaceControl( 1563): Excessive delay in setPowerMode()
11-28 18:03:29.342 D/KeyguardViewMediator( 1715): notifyScreenTurnedOn
11-28 18:03:29.342 W/PowerManagerService( 1563): Screen on took 250 ms
11-28 18:03:29.342 D/KeyguardViewMediator( 1715): handleNotifyScreenTurnedOn
11-28 18:03:29.344 D/KeyguardViewMediator( 1715): onFinishedWakingUp
11-28 18:03:29.647 I/zygote64( 1563): libdebuggerd_client: done dumping process 1691
11-28 18:03:29.647 I/zygote64( 1563): libdebuggerd_client: started dumping process 865
11-28 18:03:29.634 W/ActivityManager( 1563): type=1400 audit(0.0:8814): avc: denied { sys_resource } for capability=24 scontext=u:r:system_server:s0 tcontext=u:r:system_server:s0 tclass=capability permissive=0
11-28 18:03:29.650 I//system/bin/tombstoned(  886): registered intercept for pid 865 and type kDebuggerdNativeBacktrace
11-28 18:03:29.652 I//system/bin/tombstoned(  886): received crash request for pid 865
11-28 18:03:29.652 I//system/bin/tombstoned(  886): found intercept fd 512 for pid 865 and type kDebuggerdNativeBacktrace
11-28 18:03:29.704 I/zygote64( 1563): libdebuggerd_client: done dumping process 865
11-28 18:03:29.704 I/zygote64( 1563): libdebuggerd_client: started dumping process 593
11-28 18:03:29.706 I//system/bin/tombstoned(  886): registered intercept for pid 593 and type kDebuggerdNativeBacktrace
11-28 18:03:29.694 W/ActivityManager( 1563): type=1400 audit(0.0:8815): avc: denied { sys_resource } for capability=24 scontext=u:r:system_server:s0 tcontext=u:r:system_server:s0 tclass=capability permissive=0
11-28 18:03:29.707 I/libc    (  593): Requested dump for tid 593 (sensors@1.0-ser)
11-28 18:03:29.709 I/PowerCenterProvider( 2547): call METHOD_GET_BATTERY_INFO
11-28 18:03:29.711 D/BatteryHistoryLoadMgr( 2547): getHistoryInfo begin
11-28 18:03:29.712 I/WifiService( 1563): requestActivityInfo uid=1000
11-28 18:03:29.712 I/WifiService( 1563): reportActivityInfo uid=1000
11-28 18:03:29.712 I/WifiService( 1563): getSupportedFeatures uid=1000
11-28 18:03:29.721 E/BatteryExternalStatsWorker( 1563): no controller energy info supplied for wifi
11-28 18:03:29.760 W/WM-WorkSpec(30648): Interval duration lesser than minimum allowed value; Changed to 900000
11-28 18:03:29.782 I/crash_dump64(30742): obtaining output fd from tombstoned, type: kDebuggerdNativeBacktrace
11-28 18:03:29.782 I//system/bin/tombstoned(  886): received crash request for pid 593
11-28 18:03:29.782 I//system/bin/tombstoned(  886): found intercept fd 512 for pid 593 and type kDebuggerdNativeBacktrace
11-28 18:03:29.783 I/crash_dump64(30742): performing dump of process 593 (target tid = 593)
11-28 18:03:29.789 D/CompatibilityInfo( 1563): mCompatibilityFlags - 0
11-28 18:03:29.789 D/CompatibilityInfo( 1563): applicationDensity - 320
11-28 18:03:29.789 D/CompatibilityInfo( 1563): applicationScale - 1.0
11-28 18:03:29.797 D/BatteryHistoryLoadMgr( 2547): getHistoryInfo end
11-28 18:03:29.799 I/PowerUtils( 2547): use feature battery typ capacity
11-28 18:03:29.800 I/PowerUtils( 2547): use feature battery typ capacity
11-28 18:03:29.802 W/BatteryChargeTimeHelper( 2547): Use max, leftChargeTime 40m43s570ms maxChargeTime 35m12s
11-28 18:03:29.804 W/WM-WorkSpec(30648): Interval duration lesser than minimum allowed value; Changed to 900000
11-28 18:03:29.811 I/PowerUtils( 2547): use feature battery typ capacity
11-28 18:03:29.812 I/PowerUtils( 2547): use feature battery typ capacity
11-28 18:03:29.814 I/BatteryChargeTimeHelper( 2547): Left charge time, 0.08 35m12s
11-28 18:03:29.815 I/PowerUtils( 2547): use feature battery typ capacity
11-28 18:03:29.816 I/BatteryLeftUsageTime( 2547): use history time
11-28 18:03:29.818 I/PowerUtils( 2547): has feature phone typ: false
11-28 18:03:29.819 I/PowerCenterProvider( 2547): call METHOD_GET_POWER_SUPPLY_INFO, quick_charge:false
11-28 18:03:29.843 D/cactus  (30648): CactusWorker-isServiceRunningtrue
11-28 18:03:29.853 I/WM-WorkerWrapper(30648): Worker result SUCCESS for Work [ id=4242097f-698d-48df-9e8a-884d50a0725f, tags={ cactus, com.gyf.cactus.workmanager.CactusWorker } ]
11-28 18:03:29.920 I/zygote64( 1563): libdebuggerd_client: done dumping process 593
11-28 18:03:29.920 I/zygote64( 1563): libdebuggerd_client: started dumping process 580
11-28 18:03:29.921 I//system/bin/tombstoned(  886): registered intercept for pid 580 and type kDebuggerdNativeBacktrace
11-28 18:03:29.914 W/ActivityManager( 1563): type=1400 audit(0.0:8816): avc: denied { sys_resource } for capability=24 scontext=u:r:system_server:s0 tcontext=u:r:system_server:s0 tclass=capability permissive=0
11-28 18:03:29.922 I/libc    (  580): Requested dump for tid 580 (composer@2.1-se)
11-28 18:03:29.949 I/crash_dump64(30746): obtaining output fd from tombstoned, type: kDebuggerdNativeBacktrace
11-28 18:03:29.949 I//system/bin/tombstoned(  886): received crash request for pid 580
11-28 18:03:29.950 I//system/bin/tombstoned(  886): found intercept fd 512 for pid 580 and type kDebuggerdNativeBacktrace
11-28 18:03:29.950 I/crash_dump64(30746): performing dump of process 580 (target tid = 580)
11-28 18:03:29.990 I/zygote64( 1563): libdebuggerd_client: done dumping process 580
11-28 18:03:29.990 I/zygote64( 1563): libdebuggerd_client: started dumping process 570
11-28 18:03:29.984 W/ActivityManager( 1563): type=1400 audit(0.0:8817): avc: denied { sys_resource } for capability=24 scontext=u:r:system_server:s0 tcontext=u:r:system_server:s0 tclass=capability permissive=0
11-28 18:03:29.992 I//system/bin/tombstoned(  886): registered intercept for pid 570 and type kDebuggerdNativeBacktrace
11-28 18:03:29.993 I/libc    (  570): Requested dump for tid 570 (audio@2.0-servi)
11-28 18:03:30.022 I/crash_dump32(30749): obtaining output fd from tombstoned, type: kDebuggerdNativeBacktrace
11-28 18:03:30.023 I//system/bin/tombstoned(  886): received crash request for pid 570
11-28 18:03:30.023 I//system/bin/tombstoned(  886): found intercept fd 512 for pid 570 and type kDebuggerdNativeBacktrace
11-28 18:03:30.023 I/crash_dump32(30749): performing dump of process 570 (target tid = 570)
11-28 18:03:30.062 I/zygote64( 1563): libdebuggerd_client: done dumping process 570
11-28 18:03:30.062 I/zygote64( 1563): libdebuggerd_client: started dumping process 571
11-28 18:03:30.054 W/ActivityManager( 1563): type=1400 audit(0.0:8818): avc: denied { sys_resource } for capability=24 scontext=u:r:system_server:s0 tcontext=u:r:system_server:s0 tclass=capability permissive=0
11-28 18:03:30.065 I//system/bin/tombstoned(  886): registered intercept for pid 571 and type kDebuggerdNativeBacktrace
11-28 18:03:30.065 I/libc    (  571): Requested dump for tid 571 (bluetooth@1.0-s)
11-28 18:03:30.087 I/crash_dump64(30752): obtaining output fd from tombstoned, type: kDebuggerdNativeBacktrace
11-28 18:03:30.087 I//system/bin/tombstoned(  886): received crash request for pid 571
11-28 18:03:30.088 I//system/bin/tombstoned(  886): found intercept fd 512 for pid 571 and type kDebuggerdNativeBacktrace
11-28 18:03:30.088 I/crash_dump64(30752): performing dump of process 571 (target tid = 571)
11-28 18:03:30.100 I/zygote64( 1563): libdebuggerd_client: done dumping process 571
11-28 18:03:30.100 I/zygote64( 1563): libdebuggerd_client: started dumping process 572
11-28 18:03:30.094 W/ActivityManager( 1563): type=1400 audit(0.0:8819): avc: denied { sys_resource } for capability=24 scontext=u:r:system_server:s0 tcontext=u:r:system_server:s0 tclass=capability permissive=0
11-28 18:03:30.101 I//system/bin/tombstoned(  886): registered intercept for pid 572 and type kDebuggerdNativeBacktrace
11-28 18:03:30.102 I/libc    (  572): Requested dump for tid 572 (provider@2.4-se)
11-28 18:03:30.139 I/crash_dump32(30755): obtaining output fd from tombstoned, type: kDebuggerdNativeBacktrace
11-28 18:03:30.140 I//system/bin/tombstoned(  886): received crash request for pid 572
11-28 18:03:30.140 I//system/bin/tombstoned(  886): found intercept fd 512 for pid 572 and type kDebuggerdNativeBacktrace
11-28 18:03:30.141 I/crash_dump32(30755): performing dump of process 572 (target tid = 572)
11-28 18:03:30.174 I/zygote64( 1563): libdebuggerd_client: done dumping process 572
11-28 18:03:30.174 I/zygote64( 1563): libdebuggerd_client: started dumping process 29818
11-28 18:03:30.164 W/ActivityManager( 1563): type=1400 audit(0.0:8820): avc: denied { sys_resource } for capability=24 scontext=u:r:system_server:s0 tcontext=u:r:system_server:s0 tclass=capability permissive=0
11-28 18:03:30.175 I//system/bin/tombstoned(  886): registered intercept for pid 29818 and type kDebuggerdJavaBacktrace
11-28 18:03:30.175 I/zygote64(29818): Thread[3,tid=29824,WaitingInMainSignalCatcherLoop,Thread*=0x703ed1e000,peer=0x1c140240,"Signal Catcher"]: reacting to signal 3
11-28 18:03:30.176 I/zygote64(29818): 
11-28 18:03:30.246 I//system/bin/tombstoned(  886): received crash request for pid 29818
11-28 18:03:30.246 I//system/bin/tombstoned(  886): found intercept fd 512 for pid 29818 and type kDebuggerdJavaBacktrace
11-28 18:03:30.246 I/zygote64(29818): Wrote stack traces to '[tombstoned]'
11-28 18:03:30.247 I/zygote64( 1563): libdebuggerd_client: done dumping process 29818
11-28 18:03:30.249 E/ActivityManager( 1563): ANR in com.test.readsms
11-28 18:03:30.249 E/ActivityManager( 1563): PID: 30648
11-28 18:03:30.249 E/ActivityManager( 1563): Reason: Context.startForegroundService() did not then call Service.startForeground(): ServiceRecord{a282eab u0 com.test.readsms/.service.SMSService}
11-28 18:03:30.249 E/ActivityManager( 1563): Load: 6.84 / 5.57 / 5.06
11-28 18:03:30.249 E/ActivityManager( 1563): CPU usage from 8665ms to 0ms ago (2019-11-28 18:03:17.130 to 2019-11-28 18:03:25.794):
11-28 18:03:30.249 E/ActivityManager( 1563):   67% 1563/system_server: 58% user + 9.9% kernel / faults: 9988 minor 4 major
11-28 18:03:30.249 E/ActivityManager( 1563):   22% 1715/com.android.systemui: 18% user + 4.7% kernel / faults: 5808 minor 10 major
11-28 18:03:30.249 E/ActivityManager( 1563):   9.2% 614/surfaceflinger: 5.1% user + 4% kernel / faults: 1301 minor
11-28 18:03:30.249 E/ActivityManager( 1563):   4.2% 580/android.hardware.graphics.composer@2.1-service: 2.5% user + 1.7% kernel / faults: 815 minor
11-28 18:03:30.249 E/ActivityManager( 1563):   3.9% 2480/adbd: 1.7% user + 2.1% kernel / faults: 1334 minor
11-28 18:03:30.249 E/ActivityManager( 1563):   3.8% 453/logd: 2.5% user + 1.2% kernel / faults: 52 minor
11-28 18:03:30.249 E/ActivityManager( 1563):   3.1% 22600/com.miui.home: 2.4% user + 0.6% kernel / faults: 2051 minor
11-28 18:03:30.249 E/ActivityManager( 1563):   2.5% 297/irq/72-fts_ts: 0% user + 2.5% kernel
11-28 18:03:30.249 E/ActivityManager( 1563):   1.3% 28210/com.test.readsms:cactusRemoteService: 1% user + 0.3% kernel / faults: 606 minor
11-28 18:03:30.249 E/ActivityManager( 1563):   1.2% 851/audioserver: 0.5% user + 0.6% kernel / faults: 20 minor
11-28 18:03:30.249 E/ActivityManager( 1563):   1.2% 4311/com.google.android.gms: 0.6% user + 0.5% kernel / faults: 228 minor 2 major
11-28 18:03:30.249 E/ActivityManager( 1563):   1.1% 593/android.hardware.sensors@1.0-service: 0.3% user + 0.8% kernel / faults: 186 minor
11-28 18:03:30.249 E/ActivityManager( 1563):   0.7% 21706/com.xiaomi.market: 0.5% user + 0.1% kernel / faults: 1332 minor 34 major
11-28 18:03:30.249 E/ActivityManager( 1563):   1.1% 26071/kworker/u16:3: 0% user + 1.1% kernel
11-28 18:03:30.249 E/ActivityManager( 1563):   1.1% 29818/com.miui.analytics: 0.9% user + 0.2% kernel / faults: 410 minor
11-28 18:03:30.249 E/ActivityManager( 1563):   1% 2485/mcd: 0.8% user + 0.2% kernel / faults: 14 minor
11-28 18:03:30.249 E/ActivityManager( 1563):   0.9% 30417/mdss_fb0: 0% user + 0.9% kernel
11-28 18:03:30.249 E/ActivityManager( 1563):   0.8% 2547/com.miui.securitycenter.remote: 0.5% user + 0.2% kernel / faults: 884 minor
11-28 18:03:30.249 E/ActivityManager( 1563):   0.8% 30408/kworker/u16:9: 0% user + 0.8% kernel
11-28 18:03:30.249 E/ActivityManager( 1563):   0.6% 258/kgsl_worker_thr: 0% user + 0.6% kernel
11-28 18:03:30.249 E/ActivityManager( 1563):   0.5% 454/servicemanager: 0.2% user + 0.3% kernel / faults: 132 minor
11-28 18:03:30.249 E/ActivityManager( 1563):   0.5% 3821/com.miui.powerkeeper: 0.4% user + 0.1% kernel / faults: 96 minor 2 major
11-28 18:03:30.249 E/ActivityManager( 1563):   0.5% 24255/com.google.android.gms.persistent: 0.3% user + 0.2% kernel / faults: 49 minor
11-28 18:03:30.249 E/ActivityManager( 1563):   0.5% 30150/logcat: 0.1% user + 0.4% kernel / faults: 20 minor
