--------- beginning of main
11-28 18:02:42.867 W/AlertController( 1563): dialog has already been dismissed, disregard message process
11-28 18:02:43.057 D/StatusBar( 1715): disable<e i a s b h r c s > disable2<q i n g r >
11-28 18:02:43.060 D/PhoneStatusBar/NavigationBarView( 1715): setDisabledFlags back:false home:false recent:false
11-28 18:02:43.148 D/PowerKeeper.Event( 3821): notifyAMCrash packageName: 0, pid:29884
11-28 18:02:43.148 I/octvm_klo( 2485): klo lock
--------- beginning of system
11-28 18:02:43.152 W/ActivityManager( 1563):   Force finishing activity com.test.readsms/.MainActivity
11-28 18:02:43.164 D/ActivityTrigger( 1563): ActivityTrigger activityPauseTrigger 
11-28 18:02:43.165 D/Launcher(22600): get showing item successandroid.graphics.Bitmap@cd07407
11-28 18:02:43.168 I/OpenGLRenderer( 1563): Initialized EGL, version 1.4
11-28 18:02:43.169 D/OpenGLRenderer( 1563): Swap behavior 2
11-28 18:02:43.175 I/octvm_klo( 2485): get wanted event[mask:128, name:data_app_crash@1574935363168.txt] from the watchset
11-28 18:02:43.175 I/octvm_klo( 2485): start gathering logcat log...
11-28 18:02:43.210 D/CompatibilityInfo( 1563): mCompatibilityFlags - 10
11-28 18:02:43.210 D/CompatibilityInfo( 1563): applicationDensity - 320
11-28 18:02:43.210 D/CompatibilityInfo( 1563): applicationScale - 1.0
11-28 18:02:43.214 I/Process (29884): Sending signal. PID: 29884 SIG: 9
11-28 18:02:43.217 D/CompatibilityInfo( 1563): mCompatibilityFlags - 10
11-28 18:02:43.217 D/CompatibilityInfo( 1563): applicationDensity - 320
11-28 18:02:43.218 D/CompatibilityInfo( 1563): applicationScale - 1.0
11-28 18:02:43.244 W/Binder:851_2(  851): type=1400 audit(0.0:8737): avc: denied { write } for name="logd" dev="tmpfs" ino=12216 scontext=u:r:audioserver:s0 tcontext=u:object_r:logd_socket:s0 tclass=sock_file permissive=0
11-28 18:02:43.254 W/zygote64( 1563): kill(-29884, 9) failed: No such process
11-28 18:02:43.254 D/NuPlayerDriver(  860): reset(0xf239d230) at state 4
11-28 18:02:43.254 D/NuPlayerDriver(  860): notifyListener_l(0xf239d230), (8, 0, 0, -1), loop setting(0, 0)
11-28 18:02:43.255 W/ActivityManager( 1563): Scheduling restart of crashed service com.test.readsms/com.gyf.cactus.service.CactusJobService in 25200000ms
11-28 18:02:43.255 W/ActivityManager( 1563): Scheduling restart of crashed service com.test.readsms/com.gyf.cactus.service.LocalService in 1000ms
11-28 18:02:43.255 D/PowerKeeper.Event( 3821): notifyAMProcDied pacakageName: com.test.readsms, pid:29884
11-28 18:02:43.255 W/AMessage(  860): failed to post message as target looper for handler 0 is gone.
11-28 18:02:43.256 D/NuPlayerDriver(  860): notifyResetComplete(0xf239d230)
11-28 18:02:43.257 W/MediaAnalyticsItem(  858): Unable to record: (extractor:0:-1:-11:0:3:android.media.mediaextractor.fmt=<unspecified>:android.media.mediaextractor.ntrk=1:android.media.mediaextractor.mime=audio/x-wav:) [forcenew=0]
11-28 18:02:43.259 W/zygote64( 1563): kill(-29884, 9) failed: No such process
11-28 18:02:43.263 D/ActivityTrigger( 1563): activityResumeTrigger: The activity in ApplicationInfo{f43320f com.miui.home} is now in focus and seems to be in full-screen mode
11-28 18:02:43.263 E/ActivityTrigger( 1563): activityResumeTrigger: not whiteListedcom.miui.home/com.miui.home.launcher.Launcher/41301316
11-28 18:02:43.264 E/ANDR-PERF-MPCTL(  868): Invalid profile no. 0, total profiles 0 only
11-28 18:02:43.265 W/zygote64( 1563): kill(-29884, 9) failed: No such process
11-28 18:02:43.271 D/GameBoosterService( 2547): onGameStatusChange foreground:ForegroundInfo{mForegroundPackageName='com.miui.home', mForegroundUid=10022, mForegroundPid=22600, mLastForegroundPackageName='com.test.readsms', mLastForegroundUid=10153, mLastForegroundPid=29884, mMultiWindowForegroundPackageName='null', mMultiWindowForegroundUid=-1, mFlags=0}
11-28 18:02:43.271 W/zygote64( 1563): kill(-29884, 9) failed: No such process
11-28 18:02:43.271 I/zygote64( 1563): Successfully killed process cgroup uid 10153 pid 29884 in 17ms
11-28 18:02:43.271 I/octvm_power( 2485): power mode [home] start 1574935363
11-28 18:02:43.272 I/octvm_power( 2485): Action: set_bcbc_cust_state(disable) for [foreground_change]
11-28 18:02:43.272 I/octvm_drv( 2485): common drv: platform_set_bcbc_cust_state -> platform not support
11-28 18:02:43.272 I/octvm_power( 2485): Action: set_lcd_mode(default) for [foreground_change]
11-28 18:02:43.272 I/octvm_drv( 2485): common drv: platform_set_lcd_mode -> platform not support
11-28 18:02:43.272 I/octvm_power( 2485): Action: set_thermal_config(restore) for [foreground_change]
11-28 18:02:43.272 I/octvm_drv( 2485): common drv: platform_set_thermal_mode -> platform not support
11-28 18:02:43.272 I/octvm_power( 2485): onPowerModeChanged[home] called
11-28 18:02:43.277 W/ActivityManager( 1563): setHasOverlayUi called on unknown pid: 29884
11-28 18:02:43.293 D/PowerKeeper.Event( 3821): notifyAMProcStart processName: 10153 reason: com.test.readsms, pid:0
11-28 18:02:43.294 D/Launcher.Lifecycle(22600): onStart:UserHandle{0},b53059,false
11-28 18:02:43.297 D/Launcher.Lifecycle(22600): onResume:UserHandle{0},b53059,false
11-28 18:02:43.298 I/RenderThread(22600): RenderThread resumed
11-28 18:02:43.298 D/Launcher(22600): disableStatusBarClock:false
11-28 18:02:43.298 I/RenderThread(22600): All controllers paused.
11-28 18:02:43.298 I/RenderThread(22600): RenderThread paused, waiting for signal
11-28 18:02:43.298 D/Launcher.XOutUtils(22600): canRecommendScreenShow, isShowXout=false
11-28 18:02:43.299 D/Launcher.RecommendController(22600): don't request, because recommend screen can't show
11-28 18:02:43.299 D/Launcher.RecommendController(22600): folder display and try to request recommend list
11-28 18:02:43.299 D/Launcher_WallpaperUtils(22600): adapterHomeToWallpaperAsync in launcher resume
11-28 18:02:43.299 D/hybrid  (22600): onVisibilityChanged visible=true
11-28 18:02:43.299 I/zygote64(30026): Late-enabling -Xcheck:jni
11-28 18:02:43.299 D/hybrid  (22600): onVisibilityChanged visible=true
11-28 18:02:43.303 W/CustomVerticalSwitcher(22600): startFlipping is not in minusScreen!
11-28 18:02:43.314 D/CacheProvider(29644): openFile: /data/user/0/com.miui.hybrid/app_resource/com.miui.assistant.card.quickapp.mi/assets/images/commuting/ic_home.png
11-28 18:02:43.315 D/StatusBar( 1715): recevie broadbcast ACTION_APPLICATION_MESSAGE_QUERY, requestFirstTime=false
11-28 18:02:43.335 W/zygote64(30026): miui_dex2oat: DeoptimizeBootImage: patch entry points of methods in boot image to interpreter bridge
11-28 18:02:43.341 D/Launcher.Lifecycle(22600): onWindowFocusChanged:true,UserHandle{0},b53059,false
11-28 18:02:43.354 D/StatusBar( 1715): disable<e i a s b h r c s > disable2<q i n g r >
11-28 18:02:43.355 D/PhoneStatusBar/NavigationBarView( 1715): setDisabledFlags back:false home:false recent:false
11-28 18:02:43.366 I/WifiService( 1563): getConnectionInfo uid=10137
11-28 18:02:43.379 D/CompatibilityInfo( 1563): mCompatibilityFlags - 0
11-28 18:02:43.379 D/CompatibilityInfo( 1563): applicationDensity - 320
11-28 18:02:43.379 D/CompatibilityInfo( 1563): applicationScale - 1.0
11-28 18:02:43.383 D/CompatibilityInfo( 1563): mCompatibilityFlags - 0
11-28 18:02:43.383 D/CompatibilityInfo( 1563): applicationDensity - 320
11-28 18:02:43.383 D/CompatibilityInfo( 1563): applicationScale - 1.0
11-28 18:02:43.384 W/ActivityManager( 1563): Error showing notification for service
11-28 18:02:43.384 W/ActivityManager( 1563): java.lang.RuntimeException: invalid channel for service notification: Notification(channel=Cactus pri=-2 contentView=null vibrate=null sound=null defaults=0x0 flags=0x72 color=0x00000000 vis=PRIVATE)
11-28 18:02:43.384 W/ActivityManager( 1563): 	at com.android.server.am.ServiceRecord$1.run(ServiceRecord.java:555)
11-28 18:02:43.384 W/ActivityManager( 1563): 	at android.os.Handler.handleCallback(Handler.java:794)
11-28 18:02:43.384 W/ActivityManager( 1563): 	at android.os.Handler.dispatchMessage(Handler.java:99)
11-28 18:02:43.384 W/ActivityManager( 1563): 	at android.os.Looper.loop(Looper.java:176)
11-28 18:02:43.384 W/ActivityManager( 1563): 	at android.os.HandlerThread.run(HandlerThread.java:65)
11-28 18:02:43.384 W/ActivityManager( 1563): 	at com.android.server.ServiceThread.run(ServiceThread.java:46)
11-28 18:02:43.389 W/ActivityManager( 1563): Scheduling restart of crashed service com.test.readsms/com.gyf.cactus.service.CactusJobService in 1000ms
11-28 18:02:43.407 W/zygote64(30026): miui_dex2oat:　OatFile: /data/app/com.test.readsms-tl5OWtxaSWblC0A2BJJFnQ==/oat/arm64/base.odex Compiler-Filter = quicken
11-28 18:02:43.413 W/ResourceType(30026): No package identifier when getting name for resource number 0x00000000
11-28 18:02:43.603 I/octvm_klo( 2485): gathering logcat log done
11-28 18:02:43.604 I/octvm_klo( 2485): klo unlock
11-28 18:02:43.641 E/Launcher(22600): changeViewByFsGestureState,  view=FitSystemWindowView,  alpha=1.0,  scale=1.0
11-28 18:02:43.642 E/Launcher(22600): changeViewByFsGestureState,  view=ShortcutMenuLayer,  alpha=1.0,  scale=1.0
11-28 18:02:43.647 I/SA.SensorsDataAPI(30026): Initialized the instance of Sensors Analytics SDK with server url 'https://sdktest.datasink.sensorsdata.cn/sa?project=yangzhankun&token=21f2e56df73988c7', flush interval 15000 ms, debugMode: DEBUG_OFF
11-28 18:02:43.652 D/EventBus( 1715): [1715, u0] send(AppTransitionFinishedEvent)
11-28 18:02:43.653 D/EventBus( 1715): [1715, u0]  -> ForcedResizableInfoActivityController [0x7200de6, P1] onBusEvent(AppTransitionFinishedEvent)
11-28 18:02:43.653 D/EventBus( 1715): [1715, u0] onBusEvent(AppTransitionFinishedEvent) duration: 24 microseconds, avg: 187
11-28 18:02:43.729 D/Launcher_WallpaperManagerCompatVOMR1(22600): getWallpaperColorMode, staticWallpaperColorMode=0
11-28 18:02:43.730 D/Launcher_WallpaperManagerCompatVOMR1(22600): getStatusBarColorMode, statusBarRect=Rect(0, 0 - 720, 40)
11-28 18:02:43.791 I/zygote64(30026): Do partial code cache collection, code=30KB, data=20KB
11-28 18:02:43.791 I/zygote64(30026): After code cache collection, code=30KB, data=20KB
11-28 18:02:43.791 I/zygote64(30026): Increasing code cache capacity to 128KB
11-28 18:02:43.848 W/ADebug  (30046): Failed to get property persist.sys.media.traces
11-28 18:02:43.867 D/CompatibilityInfo( 1563): mCompatibilityFlags - 0
11-28 18:02:43.867 D/CompatibilityInfo( 1563): applicationDensity - 320
11-28 18:02:43.867 D/CompatibilityInfo( 1563): applicationScale - 1.0
11-28 18:02:43.869 W/ActivityManager( 1563): Error showing notification for service
11-28 18:02:43.869 W/ActivityManager( 1563): java.lang.RuntimeException: invalid channel for service notification: Notification(channel=Cactus pri=-2 contentView=null vibrate=null sound=null defaults=0x0 flags=0x72 color=0x00000000 vis=PRIVATE)
11-28 18:02:43.869 W/ActivityManager( 1563): 	at com.android.server.am.ServiceRecord$1.run(ServiceRecord.java:555)
11-28 18:02:43.869 W/ActivityManager( 1563): 	at android.os.Handler.handleCallback(Handler.java:794)
11-28 18:02:43.869 W/ActivityManager( 1563): 	at android.os.Handler.dispatchMessage(Handler.java:99)
11-28 18:02:43.869 W/ActivityManager( 1563): 	at android.os.Looper.loop(Looper.java:176)
11-28 18:02:43.869 W/ActivityManager( 1563): 	at android.os.HandlerThread.run(HandlerThread.java:65)
11-28 18:02:43.869 W/ActivityManager( 1563): 	at com.android.server.ServiceThread.run(ServiceThread.java:46)
11-28 18:02:43.873 I/SSS...  (30026): ------主进程----> com.test.readsms
11-28 18:02:43.876 D/CompatibilityInfo( 1563): mCompatibilityFlags - 0
11-28 18:02:43.876 D/CompatibilityInfo( 1563): applicationDensity - 320
11-28 18:02:43.876 D/CompatibilityInfo( 1563): applicationScale - 1.0
11-28 18:02:43.881 D/AndroidRuntime(30046): >>>>>> START com.android.internal.os.RuntimeInit uid 2000 <<<<<<
11-28 18:02:43.890 D/cactus  (30026): LocalService is run >>>> do work times = 12
11-28 18:02:43.905 D/OpenGLRenderer(30026): HWUI GL Pipeline
11-28 18:02:43.907 D/NuPlayerDriver(  860): NuPlayerDriver(0xf239d230) created, clientPid(30026)
11-28 18:02:43.910 I/ExtendedNuUtils(  860): printFileName fd(8) -> /data/app/com.test.readsms-tl5OWtxaSWblC0A2BJJFnQ==/base.apk
11-28 18:02:43.916 D/GenericSource(  860): FileSource remote
11-28 18:02:43.917 E/NotificationService( 1563): Suppressing notification from package by user request.
11-28 18:02:43.920 I/ExtendedExtractor(  858): QTIParser is prefered .. flags 2
11-28 18:02:43.920 D/MMParserExtractor(  858): setExtraFlags called with flags 2 for paser instance 8c62c6e0
11-28 18:02:43.920 D/MMParserExtractor(  858): using bigger parser buffers
11-28 18:02:43.920 I/ExtendedExtractor(  858): ExtendedExtractor::create 0x7a8c62c6e0
11-28 18:02:43.922 E/MediaExtractor(  860): Trace connect 0xf238fe20 0xf0603000
11-28 18:02:43.927 D/ThermalEngine(  835): sensor_wait: xo_therm Wait done.
11-28 18:02:43.928 D/ThermalEngine(  835): sensor_monitor: xo_therm Reading 33000 .
11-28 18:02:43.928 I/ThermalEngine(  835): Sensor:xo_therm:33000 mC
11-28 18:02:43.928 D/ThermalEngine(  835): update_active_thresh: xo_therm Active(1), Hi(1) 39000, Lo(0) -2147483648, desc(0) Interval(1) 10000
11-28 18:02:43.928 D/ThermalEngine(  835): sensor_monitor: xo_therm Sensor wait.
11-28 18:02:43.928 D/ThermalEngine(  835): sensor_wait: xo_therm Wait start. 10000ms
11-28 18:02:43.929 I/StatusBar( 1715): onNotificationPosted key:0|com.test.readsms|1995910363|null|10153 isUpdate:false
11-28 18:02:43.929 I/StatusBar( 1715): handleNotification key:0|com.test.readsms|1995910363|null|10153 isUpdate:false
11-28 18:02:43.930 D/AndroidRuntime(30026): Shutting down VM
11-28 18:02:43.930 D/StatusBar( 1715): addNotification key=0|com.test.readsms|1995910363|null|10153
11-28 18:02:43.930 D/NuPlayerDriver(  860): notifyListener_l(0xf239d230), (1, 0, 0, -1), loop setting(0, 0)
--------- beginning of crash
11-28 18:02:43.931 E/AndroidRuntime(30026): FATAL EXCEPTION: main
11-28 18:02:43.931 E/AndroidRuntime(30026): Process: com.test.readsms, PID: 30026
11-28 18:02:43.931 E/AndroidRuntime(30026): android.app.RemoteServiceException: Bad notification for startForeground: java.lang.RuntimeException: invalid channel for service notification: Notification(channel=Cactus pri=-2 contentView=null vibrate=null sound=null defaults=0x0 flags=0x72 color=0x00000000 vis=PRIVATE)
11-28 18:02:43.931 E/AndroidRuntime(30026): 	at android.app.ActivityThread$H.handleMessage(ActivityThread.java:1797)
11-28 18:02:43.931 E/AndroidRuntime(30026): 	at android.os.Handler.dispatchMessage(Handler.java:106)
11-28 18:02:43.931 E/AndroidRuntime(30026): 	at android.os.Looper.loop(Looper.java:176)
11-28 18:02:43.931 E/AndroidRuntime(30026): 	at android.app.ActivityThread.main(ActivityThread.java:6651)
11-28 18:02:43.931 E/AndroidRuntime(30026): 	at java.lang.reflect.Method.invoke(Native Method)
11-28 18:02:43.931 E/AndroidRuntime(30026): 	at com.android.internal.os.RuntimeInit$MethodAndArgsCaller.run(RuntimeInit.java:547)
11-28 18:02:43.931 E/AndroidRuntime(30026): 	at com.android.internal.os.ZygoteInit.main(ZygoteInit.java:824)
11-28 18:02:43.931 V/c       ( 2547): onNotificationPostedCallBack:StatusBarNotification(pkg=com.test.readsms user=UserHandle{0} id=1995910363 tag=null key=0|com.test.readsms|1995910363|null|10153: Notification(channel=Cactus pri=-2 contentView=null vibrate=null sound=null defaults=0x0 flags=0x72 color=0x00000000 vis=PRIVATE))
11-28 18:02:43.932 V/onNotificationPostedCallBack( 2547): flags=114
11-28 18:02:43.933 V/c       ( 2547): ret=0
11-28 18:02:43.936 D/StatusBar( 1715): No peeking: unimportant notification: 0|com.test.readsms|1995910363|null|10153
11-28 18:02:43.936 I/StatusBar( 1715): addNotification isHeadsUped:false
11-28 18:02:43.936 I/StatusBar( 1715): addNotification key=0|com.test.readsms|1995910363|null|10153
11-28 18:02:43.946 I/SSS..App(30026): ----- Cactus doWork  ----- 
11-28 18:02:43.971 D/cactus  (28210): RemoteService is run
11-28 18:02:43.987 D/IconCustomizer( 1715): Content Ratio = 1.375
11-28 18:02:43.997 D/StatusBar( 1715): No peeking: unimportant notification: 0|com.test.readsms|1995910363|null|10153
11-28 18:02:44.012 W/View    ( 1715): requestLayout() improperly called by android.widget.DateTimeView{9378732 V.ED..... ......ID 459,3-544,32 #1020341 android:id/notification_time} during layout: running second layout pass
11-28 18:02:44.012 W/View    ( 1715): requestLayout() improperly called by android.view.NotificationHeaderView{8157f1e V.E...... R.....I. 0,0-0,0 #1020336 android:id/notification_header} during layout: running second layout pass
11-28 18:02:44.088 I/app_process(30046): The ClassLoaderContext is a special shared library.
11-28 18:02:44.088 W/app_process(30046): miui_dex2oat:　OatFile: /system/framework/oat/arm64/pm.odex Compiler-Filter = quicken
11-28 18:02:44.145 D/AndroidRuntime(30046): Calling main entry com.android.commands.pm.Pm
11-28 18:02:44.212 W/MessageQueue(30046): Handler (android.os.Handler) {eb16b60} sending message to a Handler on a dead thread
11-28 18:02:44.212 W/MessageQueue(30046): java.lang.IllegalStateException: Handler (android.os.Handler) {eb16b60} sending message to a Handler on a dead thread
11-28 18:02:44.212 W/MessageQueue(30046): 	at android.os.MessageQueue.enqueueMessage(MessageQueue.java:551)
11-28 18:02:44.212 W/MessageQueue(30046): 	at android.os.Handler.enqueueMessage(Handler.java:666)
11-28 18:02:44.212 W/MessageQueue(30046): 	at android.os.Handler.sendMessageAtTime(Handler.java:631)
11-28 18:02:44.212 W/MessageQueue(30046): 	at android.os.Handler.sendMessageDelayed(Handler.java:601)
11-28 18:02:44.212 W/MessageQueue(30046): 	at android.os.Handler.post(Handler.java:357)
11-28 18:02:44.212 W/MessageQueue(30046): 	at android.os.ResultReceiver$MyResultReceiver.send(ResultReceiver.java:57)
11-28 18:02:44.212 W/MessageQueue(30046): 	at com.android.internal.os.IResultReceiver$Stub.onTransact(IResultReceiver.java:58)
11-28 18:02:44.212 W/MessageQueue(30046): 	at android.os.Binder.execTransact(Binder.java:704)
11-28 18:02:44.212 I/app_process(30046): System.exit called, status: 0
11-28 18:02:44.212 I/AndroidRuntime(30046): VM exiting with result code 0.
11-28 18:02:44.276 I/SA.SensorsDataAPI(30026): track event:
11-28 18:02:44.276 I/SA.SensorsDataAPI(30026): {
11-28 18:02:44.276 I/SA.SensorsDataAPI(30026): 	"_track_id":-1166446008,
11-28 18:02:44.276 I/SA.SensorsDataAPI(30026): 	"time":1574935364224,
11-28 18:02:44.276 I/SA.SensorsDataAPI(30026): 	"type":"track",
11-28 18:02:44.276 I/SA.SensorsDataAPI(30026): 	"distinct_id":"a8753723dc9a51f0",
11-28 18:02:44.276 I/SA.SensorsDataAPI(30026): 	"lib":{
11-28 18:02:44.276 I/SA.SensorsDataAPI(30026): 		"$lib":"Android",
11-28 18:02:44.276 I/SA.SensorsDataAPI(30026): 		"$lib_version":"3.2.7",
11-28 18:02:44.276 I/SA.SensorsDataAPI(30026): 		"$app_version":"1.0",
11-28 18:02:44.276 I/SA.SensorsDataAPI(30026): 		"$lib_method":"code",
11-28 18:02:44.276 I/SA.SensorsDataAPI(30026): 		"$lib_detail":"com.sensorsdata.analytics.android.sdk.SensorsDataAPI##trackEvent##SensorsDataAPI.java##3069"
11-28 18:02:44.276 I/SA.SensorsDataAPI(30026): 	},
11-28 18:02:44.276 I/SA.SensorsDataAPI(30026): 	"event":"AppCrashed",
11-28 18:02:44.276 I/SA.SensorsDataAPI(30026): 	"properties":{
11-28 18:02:44.276 I/SA.SensorsDataAPI(30026): 		"$lib":"Android",
11-28 18:02:44.276 I/SA.SensorsDataAPI(30026): 		"$carrier":"中国联通",
11-28 18:02:44.276 I/SA.SensorsDataAPI(30026): 		"$os_version":"8.1.0",
11-28 18:02:44.276 I/SA.SensorsDataAPI(30026): 		"$device_id":"a8753723dc9a51f0",
11-28 18:02:44.276 I/SA.SensorsDataAPI(30026): 		"$lib_version":"3.2.7",
11-28 18:02:44.276 I/SA.SensorsDataAPI(30026): 		"$model":"Redmi 5",
11-28 18:02:44.276 I/SA.SensorsDataAPI(30026): 		"$os":"Android",
11-28 18:02:44.276 I/SA.SensorsDataAPI(30026): 		"$screen_width":720,
11-28 18:02:44.276 I/SA.SensorsDataAPI(30026): 		"$screen_height":1440,
11-28 18:02:44.276 I/SA.SensorsDataAPI(30026): 		"$manufacturer":"Xiaomi",
11-28 18:02:44.276 I/SA.SensorsDataAPI(30026): 		"$app_version":"1.0",
11-28 18:02:44.276 I/SA.SensorsDataAPI(30026): 		"$wifi":true,
11-28 18:02:44.276 I/SA.SensorsDataAPI(30026): 		"$network_type":"WIFI",
11-28 18:02:44.276 I/SA.SensorsDataAPI(30026): 		"app_crashed_reason":"android.app.RemoteServiceException: Bad notification for startForeground: java.lang.RuntimeException: invalid channel for service notification: Notification(channel=Cactus pri=-2 contentView=null vibrate=null sound=null defaults=0x0 flags=0x72 color=0x00000000 vis=PRIVATE)\n\tat android.app.ActivityThread$H.handleMessage(ActivityThread.java:1797)\n\tat android.os.Handler.dispatchMessage(Handler.java:106)\n\tat android.os.Looper.loop(Looper.java:176)\n\tat android.app.ActivityThread.main(ActivityThread.java:6651)\n\tat java.lang.reflect.Method.invoke(Native Method)\n\tat com.android.internal.os.RuntimeInit$MethodAndArgsCaller.run(RuntimeInit.java:547)\n\tat com.android.internal.os.ZygoteInit.main(ZygoteInit.java:824)\n",
11-28 18:02:44.276 I/SA.SensorsDataAPI(30026): 		"$is_first_day":true
11-28 18:02:44.276 I/SA.SensorsDataAPI(30026): 	}
11-28 18:02:44.276 I/SA.SensorsDataAPI(30026): }
11-28 18:02:44.296 D/NetworkSecurityConfig(30026): Using Network Security Config from resource network_security_config debugBuild: true
11-28 18:02:44.301 W/System  (30026): Ignoring header Cookie because its value was null.
11-28 18:02:44.638 W/ADebug  (30073): Failed to get property persist.sys.media.traces
11-28 18:02:44.657 I/SA.AnalyticsMessages(30026): responseCode: 200
11-28 18:02:44.659 I/SA.AnalyticsMessages(30026): valid message: 
11-28 18:02:44.659 I/SA.AnalyticsMessages(30026): [
11-28 18:02:44.659 I/SA.AnalyticsMessages(30026): 	{
11-28 18:02:44.659 I/SA.AnalyticsMessages(30026): 		"_track_id":-1166446008,
11-28 18:02:44.659 I/SA.AnalyticsMessages(30026): 		"time":1574935364224,
11-28 18:02:44.659 I/SA.AnalyticsMessages(30026): 		"type":"track",
11-28 18:02:44.659 I/SA.AnalyticsMessages(30026): 		"distinct_id":"a8753723dc9a51f0",
11-28 18:02:44.659 I/SA.AnalyticsMessages(30026): 		"lib":{
11-28 18:02:44.659 I/SA.AnalyticsMessages(30026): 			"$lib":"Android",
11-28 18:02:44.659 I/SA.AnalyticsMessages(30026): 			"$lib_version":"3.2.7",
11-28 18:02:44.659 I/SA.AnalyticsMessages(30026): 			"$app_version":"1.0",
11-28 18:02:44.659 I/SA.AnalyticsMessages(30026): 			"$lib_method":"code",
11-28 18:02:44.659 I/SA.AnalyticsMessages(30026): 			"$lib_detail":"com.sensorsdata.analytics.android.sdk.SensorsDataAPI##trackEvent##SensorsDataAPI.java##3069"
11-28 18:02:44.659 I/SA.AnalyticsMessages(30026): 		},
11-28 18:02:44.659 I/SA.AnalyticsMessages(30026): 		"event":"AppCrashed",
11-28 18:02:44.659 I/SA.AnalyticsMessages(30026): 		"properties":{
11-28 18:02:44.659 I/SA.AnalyticsMessages(30026): 			"$lib":"Android",
11-28 18:02:44.659 I/SA.AnalyticsMessages(30026): 			"$carrier":"中国联通",
11-28 18:02:44.659 I/SA.AnalyticsMessages(30026): 			"$os_version":"8.1.0",
11-28 18:02:44.659 I/SA.AnalyticsMessages(30026): 			"$device_id":"a8753723dc9a51f0",
11-28 18:02:44.659 I/SA.AnalyticsMessages(30026): 			"$lib_version":"3.2.7",
11-28 18:02:44.659 I/SA.AnalyticsMessages(30026): 			"$model":"Redmi 5",
11-28 18:02:44.659 I/SA.AnalyticsMessages(30026): 			"$os":"Android",
11-28 18:02:44.659 I/SA.AnalyticsMessages(30026): 			"$screen_width":720,
11-28 18:02:44.659 I/SA.AnalyticsMessages(30026): 			"$screen_height":1440,
11-28 18:02:44.659 I/SA.AnalyticsMessages(30026): 			"$manufacturer":"Xiaomi",
11-28 18:02:44.659 I/SA.AnalyticsMessages(30026): 			"$app_version":"1.0",
11-28 18:02:44.659 I/SA.AnalyticsMessages(30026): 			"$wifi":true,
11-28 18:02:44.659 I/SA.AnalyticsMessages(30026): 			"$network_type":"WIFI",
11-28 18:02:44.659 I/SA.AnalyticsMessages(30026): 			"app_crashed_reason":"android.app.RemoteServiceException: Bad notification for startForeground: java.lang.RuntimeException: invalid channel for service notification: Notification(channel=Cactus pri=-2 contentView=null vibrate=null sound=null defaults=0x0 flags=0x72 color=0x00000000 vis=PRIVATE)\n\tat android.app.ActivityThread$H.handleMessage(ActivityThread.java:1797)\n\tat android.os.Handler.dispatchMessage(Handler.java:106)\n\tat android.os.Looper.loop(Looper.java:176)\n\tat android.app.ActivityThread.main(ActivityThread.java:6651)\n\tat java.lang.reflect.Method.invoke(Native Method)\n\tat com.android.internal.os.RuntimeInit$MethodAndArgsCaller.run(RuntimeInit.java:547)\n\tat com.android.internal.os.ZygoteInit.main(ZygoteInit.java:824)\n",
11-28 18:02:44.659 I/SA.AnalyticsMessages(30026): 			"$is_first_day":true
11-28 18:02:44.659 I/SA.AnalyticsMessages(30026): 		},
11-28 18:02:44.659 I/SA.AnalyticsMessages(30026): 		"_flush_time":1574935364287
11-28 18:02:44.659 I/SA.AnalyticsMessages(30026): 	}
11-28 18:02:44.659 I/SA.AnalyticsMessages(30026): ]
11-28 18:02:44.669 D/AndroidRuntime(30073): >>>>>> START com.android.internal.os.RuntimeInit uid 2000 <<<<<<
11-28 18:02:44.684 I/SA.AnalyticsMessages(30026): Events flushed. [left = 0]
11-28 18:02:44.835 I/app_process(30073): The ClassLoaderContext is a special shared library.
11-28 18:02:44.835 W/app_process(30073): miui_dex2oat:　OatFile: /system/framework/oat/arm64/pm.odex Compiler-Filter = quicken
11-28 18:02:44.890 D/AndroidRuntime(30073): Calling main entry com.android.commands.pm.Pm
11-28 18:02:44.941 I/app_process(30073): System.exit called, status: 0
11-28 18:02:44.941 I/AndroidRuntime(30073): VM exiting with result code 0.
11-28 18:02:44.942 W/MessageQueue(30073): Handler (android.os.Handler) {cb7ea71} sending message to a Handler on a dead thread
11-28 18:02:44.942 W/MessageQueue(30073): java.lang.IllegalStateException: Handler (android.os.Handler) {cb7ea71} sending message to a Handler on a dead thread
11-28 18:02:44.942 W/MessageQueue(30073): 	at android.os.MessageQueue.enqueueMessage(MessageQueue.java:551)
11-28 18:02:44.942 W/MessageQueue(30073): 	at android.os.Handler.enqueueMessage(Handler.java:666)
11-28 18:02:44.942 W/MessageQueue(30073): 	at android.os.Handler.sendMessageAtTime(Handler.java:631)
11-28 18:02:44.942 W/MessageQueue(30073): 	at android.os.Handler.sendMessageDelayed(Handler.java:601)
11-28 18:02:44.942 W/MessageQueue(30073): 	at android.os.Handler.post(Handler.java:357)
11-28 18:02:44.942 W/MessageQueue(30073): 	at android.os.ResultReceiver$MyResultReceiver.send(ResultReceiver.java:57)
11-28 18:02:44.942 W/MessageQueue(30073): 	at com.android.internal.os.IResultReceiver$Stub.onTransact(IResultReceiver.java:58)
11-28 18:02:44.942 W/MessageQueue(30073): 	at android.os.Binder.execTransact(Binder.java:704)
11-28 18:02:45.213 W/PlatformStatsUtil( 4311): Could not retrieve Usage & Diagnostics setting. Giving up.
11-28 18:02:45.226 D/CompatibilityInfo( 1563): mCompatibilityFlags - 10
11-28 18:02:45.226 D/CompatibilityInfo( 1563): applicationDensity - 320
11-28 18:02:45.226 D/CompatibilityInfo( 1563): applicationScale - 1.0
11-28 18:02:45.231 D/CompatibilityInfo( 1563): mCompatibilityFlags - 10
11-28 18:02:45.231 D/CompatibilityInfo( 1563): applicationDensity - 320
11-28 18:02:45.231 D/CompatibilityInfo( 1563): applicationScale - 1.0
11-28 18:02:45.235 D/CompatibilityInfo( 1563): mCompatibilityFlags - 10
11-28 18:02:45.235 D/CompatibilityInfo( 1563): applicationDensity - 320
11-28 18:02:45.235 D/CompatibilityInfo( 1563): applicationScale - 1.0
11-28 18:02:46.950 I/octvm_klo( 2485): klo lock
11-28 18:02:46.950 D/PowerKeeper.Event( 3821): notifyAMCrash packageName: 0, pid:30026
11-28 18:02:46.956 I/Process (30026): Sending signal. PID: 30026 SIG: 9
11-28 18:02:46.961 D/CompatibilityInfo( 1563): mCompatibilityFlags - 10
11-28 18:02:46.961 D/CompatibilityInfo( 1563): applicationDensity - 320
11-28 18:02:46.961 D/CompatibilityInfo( 1563): applicationScale - 1.0
11-28 18:02:46.961 I/octvm_klo( 2485): get wanted event[mask:128, name:data_app_crash@1574935366958.txt] from the watchset
11-28 18:02:46.961 I/octvm_klo( 2485): start gathering logcat log...
11-28 18:02:46.965 D/CompatibilityInfo( 1563): mCompatibilityFlags - 10
11-28 18:02:46.964 W/Binder:851_2(  851): type=1400 audit(0.0:8738): avc: denied { write } for name="logd" dev="tmpfs" ino=12216 scontext=u:r:audioserver:s0 tcontext=u:object_r:logd_socket:s0 tclass=sock_file permissive=0
11-28 18:02:46.965 D/CompatibilityInfo( 1563): applicationDensity - 320
11-28 18:02:46.965 D/CompatibilityInfo( 1563): applicationScale - 1.0
11-28 18:02:46.974 D/NuPlayerDriver(  860): reset(0xf239d230) at state 4
11-28 18:02:46.974 D/NuPlayerDriver(  860): notifyListener_l(0xf239d230), (8, 0, 0, -1), loop setting(0, 0)
11-28 18:02:46.975 W/zygote64( 1563): kill(-30026, 9) failed: No such process
11-28 18:02:46.975 W/ActivityManager( 1563): Service crashed 16 times, stopping: ServiceRecord{87442b3 u0 com.test.readsms/com.gyf.cactus.service.CactusJobService}
11-28 18:02:46.975 W/ActivityManager( 1563): Service crashed 16 times, stopping: ServiceRecord{4137cda u0 com.test.readsms/com.gyf.cactus.service.LocalService}
11-28 18:02:46.975 W/AMessage(  860): failed to post message as target looper for handler 0 is gone.
11-28 18:02:46.977 D/NuPlayerDriver(  860): notifyResetComplete(0xf239d230)
11-28 18:02:46.978 W/ActivityManager( 1563): Scheduling restart of crashed service com.test.readsms/.service.SMSService in 6202ms
11-28 18:02:46.978 W/MediaAnalyticsItem(  858): Unable to record: (extractor:0:-1:-11:0:3:android.media.mediaextractor.fmt=<unspecified>:android.media.mediaextractor.ntrk=1:android.media.mediaextractor.mime=audio/x-wav:) [forcenew=0]
11-28 18:02:46.980 W/zygote64( 1563): kill(-30026, 9) failed: No such process
11-28 18:02:46.981 I/zygote64( 1563): Successfully killed process cgroup uid 10153 pid 30026 in 6ms
11-28 18:02:46.989 D/PowerKeeper.Event( 3821): notifyAMProcDied pacakageName: com.test.readsms, pid:30026
11-28 18:02:46.997 D/PowerKeeper.Event( 3821): notifyAMProcStart processName: 10153 reason: com.test.readsms, pid:0
11-28 18:02:46.999 I/octvm_klo( 2485): gathering logcat log done
11-28 18:02:46.999 I/octvm_klo( 2485): klo unlock
11-28 18:02:47.003 I/zygote64(30092): Late-enabling -Xcheck:jni
11-28 18:02:47.037 W/zygote64(30092): miui_dex2oat: DeoptimizeBootImage: patch entry points of methods in boot image to interpreter bridge
11-28 18:02:47.058 I/zygote64(30092): Debugger is no longer active
11-28 18:02:47.071 D/CompatibilityInfo( 1563): mCompatibilityFlags - 0
11-28 18:02:47.071 D/CompatibilityInfo( 1563): applicationDensity - 320
11-28 18:02:47.071 D/CompatibilityInfo( 1563): applicationScale - 1.0
11-28 18:02:47.074 D/CompatibilityInfo( 1563): mCompatibilityFlags - 0
11-28 18:02:47.074 D/CompatibilityInfo( 1563): applicationDensity - 320
11-28 18:02:47.074 D/CompatibilityInfo( 1563): applicationScale - 1.0
11-28 18:02:47.077 D/CompatibilityInfo( 1563): mCompatibilityFlags - 0
11-28 18:02:47.077 D/CompatibilityInfo( 1563): applicationDensity - 320
11-28 18:02:47.077 D/CompatibilityInfo( 1563): applicationScale - 1.0
11-28 18:02:47.095 W/zygote64(30092): miui_dex2oat:　OatFile: /data/app/com.test.readsms-tl5OWtxaSWblC0A2BJJFnQ==/oat/arm64/base.odex Compiler-Filter = quicken
11-28 18:02:47.101 W/ResourceType(30092): No package identifier when getting name for resource number 0x00000000
11-28 18:02:47.160 D/Launcher_WallpaperManagerCompatVOMR1(22600): getStatusBarColorMode, static wallpaper, statusBarColorMode=0
11-28 18:02:47.161 D/Launcher_StaticWallpaper(22600): current wallpaper is static wallpaper
11-28 18:02:47.230 D/Launcher_WallpaperManagerCompatVOMR1(22600): getIsCurrentWallpaperScrollable, isCurrentWallpaperScrollable=false
11-28 18:02:47.230 D/Launcher_WallpaperManagerCompatVOMR1(22600): getSearchBarAreaPrimaryColor by Default:ffffffff
11-28 18:02:47.230 D/Launcher_DesktopWallpaperManager(22600): adaptHomeToWallpaper, notify everyone
11-28 18:02:47.233 D/Launcher_WallpaperUtils(22600): changeStatusBarMode:false
11-28 18:02:47.252 E/SizeBackgroundDrawable(22600): calculatePx: Position x's unit is not defined.
11-28 18:02:47.252 E/SizeBackgroundDrawable(22600): calculatePx: Position y's unit is not defined.
11-28 18:02:47.254 E/SizeBackgroundDrawable(22600): calculatePx: Position x's unit is not defined.
11-28 18:02:47.254 E/SizeBackgroundDrawable(22600): calculatePx: Position y's unit is not defined.
11-28 18:02:47.342 I/SA.SensorsDataAPI(30092): Initialized the instance of Sensors Analytics SDK with server url 'https://sdktest.datasink.sensorsdata.cn/sa?project=yangzhankun&token=21f2e56df73988c7', flush interval 15000 ms, debugMode: DEBUG_OFF
11-28 18:02:47.478 I/zygote64(30092): Do partial code cache collection, code=30KB, data=20KB
11-28 18:02:47.478 I/zygote64(30092): After code cache collection, code=30KB, data=20KB
11-28 18:02:47.478 I/zygote64(30092): Increasing code cache capacity to 128KB
11-28 18:02:47.550 W/ADebug  (30111): Failed to get property persist.sys.media.traces
11-28 18:02:47.552 D/CompatibilityInfo( 1563): mCompatibilityFlags - 0
11-28 18:02:47.552 D/CompatibilityInfo( 1563): applicationDensity - 320
11-28 18:02:47.552 D/CompatibilityInfo( 1563): applicationScale - 1.0
11-28 18:02:47.558 I/SSS...  (30092): ------主进程----> com.test.readsms
11-28 18:02:47.571 D/cactus  (30092): LocalService is run >>>> do work times = 13
11-28 18:02:47.583 D/AndroidRuntime(30111): >>>>>> START com.android.internal.os.RuntimeInit uid 2000 <<<<<<
11-28 18:02:47.585 D/OpenGLRenderer(30092): HWUI GL Pipeline
11-28 18:02:47.588 D/NuPlayerDriver(  860): NuPlayerDriver(0xf239d230) created, clientPid(30092)
11-28 18:02:47.594 I/ExtendedNuUtils(  860): printFileName fd(8) -> /data/app/com.test.readsms-tl5OWtxaSWblC0A2BJJFnQ==/base.apk
11-28 18:02:47.597 E/NotificationService( 1563): Suppressing notification from package by user request.
11-28 18:02:47.598 D/GenericSource(  860): FileSource remote
11-28 18:02:47.602 I/ExtendedExtractor(  858): QTIParser is prefered .. flags 2
11-28 18:02:47.603 D/MMParserExtractor(  858): setExtraFlags called with flags 2 for paser instance 8c62c6e0
11-28 18:02:47.603 D/MMParserExtractor(  858): using bigger parser buffers
11-28 18:02:47.603 I/ExtendedExtractor(  858): ExtendedExtractor::create 0x7a8c62c6e0
11-28 18:02:47.603 E/MediaExtractor(  860): Trace connect 0xf238fe20 0xf0603000
11-28 18:02:47.611 I/StatusBar( 1715): onNotificationPosted key:0|com.test.readsms|1995910363|null|10153 isUpdate:true
11-28 18:02:47.612 I/SSS..SMSService(30092): -- onCreate --
11-28 18:02:47.612 V/c       ( 2547): onNotificationPostedCallBack:StatusBarNotification(pkg=com.test.readsms user=UserHandle{0} id=1995910363 tag=null key=0|com.test.readsms|1995910363|null|10153: Notification(channel=Cactus pri=-2 contentView=null vibrate=null sound=null defaults=0x0 flags=0x72 color=0x00000000 vis=PRIVATE))
11-28 18:02:47.613 I/StatusBar( 1715): handleNotification key:0|com.test.readsms|1995910363|null|10153 isUpdate:true
11-28 18:02:47.613 I/SSS..SMSService(30092): -- onStartCommand --
11-28 18:02:47.613 I/SSS..ToolBox(30092): -- watchSMS --
11-28 18:02:47.613 V/onNotificationPostedCallBack( 2547): flags=114
11-28 18:02:47.614 D/StatusBar( 1715): updateNotification(StatusBarNotification(pkg=com.test.readsms user=UserHandle{0} id=1995910363 tag=null key=0|com.test.readsms|1995910363|null|10153: Notification(channel=Cactus pri=-2 contentView=null vibrate=null sound=null defaults=0x0 flags=0x72 color=0x00000000 vis=PRIVATE)))
11-28 18:02:47.615 V/c       ( 2547): ret=0
11-28 18:02:47.622 D/NuPlayerDriver(  860): notifyListener_l(0xf239d230), (1, 0, 0, -1), loop setting(0, 0)
11-28 18:02:47.622 V/MmsSmsUtils( 2038): checkPrivateMsgWhiteList time is 1
11-28 18:02:47.623 V/MmsSmsUtils( 2038): allowReadNotificationSms time is 1
11-28 18:02:47.637 I/SSS..App(30092): ----- Cactus doWork  ----- 
11-28 18:02:47.650 D/IconCustomizer( 1715): Content Ratio = 1.375
11-28 18:02:47.664 D/StatusBar( 1715): No peeking: unimportant notification: 0|com.test.readsms|1995910363|null|10153
11-28 18:02:47.668 W/View    ( 1715): requestLayout() improperly called by android.widget.DateTimeView{9378732 V.ED..... ......ID 459,3-544,32 #1020341 android:id/notification_time} during layout: running second layout pass
11-28 18:02:47.668 W/View    ( 1715): requestLayout() improperly called by android.view.NotificationHeaderView{8157f1e V.E...... R.....ID 0,0-680,131 #1020336 android:id/notification_header} during layout: running second layout pass
11-28 18:02:47.674 D/cactus  (28210): RemoteService is run
11-28 18:02:47.678 I/StatusBar( 1715): onNotificationPosted key:0|com.test.readsms|1995910363|null|10153 isUpdate:true
11-28 18:02:47.678 I/StatusBar( 1715): handleNotification key:0|com.test.readsms|1995910363|null|10153 isUpdate:true
11-28 18:02:47.679 D/StatusBar( 1715): updateNotification(StatusBarNotification(pkg=com.test.readsms user=UserHandle{0} id=1995910363 tag=null key=0|com.test.readsms|1995910363|null|10153: Notification(channel=Cactus pri=-2 contentView=null vibrate=null sound=null defaults=0x0 flags=0x72 color=0x00000000 vis=PRIVATE)))
11-28 18:02:47.679 V/c       ( 2547): onNotificationPostedCallBack:StatusBarNotification(pkg=com.test.readsms user=UserHandle{0} id=1995910363 tag=null key=0|com.test.readsms|1995910363|null|10153: Notification(channel=Cactus pri=-2 contentView=null vibrate=null sound=null defaults=0x0 flags=0x72 color=0x00000000 vis=PRIVATE))
11-28 18:02:47.680 V/onNotificationPostedCallBack( 2547): flags=114
11-28 18:02:47.681 V/c       ( 2547): ret=0
11-28 18:02:47.686 I/SSS..SMSService(30092): -- onStartCommand --
11-28 18:02:47.696 I/StatusBar( 1715): onNotificationRemoved: 0|com.test.readsms|1995910363|null|10153
11-28 18:02:47.703 D/StatusBar( 1715): removeNotification key=0|com.test.readsms|1995910363|null|10153 old=StatusBarNotification(pkg=com.test.readsms user=UserHandle{0} id=1995910363 tag=null key=0|com.test.readsms|1995910363|null|10153: Notification(channel=Cactus pri=-2 contentView=null vibrate=null sound=null defaults=0x0 flags=0x72 color=0x00000000 vis=PRIVATE))
11-28 18:02:47.703 D/StatusBar( 1715): update app badge num: com.test.readsms/,num=0,isAllowed=true,userId=0
11-28 18:02:47.704 W/ActivityManager( 1563): Sending non-protected broadcast android.intent.action.APPLICATION_MESSAGE_UPDATE from system 1715:com.android.systemui/1000 pkg com.android.systemui. Callers=
11-28 18:02:47.705 W/ActivityManager( 1563): Sending non-protected broadcast android.intent.action.APPLICATION_MESSAGE_UPDATE from system 1715:com.android.systemui/1000 pkg com.android.systemui. Callers=
11-28 18:02:47.705 I/Launcher.ApplicationsMessage(22600): onReceive true
11-28 18:02:47.705 I/Launcher.ApplicationsMessage(22600): update com.test.readsms/ to null
11-28 18:02:47.725 D/cactus  (28210): RemoteService is run
11-28 18:02:47.795 I/app_process(30111): The ClassLoaderContext is a special shared library.
11-28 18:02:47.795 W/app_process(30111): miui_dex2oat:　OatFile: /system/framework/oat/arm64/pm.odex Compiler-Filter = quicken
11-28 18:02:47.853 D/AndroidRuntime(30111): Calling main entry com.android.commands.pm.Pm
11-28 18:02:47.921 W/MessageQueue(30111): Handler (android.os.Handler) {6cb67a4} sending message to a Handler on a dead thread
11-28 18:02:47.921 W/MessageQueue(30111): java.lang.IllegalStateException: Handler (android.os.Handler) {6cb67a4} sending message to a Handler on a dead thread
11-28 18:02:47.921 W/MessageQueue(30111): 	at android.os.MessageQueue.enqueueMessage(MessageQueue.java:551)
11-28 18:02:47.921 W/MessageQueue(30111): 	at android.os.Handler.enqueueMessage(Handler.java:666)
11-28 18:02:47.921 W/MessageQueue(30111): 	at android.os.Handler.sendMessageAtTime(Handler.java:631)
11-28 18:02:47.921 W/MessageQueue(30111): 	at android.os.Handler.sendMessageDelayed(Handler.java:601)
11-28 18:02:47.921 W/MessageQueue(30111): 	at android.os.Handler.post(Handler.java:357)
11-28 18:02:47.921 W/MessageQueue(30111): 	at android.os.ResultReceiver$MyResultReceiver.send(ResultReceiver.java:57)
11-28 18:02:47.921 W/MessageQueue(30111): 	at com.android.internal.os.IResultReceiver$Stub.onTransact(IResultReceiver.java:58)
11-28 18:02:47.921 W/MessageQueue(30111): 	at android.os.Binder.execTransact(Binder.java:704)
11-28 18:02:47.921 I/app_process(30111): System.exit called, status: 0
11-28 18:02:47.921 I/AndroidRuntime(30111): VM exiting with result code 0.
11-28 18:02:48.343 W/ADebug  (30137): Failed to get property persist.sys.media.traces
11-28 18:02:48.373 D/AndroidRuntime(30137): >>>>>> START com.android.internal.os.RuntimeInit uid 2000 <<<<<<
11-28 18:02:48.539 I/app_process(30137): The ClassLoaderContext is a special shared library.
11-28 18:02:48.539 W/app_process(30137): miui_dex2oat:　OatFile: /system/framework/oat/arm64/pm.odex Compiler-Filter = quicken
11-28 18:02:48.600 D/AndroidRuntime(30137): Calling main entry com.android.commands.pm.Pm
11-28 18:02:48.651 W/MessageQueue(30137): Handler (android.os.Handler) {4d1e6b5} sending message to a Handler on a dead thread
11-28 18:02:48.651 W/MessageQueue(30137): java.lang.IllegalStateException: Handler (android.os.Handler) {4d1e6b5} sending message to a Handler on a dead thread
11-28 18:02:48.651 W/MessageQueue(30137): 	at android.os.MessageQueue.enqueueMessage(MessageQueue.java:551)
11-28 18:02:48.651 W/MessageQueue(30137): 	at android.os.Handler.enqueueMessage(Handler.java:666)
11-28 18:02:48.651 W/MessageQueue(30137): 	at android.os.Handler.sendMessageAtTime(Handler.java:631)
11-28 18:02:48.651 W/MessageQueue(30137): 	at android.os.Handler.sendMessageDelayed(Handler.java:601)
11-28 18:02:48.651 W/MessageQueue(30137): 	at android.os.Handler.post(Handler.java:357)
11-28 18:02:48.651 W/MessageQueue(30137): 	at android.os.ResultReceiver$MyResultReceiver.send(ResultReceiver.java:57)
11-28 18:02:48.651 W/MessageQueue(30137): 	at com.android.internal.os.IResultReceiver$Stub.onTransact(IResultReceiver.java:58)
11-28 18:02:48.651 W/MessageQueue(30137): 	at android.os.Binder.execTransact(Binder.java:704)
11-28 18:02:48.652 I/app_process(30137): System.exit called, status: 0
11-28 18:02:48.652 I/AndroidRuntime(30137): VM exiting with result code 0.
11-28 18:02:49.564 D/cactus  (30092): background
11-28 18:02:50.249 W/PlatformStatsUtil( 4311): Could not retrieve Usage & Diagnostics setting. Giving up.
11-28 18:02:50.274 D/CompatibilityInfo( 1563): mCompatibilityFlags - 10
11-28 18:02:50.274 D/CompatibilityInfo( 1563): applicationDensity - 320
11-28 18:02:50.275 D/CompatibilityInfo( 1563): applicationScale - 1.0
11-28 18:02:50.284 D/CompatibilityInfo( 1563): mCompatibilityFlags - 10
11-28 18:02:50.284 D/CompatibilityInfo( 1563): applicationDensity - 320
11-28 18:02:50.284 D/CompatibilityInfo( 1563): applicationScale - 1.0
11-28 18:02:50.293 D/CompatibilityInfo( 1563): mCompatibilityFlags - 10
11-28 18:02:50.293 D/CompatibilityInfo( 1563): applicationDensity - 320
11-28 18:02:50.293 D/CompatibilityInfo( 1563): applicationScale - 1.0
11-28 18:02:50.641 I/zygote64(30092): Do partial code cache collection, code=61KB, data=43KB
11-28 18:02:50.641 I/zygote64(30092): After code cache collection, code=61KB, data=43KB
11-28 18:02:50.641 I/zygote64(30092): Increasing code cache capacity to 256KB
11-28 18:02:50.664 I/SSS..App(30092): -----  SMSService  -----: running
11-28 18:02:50.679 I/StatusBar( 1715): onNotificationPosted key:0|com.test.readsms|1|null|10153 isUpdate:true
11-28 18:02:50.680 I/StatusBar( 1715): handleNotification key:0|com.test.readsms|1|null|10153 isUpdate:true
11-28 18:02:50.681 D/StatusBar( 1715): updateNotification(StatusBarNotification(pkg=com.test.readsms user=UserHandle{0} id=1 tag=null key=0|com.test.readsms|1|null|10153: Notification(channel=100 pri=2 contentView=null vibrate=null sound=null defaults=0x0 flags=0x20 color=0x00000000 vis=PUBLIC)))
11-28 18:02:50.682 V/c       ( 2547): onNotificationPostedCallBack:StatusBarNotification(pkg=com.test.readsms user=UserHandle{0} id=1 tag=null key=0|com.test.readsms|1|null|10153: Notification(channel=100 pri=2 contentView=null vibrate=null sound=null defaults=0x0 flags=0x20 color=0x00000000 vis=PUBLIC))
11-28 18:02:50.683 V/onNotificationPostedCallBack( 2547): flags=32
11-28 18:02:50.724 I/StatusBar( 1715): No peeking: 0|com.test.readsms|1|null|10153
11-28 18:02:50.729 W/View    ( 1715): requestLayout() improperly called by android.widget.DateTimeView{65e182 V.ED..... ......ID 459,3-544,32 #1020341 android:id/notification_time} during layout: running second layout pass
11-28 18:02:52.689 W/WM-WorkSpec(30092): Interval duration lesser than minimum allowed value; Changed to 900000
11-28 18:02:53.700 I/SSS..App(30092): -----  SMSService  -----: running
11-28 18:02:53.715 I/StatusBar( 1715): onNotificationPosted key:0|com.test.readsms|1|null|10153 isUpdate:true
11-28 18:02:53.716 I/StatusBar( 1715): handleNotification key:0|com.test.readsms|1|null|10153 isUpdate:true
11-28 18:02:53.718 D/StatusBar( 1715): updateNotification(StatusBarNotification(pkg=com.test.readsms user=UserHandle{0} id=1 tag=null key=0|com.test.readsms|1|null|10153: Notification(channel=100 pri=2 contentView=null vibrate=null sound=null defaults=0x0 flags=0x20 color=0x00000000 vis=PUBLIC)))
11-28 18:02:53.718 V/c       ( 2547): onNotificationPostedCallBack:StatusBarNotification(pkg=com.test.readsms user=UserHandle{0} id=1 tag=null key=0|com.test.readsms|1|null|10153: Notification(channel=100 pri=2 contentView=null vibrate=null sound=null defaults=0x0 flags=0x20 color=0x00000000 vis=PUBLIC))
11-28 18:02:53.721 V/onNotificationPostedCallBack( 2547): flags=32
11-28 18:02:53.756 I/StatusBar( 1715): No peeking: 0|com.test.readsms|1|null|10153
11-28 18:02:53.762 W/View    ( 1715): requestLayout() improperly called by android.widget.DateTimeView{65e182 V.ED..... ......ID 459,3-544,32 #1020341 android:id/notification_time} during layout: running second layout pass
11-28 18:02:47.658 E/NotificationService( 1563): Suppressing notification from package by user request.
11-28 18:02:53.879 W/ActivityManager( 1563): Bringing down service while still waiting for start foreground: ServiceRecord{1e27c30 u0 com.test.readsms/.service.SMSService}
11-28 18:02:53.929 D/ThermalEngine(  835): sensor_wait: xo_therm Wait done.
11-28 18:02:53.930 D/ThermalEngine(  835): sensor_monitor: xo_therm Reading 32000 .
11-28 18:02:53.930 I/ThermalEngine(  835): Sensor:xo_therm:32000 mC
11-28 18:02:53.931 D/ThermalEngine(  835): update_active_thresh: xo_therm Active(1), Hi(1) 39000, Lo(0) -2147483648, desc(0) Interval(1) 10000
11-28 18:02:53.931 D/ThermalEngine(  835): sensor_monitor: xo_therm Sensor wait.
11-28 18:02:53.931 D/ThermalEngine(  835): sensor_wait: xo_therm Wait start. 10000ms
11-28 18:02:53.946 E/octvm_klo( 2485): get the dalvik.vm.stack-trace-file failed
11-28 18:02:53.963 I/zygote64( 1563): Looking for service android.hidl.manager@1.0::IServiceManager/default
11-28 18:02:53.964 I/zygote64( 1563): Starting thread pool.
11-28 18:02:54.591 I/zygote64( 1563): libdebuggerd_client: started dumping process 30092
11-28 18:02:54.584 W/ActivityManager( 1563): type=1400 audit(0.0:8739): avc: denied { sys_resource } for capability=24 scontext=u:r:system_server:s0 tcontext=u:r:system_server:s0 tclass=capability permissive=0
11-28 18:02:54.592 I//system/bin/tombstoned(  886): registered intercept for pid 30092 and type kDebuggerdJavaBacktrace
11-28 18:02:54.592 I/zygote64(30092): Thread[3,tid=30098,WaitingInMainSignalCatcherLoop,Thread*=0x703ed1e000,peer=0x1a480020,"Signal Catcher"]: reacting to signal 3
11-28 18:02:54.592 I/zygote64(30092): 
11-28 18:02:54.663 I//system/bin/tombstoned(  886): received crash request for pid 30092
11-28 18:02:54.663 I//system/bin/tombstoned(  886): found intercept fd 512 for pid 30092 and type kDebuggerdJavaBacktrace
11-28 18:02:54.664 I/zygote64(30092): Wrote stack traces to '[tombstoned]'
11-28 18:02:54.665 I/zygote64( 1563): libdebuggerd_client: done dumping process 30092
11-28 18:02:54.665 I/zygote64( 1563): libdebuggerd_client: started dumping process 1563
11-28 18:02:54.654 W/ActivityManager( 1563): type=1400 audit(0.0:8740): avc: denied { sys_resource } for capability=24 scontext=u:r:system_server:s0 tcontext=u:r:system_server:s0 tclass=capability permissive=0
11-28 18:02:54.667 I//system/bin/tombstoned(  886): registered intercept for pid 1563 and type kDebuggerdJavaBacktrace
11-28 18:02:54.667 I/zygote64( 1563): Thread[2,tid=1568,WaitingInMainSignalCatcherLoop,Thread*=0x703ec0f400,peer=0x14240190,"Signal Catcher"]: reacting to signal 3
11-28 18:02:54.667 I/zygote64( 1563): 
11-28 18:02:54.960 I/zygote64( 1563): hidl_ssvc_poll: spurious wake up, back to work
11-28 18:02:55.322 W/PlatformStatsUtil( 4311): Could not retrieve Usage & Diagnostics setting. Giving up.
11-28 18:02:55.604 I//system/bin/tombstoned(  886): received crash request for pid 1563
11-28 18:02:55.604 I//system/bin/tombstoned(  886): found intercept fd 512 for pid 1563 and type kDebuggerdJavaBacktrace
11-28 18:02:55.605 I/zygote64( 1563): Wrote stack traces to '[tombstoned]'
11-28 18:02:55.608 I/zygote64( 1563): libdebuggerd_client: done dumping process 1563
11-28 18:02:55.608 I/zygote64( 1563): libdebuggerd_client: started dumping process 7622
11-28 18:02:55.594 W/ActivityManager( 1563): type=1400 audit(0.0:8741): avc: denied { sys_resource } for capability=24 scontext=u:r:system_server:s0 tcontext=u:r:system_server:s0 tclass=capability permissive=0
11-28 18:02:55.609 I//system/bin/tombstoned(  886): registered intercept for pid 7622 and type kDebuggerdJavaBacktrace
11-28 18:02:55.609 I/zygote64( 7622): Thread[3,tid=7628,WaitingInMainSignalCatcherLoop,Thread*=0x703ed1e000,peer=0x186007c0,"Signal Catcher"]: reacting to signal 3
11-28 18:02:55.609 I/zygote64( 7622): 
11-28 18:02:55.735 I//system/bin/tombstoned(  886): received crash request for pid 7622
11-28 18:02:55.735 I//system/bin/tombstoned(  886): found intercept fd 512 for pid 7622 and type kDebuggerdJavaBacktrace
11-28 18:02:55.736 I/zygote64( 7622): Wrote stack traces to '[tombstoned]'
11-28 18:02:55.737 I/zygote64( 1563): libdebuggerd_client: done dumping process 7622
11-28 18:02:55.737 I/zygote64( 1563): libdebuggerd_client: started dumping process 2038
