11-28 18:03:11.562 D/audio_hw_spkr_prot(  570): audio_extn_fbsp_get_parameters: Speaker protection disabled
11-28 18:03:11.562 D/audio_hw_extn(  570): audio_extn_get_parameters: returns 
11-28 18:03:11.562 D/wt_audio_cust(  570): wt_audio_mmi_get_parameter: exit: returns - mmi_test=false
11-28 18:03:11.562 I/hash_map_utils(  851): key: 'mmi_test' value: ''
11-28 18:03:11.563 D/AudioPolicyManagerCustom(  851): checkAndSetVolume() mmi_test_enabled 0
11-28 18:03:11.563 D/audio_hw_spkr_prot(  570): audio_extn_fbsp_get_parameters: Speaker protection disabled
11-28 18:03:11.563 D/audio_hw_extn(  570): audio_extn_get_parameters: returns 
11-28 18:03:11.563 D/wt_audio_cust(  570): wt_audio_mmi_get_parameter: exit: returns - mmi_test=false
11-28 18:03:11.563 I/hash_map_utils(  851): key: 'mmi_test' value: ''
11-28 18:03:11.564 D/AudioPolicyManagerCustom(  851): checkAndSetVolume() mmi_test_enabled 0
11-28 18:03:11.564 D/audio_hw_spkr_prot(  570): audio_extn_fbsp_get_parameters: Speaker protection disabled
11-28 18:03:11.564 D/audio_hw_extn(  570): audio_extn_get_parameters: returns 
11-28 18:03:11.564 D/wt_audio_cust(  570): wt_audio_mmi_get_parameter: exit: returns - mmi_test=false
11-28 18:03:11.564 I/hash_map_utils(  851): key: 'mmi_test' value: ''
11-28 18:03:11.565 D/AudioPolicyManagerCustom(  851): checkAndSetVolume() mmi_test_enabled 0
11-28 18:03:11.565 D/audio_hw_spkr_prot(  570): audio_extn_fbsp_get_parameters: Speaker protection disabled
11-28 18:03:11.565 D/audio_hw_extn(  570): audio_extn_get_parameters: returns 
11-28 18:03:11.565 D/wt_audio_cust(  570): wt_audio_mmi_get_parameter: exit: returns - mmi_test=false
11-28 18:03:11.565 I/hash_map_utils(  851): key: 'mmi_test' value: ''
11-28 18:03:11.565 D/AudioPolicyManagerCustom(  851): checkAndSetVolume() mmi_test_enabled 0
11-28 18:03:11.566 D/audio_hw_spkr_prot(  570): audio_extn_fbsp_get_parameters: Speaker protection disabled
11-28 18:03:11.566 D/audio_hw_extn(  570): audio_extn_get_parameters: returns 
11-28 18:03:11.566 D/wt_audio_cust(  570): wt_audio_mmi_get_parameter: exit: returns - mmi_test=false
11-28 18:03:11.566 I/hash_map_utils(  851): key: 'mmi_test' value: ''
11-28 18:03:11.566 D/AudioPolicyManagerCustom(  851): checkAndSetVolume() mmi_test_enabled 0
11-28 18:03:11.567 E/AudioFlinger(  851): open /proc/860/cmdline error
11-28 18:03:11.567 I/AudioFlinger(  851): setAppName(), name=[], active=[1]
11-28 18:03:11.568 D/audio_hw_primary(  570): start_output_stream: enter: stream(0xe9cf5000)usecase(0: deep-buffer-playback) devices(0x2)
11-28 18:03:11.568 D/NuPlayerDriver(  860): notifyListener_l(0xf239d230), (6, 0, 0, -1), loop setting(0, 0)
11-28 18:03:11.569 E/ANDR-PERF-MPCTL(  868): Invalid profile no. 0, total profiles 0 only
11-28 18:03:11.569 D/audio_hw_primary(  570): select_devices for use case (deep-buffer-playback)
11-28 18:03:11.569 D/audio_hw_primary(  570): select_devices: out_snd_device(2: speaker) in_snd_device(0: )
11-28 18:03:11.569 I/msm8916_platform(  570): platform_check_and_set_codec_backend_cfg:becf: afe: bitwidth 16, samplerate 48000 channels 2, backend_idx 0 usecase = 0 device (speaker)
11-28 18:03:11.569 D/msm8916_platform(  570): platform_split_snd_device: snd_device(2) num devices(1) new_snd_devices(0)
11-28 18:03:11.569 I/msm8916_platform(  570): platform_check_and_set_codec_backend_cfg: becf: new_snd_devices[0] is speaker
11-28 18:03:11.569 I/msm8916_platform(  570): platform_check_codec_backend_cfg:becf: afe: Codec selected backend: 0 current bit width: 16 sample rate: 48000 channels: 2 usecase 0 device (speaker)
11-28 18:03:11.569 D/msm8916_platform(  570): platform_check_codec_backend_cfg:becf: afe: playback on codec device not supporting native playback set default Sample Rate(48k)
11-28 18:03:11.569 D/msm8916_platform(  570): platform_check_codec_backend_cfg:becf: afe: only 48KHZ sample rate is supported Configure afe to default Sample Rate(48k)
11-28 18:03:11.569 I/msm8916_platform(  570): platform_check_codec_backend_cfg:becf: afe: Codec selected backend: 0 updated bit width: 16 sample rate: 48000 channels: 2
11-28 18:03:11.569 D/audio_hw_primary(  570): check_usecases_codec_backend:becf: force routing 0
11-28 18:03:11.569 E/msm8916_platform(  570): platform_check_backends_match: Invalid snd_device = 
11-28 18:03:11.569 D/audio_hw_primary(  570): check_usecases_codec_backend:becf: (59) check_usecases curr device: speaker, usecase device: backends match 0
11-28 18:03:11.569 D/audio_hw_primary(  570): check_usecases_codec_backend:becf: check_usecases num.of Usecases to switch 0
11-28 18:03:11.569 D/hardware_info(  570): hw_info_append_hw_type : device_name = speaker
11-28 18:03:11.569 D/msm8916_platform(  570): platform_split_snd_device: snd_device(2) num devices(0) new_snd_devices(0)
11-28 18:03:11.569 D/audio_hw_primary(  570): enable_snd_device: snd_device(2: speaker)
11-28 18:03:11.569 I/soundtrigger(  570): audio_extn_sound_trigger_update_device_status: device 0x2 of type 0 for Event 1, with Raise=0
11-28 18:03:11.569 D/audio_route(  570): Apply path: speaker
11-28 18:03:11.573 D/soundtrigger(  570): audio_extn_sound_trigger_update_stream_status: uc_id 0 of type 0 for Event 3, with Raise=1
11-28 18:03:11.573 D/sound_trigger_platform(  570): platform_stdev_check_and_update_concurrency: concurrency active 0, tx 0, rx 1, concurrency session_allowed 1
11-28 18:03:11.573 D/audio_hw_utils(  570): audio_extn_utils_send_app_type_cfg: usecase->out_snd_device speaker
11-28 18:03:11.573 D/msm8916_platform(  570): platform_split_snd_device: snd_device(2) num devices(0) new_snd_devices(0)
11-28 18:03:11.574 E/msm8916_platform(  570): platform_get_snd_device_backend_index: BE DAI Name Table is not present
11-28 18:03:11.574 E/audio_hw_utils(  570): send_app_type_cfg_for_device: Couldn't get the backend index for snd device speaker ret=-14
11-28 18:03:11.574 D/audio_hw_utils(  570): audio_extn_btsco_get_sample_rate:Not a BT SCO device, need not update sampling rate
11-28 18:03:11.574 I/audio_hw_utils(  570): send_app_type_cfg_for_device PLAYBACK app_type 69936, acdb_dev_id 15, sample_rate 48000, snd_device_be_idx -14
11-28 18:03:11.574 D/msm8916_platform(  570): platform_split_snd_device: snd_device(2) num devices(1) new_snd_devices(0)
11-28 18:03:11.574 D/ACDB-LOADER(  570): ACDB -> send_audio_cal, acdb_id = 15, path = 0, app id = 0x11130, sample rate = 48000
11-28 18:03:11.574 D/ACDB-LOADER(  570): ACDB -> send_asm_topology
11-28 18:03:11.574 D/ACDB-LOADER(  570): ACDB -> ACDB_CMD_GET_AUDPROC_STREAM_TOPOLOGY_ID
11-28 18:03:11.574 D/ACDB-LOADER(  570): ACDB -> send_adm_topology
11-28 18:03:11.574 D/ACDB-LOADER(  570): ACDB -> ACDB_CMD_GET_AUDPROC_COMMON_TOPOLOGY_ID
11-28 18:03:11.574 D/ACDB-LOADER(  570): ACDB -> send_audtable
11-28 18:03:11.574 D/ACDB-LOADER(  570): ACDB -> ACDB_CMD_GET_AUDPROC_COMMON_TABLE_SIZE
11-28 18:03:11.574 D/ACDB-LOADER(  570): ACDB -> ACDB_CMD_GET_AUDPROC_COMMON_TABLE
11-28 18:03:11.574 D/ACDB-LOADER(  570): ACDB -> AUDIO_SET_AUDPROC_CAL
11-28 18:03:11.575 D/ACDB-LOADER(  570): ACDB -> send_audvoltable
11-28 18:03:11.575 D/ACDB-LOADER(  570): ACDB -> ACDB_CMD_GET_AUDPROC_VOL_STEP_TABLE_SIZE
11-28 18:03:11.575 D/ACDB-LOADER(  570): ACDB -> ACDB_CMD_GET_AUDPROC_GAIN_DEP_STEP_TABLE, vol index 0
11-28 18:03:11.575 D/        (  570): Failed to fetch the lookup information of the device 0000000F 
11-28 18:03:11.575 E/ACDB-LOADER(  570): Error: ACDB AudProc vol returned = -19
11-28 18:03:11.575 D/ACDB-LOADER(  570): ACDB -> AUDIO_SET_VOL_CAL cal type = 12
11-28 18:03:11.575 D/ACDB-LOADER(  570): ACDB -> ACDB_CMD_GET_AUDPROC_STREAM_TABLE_SIZE
11-28 18:03:11.575 D/ACDB-LOADER(  570): ACDB -> send_audstrmtable
11-28 18:03:11.575 D/ACDB-LOADER(  570): ACDB -> ACDB_CMD_GET_AUDPROC_STREAM_TABLE_V2
11-28 18:03:11.575 D/ACDB-LOADER(  570): ACDB -> audstrm_cal->cal_type.cal_data.cal_size = 456
11-28 18:03:11.575 D/ACDB-LOADER(  570): ACDB -> send_afe_topology
11-28 18:03:11.575 D/ACDB-LOADER(  570): ACDB -> ACDB_CMD_GET_AFE_TOPOLOGY_ID
11-28 18:03:11.575 D/ACDB-LOADER(  570): ACDB -> GET_AFE_TOPOLOGY_ID for adcd_id 15, Topology Id 1025e
11-28 18:03:11.575 D/ACDB-LOADER(  570): ACDB -> send_afe_cal
11-28 18:03:11.575 D/ACDB-LOADER(  570): ACDB -> ACDB_CMD_GET_AFE_COMMON_TABLE_SIZE
11-28 18:03:11.575 D/ACDB-LOADER(  570): ACDB -> ACDB_CMD_GET_AFE_COMMON_TABLE
11-28 18:03:11.575 D/ACDB-LOADER(  570): ACDB -> AUDIO_SET_AFE_CAL
11-28 18:03:11.575 D/ACDB-LOADER(  570): ACDB -> send_hw_delay : acdb_id = 15 path = 0
11-28 18:03:11.575 D/ACDB-LOADER(  570): ACDB -> ACDB_AVSYNC_INFO: ACDB_CMD_GET_DEVICE_PROPERTY
11-28 18:03:11.575 D/audio_hw_primary(  570): enable_audio_route: apply mixer and update path: deep-buffer-playback
11-28 18:03:11.575 D/audio_route(  570): Apply path: deep-buffer-playback
11-28 18:03:11.576 D/audio_hw_primary(  570): select_devices: done
11-28 18:03:11.590 D/SurfaceControl( 1563): Excessive delay in setPowerMode()
11-28 18:03:11.599 V/LockPatternView( 1715): LockPatternView dimensions: 633x633
11-28 18:03:11.600 W/WindowManager( 1563): Attempted to set focus to non-existing app token: Token{78c923a ActivityRecord{e441eeb u0 com.test.readsms/.activity.OnePixActivity t1644}}
11-28 18:03:11.600 W/BaseMiuiPhoneWindowManager( 1563): keyCode:26 down:false eventTime:103798410 downTime:103798183 policyFlags:22000000 flags:8 deviceId:3 isScreenOn:true keyguardActive:true repeatCount:0
11-28 18:03:11.602 D/ActivityTrigger( 1563): activityStartTrigger: Activity is Triggerred in full screen ApplicationInfo{f048eb8 com.test.readsms}
11-28 18:03:11.602 E/ActivityTrigger( 1563): activityStartTrigger: not whiteListedcom.test.readsms/com.test.readsms.activity.OnePixActivity/1
11-28 18:03:11.604 D/CompatibilityInfo( 1563): mCompatibilityFlags - 0
11-28 18:03:11.604 D/CompatibilityInfo( 1563): applicationDensity - 320
11-28 18:03:11.604 D/CompatibilityInfo( 1563): applicationScale - 1.0
11-28 18:03:11.605 D/ActivityTrigger( 1563): activityResumeTrigger: The activity in ApplicationInfo{f048eb8 com.test.readsms} is now in focus and seems to be in full-screen mode
11-28 18:03:11.605 E/ActivityTrigger( 1563): activityResumeTrigger: not whiteListedcom.test.readsms/com.test.readsms.activity.OnePixActivity/1
11-28 18:03:11.608 D/CompatibilityInfo( 1563): mCompatibilityFlags - 0
11-28 18:03:11.608 D/CompatibilityInfo( 1563): applicationDensity - 320
11-28 18:03:11.608 D/CompatibilityInfo( 1563): applicationScale - 1.0
11-28 18:03:11.609 I/octvm_power( 2485): power mode [normal] start 1574935391
11-28 18:03:11.610 I/octvm_power( 2485): Action: set_bcbc_cust_state(disable) for [foreground_change]
11-28 18:03:11.610 I/octvm_drv( 2485): common drv: platform_set_bcbc_cust_state -> platform not support
11-28 18:03:11.610 I/octvm_power( 2485): Action: set_lcd_mode(default) for [foreground_change]
11-28 18:03:11.610 I/octvm_drv( 2485): common drv: platform_set_lcd_mode -> platform not support
11-28 18:03:11.610 I/octvm_power( 2485): Action: set_thermal_config(restore) for [foreground_change]
11-28 18:03:11.610 I/octvm_drv( 2485): common drv: platform_set_thermal_mode -> platform not support
11-28 18:03:11.610 I/octvm_power( 2485): onPowerModeChanged[normal] called
11-28 18:03:11.611 W/HeadsUpManager( 1715): removeHeadsUpNotification() no heads up notification on show
11-28 18:03:11.613 D/ActivityTrigger( 1563): ActivityTrigger activityPauseTrigger 
11-28 18:03:11.617 W/ActivityManager( 1563): Sending non-protected broadcast android.intent.action.KEYCODE_POWER_UP from system 1563:system/1000 pkg android. Callers=com.android.server.am.ActivityManagerService.broadcastIntentLocked:20355 com.android.server.am.ActivityManagerService.broadcastIntent:20542 android.app.ContextImpl.sendBroadcastAsUser:1140 com.android.server.policy.BaseMiuiPhoneWindowManager$16.run:2294 android.os.Handler.handleCallback:794 
11-28 18:03:11.625 D/audio_hw_primary(  570): adev_set_parameters: enter: screen_state=on
11-28 18:03:11.633 V/KeyguardUpdateMonitor( 1715): startListeningForFingerprint()
11-28 18:03:11.637 I/SSS..OnePixActivity(30300): ----- onCreate  -----
11-28 18:03:11.637 I/SSS.....OnePixActivity(30300): ----- onCreate  -----
11-28 18:03:11.639 D/ViewContentFactory(30300): initViewContentFetcherClass
11-28 18:03:11.639 I/ContentCatcher(30300): ViewContentFetcher : ViewContentFetcher
11-28 18:03:11.639 D/ViewContentFactory(30300): createInterceptor took 0ms
11-28 18:03:11.657 D/StatusBar( 1715): disable<e i a s B!H!R!C!s > disable2<q i n g r >
11-28 18:03:11.658 D/PhoneStatusBar/NavigationBarView( 1715): setDisabledFlags back:true home:true recent:true
11-28 18:03:11.659 D/KeyguardUpdateMonitor( 1715): handleKeyguardReset
11-28 18:03:11.660 V/KeyguardUpdateMonitor( 1715): startListeningForFingerprint()
11-28 18:03:11.662 W/KeyguardViewMediator( 1715): handleNotifyScreenTurningOn
11-28 18:03:11.662 D/FaceManagerImpl_client( 1715): inernational:false supportR:null nowR:CN
11-28 18:03:11.662 D/FaceManagerImpl_client( 1715): hasEnrolledFaces   res:-2
11-28 18:03:11.663 W/KeyguardViewMediator( 1715): notifyDrawn
11-28 18:03:11.663 D/KeyguardViewMediator( 1715): handleNotifyWakingUp
11-28 18:03:11.663 D/FaceManagerImpl_client( 1715): inernational:false supportR:null nowR:CN
11-28 18:03:11.663 W/WindowManager( 1563): Setting mKeyguardDrawComplete
11-28 18:03:11.663 D/FaceManagerImpl_client( 1715): hasEnrolledFaces   res:-2
11-28 18:03:11.669 D/systemui_boost( 1563): notification panel visible=true
11-28 18:03:11.669 D/systemui_boost( 1563): ui thread tid=1715
11-28 18:03:11.669 D/systemui_boost( 1563): render thread tid=2121
11-28 18:03:11.669 D/systemui_boost( 1563): ui thread old priority=0
11-28 18:03:11.669 D/systemui_boost( 1563): render thread old priority=-4
11-28 18:03:11.669 D/systemui_boost( 1563): thread tid=1715, priority is set to -10
11-28 18:03:11.669 D/systemui_boost( 1563): thread tid=2121, priority is set to -10
11-28 18:03:11.669 D/systemui_boost( 1563): ui thread and render thread are boosted
11-28 18:03:11.673 I/KeyguardIndication( 1715): updateIndication: mVisible true mDozing false mTransientIndication null mPowerPluggedIn true mShouldUpdateBatteryIndication true mUpArrowIndication null
11-28 18:03:11.673 W/WindowManager( 1563): Setting mWindowManagerDrawComplete
11-28 18:03:11.677 D/KeyguardViewMediator( 1715): notifyScreenTurnedOn
11-28 18:03:11.678 W/PowerManagerService( 1563): Screen on took 305 ms
11-28 18:03:11.681 V/KeyguardSecurityModel( 1715): getSecurityMode security=65536
11-28 18:03:11.681 D/StatusBar( 1715): updatePublicMode() showingKeyguard=true,devicePublic=true
11-28 18:03:11.681 D/StatusBar( 1715): updateStackScrollerState() publicMode=true,isKeyguardShowing=true
11-28 18:03:11.684 D/StatusBar( 1715): disable<e i a s B H R C s > disable2<q i n g r >
11-28 18:03:11.686 V/KeyguardUpdateMonitor( 1715): startListeningForFingerprint()
11-28 18:03:11.689 D/MiuiKeyguardChargingContainer( 1715): resetViewsCollapseState: 
11-28 18:03:11.690 I/KeyguardIndication( 1715): updateIndication: mVisible true mDozing false mTransientIndication  mPowerPluggedIn true mShouldUpdateBatteryIndication true mUpArrowIndication null
11-28 18:03:11.690 I/KeyguardIndication( 1715): updateIndication: mVisible true mDozing false mTransientIndication  mPowerPluggedIn true mShouldUpdateBatteryIndication true mUpArrowIndication 上滑解锁
11-28 18:03:11.691 D/EventBus( 1715): [1715, u0]  -> PowerUI [0x3771e9b, P1] onBusEvent(ScreenOnEvent)
11-28 18:03:11.691 D/PowerUI ( 1715): onBusEvent ScreenOnEvent
11-28 18:03:11.691 D/EventBus( 1715): [1715, u0] onBusEvent(ScreenOnEvent) duration: 44 microseconds, avg: 187
11-28 18:03:11.691 D/EventBus( 1715): [1715, u0]  -> StatusBar [0xe4e25f1, P1] onBusEvent(ScreenOnEvent)
11-28 18:03:11.691 D/EventBus( 1715): [1715, u0] onBusEvent(ScreenOnEvent) duration: 8 microseconds, avg: 187
11-28 18:03:11.692 I/SSS..OnePixActivity(30300): ----- onStart  ----
11-28 18:03:11.692 I/SSS.....OnePixActivity(30300): ----- onStart  -----
11-28 18:03:11.701 I/SSS..OnePixActivity(30300): ----- onResume  ----
11-28 18:03:11.701 I/SSS.....OnePixActivity(30300): ----- onResume  -----
11-28 18:03:11.705 D/msm8916_platform(  570): platform_set_channel_map mixer_ctl_name:Playback Channel Map0
11-28 18:03:11.706 D/msm8916_platform(  570): platform_set_channel_map: set mapping(1 2 0 0 0 0 0 0) for channel:2
11-28 18:03:11.706 D/audio_hw_primary(  570): start_output_stream: exit
11-28 18:03:11.707 D/wt_audio_cust(  570): wt_audio_mmi_setparameter: enter: screen_state=on
11-28 18:03:11.707 E/wt_audio_cust(  570): wt_audio_mmi_setparameter mmi test -2
11-28 18:03:11.707 D/audio_hw_primary(  570): mmi status = -2
11-28 18:03:11.707 D/audio_hw_extn(  570): audio_extn_set_anc_parameters: anc_enabled:0
11-28 18:03:11.707 D/audio_hw_spkr_prot(  570): audio_extn_fbsp_set_parameters: Speaker protection disabled
11-28 18:03:11.710 D/KeyguardViewMediator( 1715): onFinishedWakingUp
11-28 18:03:11.716 I/SSS..OnePixActivity(30300): ----- onPause  ----
11-28 18:03:11.716 I/SSS.....OnePixActivity(30300): ----- onPause  -----
11-28 18:03:11.717 I/QCNEJ/CndHalConnector( 1994): -> SND notifyScreenStateChanged(true)
11-28 18:03:11.717 I/QCNEJ/CndHalConnector( 1994): -> SND notifyScreenStateChanged(false)
11-28 18:03:11.725 D/ActivityTrigger( 1563): ActivityTrigger activityStopTrigger 
11-28 18:03:11.735 V/BtOppService( 1691): action : android.intent.action.SCREEN_ON
11-28 18:03:11.746 I/SSS..App(30300): -----  SMSService  -----: running
11-28 18:03:11.747 D/cactus  (30300): foreground
11-28 18:03:11.749 D/NuPlayerDriver(  860): pause(0xf239d230)
11-28 18:03:11.749 I/PowerCheckerService( 3821): uid:10153change to inactive
11-28 18:03:11.749 D/NuPlayerDriver(  860): notifyListener_l(0xf239d230), (7, 0, 0, -1), loop setting(0, 0)
11-28 18:03:11.749 I/AppActiveChecker( 3821): uid:10153change to inactive
11-28 18:03:11.750 D/cactus  (30300): music is pause
11-28 18:03:11.750 E/AudioFlinger(  851): open /proc/860/cmdline error
11-28 18:03:11.750 I/AudioFlinger(  851): setAppName(), name=[], active=[0]
11-28 18:03:11.751 D/Avrcp   ( 1691): AudioManager Player: ID:23 -- type:android.media.SoundPool -- u/pid:1000/1715 -- state:idle -- attr:AudioAttributes: usage=USAGE_ASSISTANCE_SONIFICATION content=CONTENT_TYPE_SONIFICATION flags=0x0 tags= bundle=null
11-28 18:03:11.752 D/Avrcp   ( 1691): AudioManager Player: ID:1047 -- type:android.media.MediaPlayer -- u/pid:10153/30300 -- state:paused -- attr:AudioAttributes: usage=USAGE_UNKNOWN content=CONTENT_TYPE_UNKNOWN flags=0x0 tags= bundle=null
11-28 18:03:11.752 D/Avrcp   ( 1691): AudioManager Player: ID:15 -- type:android.media.SoundPool -- u/pid:1000/1563 -- state:idle -- attr:AudioAttributes: usage=USAGE_ASSISTANCE_SONIFICATION content=CONTENT_TYPE_SONIFICATION flags=0x0 tags= bundle=null
11-28 18:03:11.752 D/Avrcp   ( 1691): AudioManager isPlaying: false, mA2dpState: 11, isMusiActive: true
11-28 18:03:11.752 V/Avrcp   ( 1691): updateCurrentMediaState: mReportedPlayerID: 0 mCurrAddrPlayerID: 2 mReportedPlayStatus: -1
11-28 18:03:11.752 V/Avrcp   ( 1691): updateCurrentMediaState: mMediaController: null
11-28 18:03:11.752 V/Avrcp   ( 1691): updateCurrentMediaState: isPlaying = false
11-28 18:03:11.752 V/Avrcp   ( 1691): updateCurrentMediaState: mMediaController or getPlaybackState() null
11-28 18:03:11.752 V/Avrcp   ( 1691): Media update: id -1➡-1? [MediaAttributes: none] : [MediaAttributes: none]
11-28 18:03:11.752 V/Avrcp   ( 1691): newPlayStatus:2mReportedPlayStatus:-1
11-28 18:03:11.752 V/Avrcp   ( 1691): updatePlayPauseState, state: PlaybackState {state=2, position=-1, buffered position=0, speed=0.0, updated=890567088, actions=0, custom actions=[], active item id=-1, error=null} device: null
11-28 18:03:11.752 V/Avrcp   ( 1691): Device: no name: 
11-28 18:03:11.752 V/Avrcp   ( 1691): updatePlayerPlayPauseState, old=PlaybackState {state=2, position=-1, buffered position=0, speed=0.0, updated=890566858, actions=0, custom actions=[], active item id=-1, error=null}, state=PlaybackState {state=2, position=-1, buffered position=0, speed=0.0, updated=890567088, actions=0, custom actions=[], active item id=-1, error=null}
11-28 18:03:11.752 V/Avrcp   ( 1691): old state = PlaybackState {state=2, position=-1, buffered position=0, speed=0.0, updated=890566858, actions=0, custom actions=[], active item id=-1, error=null}, new state= PlaybackState {state=2, position=-1, buffered position=0, speed=0.0, updated=890567088, actions=0, custom actions=[], active item id=-1, error=null}
11-28 18:03:11.752 D/Avrcp   ( 1691): updatePlayStatusForDevice: mCurrentDevice is null.
11-28 18:03:11.752 D/Avrcp   ( 1691): Enter sendPlayPosNotificationRsp
11-28 18:03:11.752 D/Avrcp   ( 1691): sendPlayPosNotificationRsp: Not registered or requesting.
11-28 18:03:11.752 V/Avrcp   ( 1691): Exit updatePlayerStateAndPosition
11-28 18:03:11.753 V/c       ( 2547): onNotificationPostedCallBack:StatusBarNotification(pkg=com.test.readsms user=UserHandle{0} id=1 tag=null key=0|com.test.readsms|1|null|10153: Notification(channel=100 pri=2 contentView=null vibrate=null sound=null defaults=0x0 flags=0x20 color=0x00000000 vis=PUBLIC))
11-28 18:03:11.754 V/onNotificationPostedCallBack( 2547): flags=32
11-28 18:03:11.776 D/PowerCheckerService( 3821): foreground, uid = 10153, app = com.test.readsms
11-28 18:03:11.776 D/KeyguardViewMediator( 1715): handleNotifyScreenTurnedOn
11-28 18:03:11.784 I/StatusBar( 1715): onNotificationPosted key:0|com.test.readsms|1|null|10153 isUpdate:true
11-28 18:03:11.785 I/StatusBar( 1715): handleNotification key:0|com.test.readsms|1|null|10153 isUpdate:true
11-28 18:03:11.785 D/StatusBar( 1715): updateNotification(StatusBarNotification(pkg=com.test.readsms user=UserHandle{0} id=1 tag=null key=0|com.test.readsms|1|null|10153: Notification(channel=100 pri=2 contentView=null vibrate=null sound=null defaults=0x0 flags=0x20 color=0x00000000 vis=PUBLIC)))
11-28 18:03:11.804 D/AudioFlinger(  851): mixer(0xec5032c0) throttle end: throttle time(44)
11-28 18:03:11.823 D/StatusBar( 1715): No peeking: status bar expanded: 0|com.test.readsms|1|null|10153
11-28 18:03:11.824 W/BaseMiuiPhoneWindowManager( 1563): keyCode:26 down:true eventTime:103798634 downTime:103798634 policyFlags:22000000 flags:8 deviceId:3 isScreenOn:true keyguardActive:true repeatCount:0
11-28 18:03:11.824 D/systemui_boost( 1563): notification panel visible=true
11-28 18:03:11.825 D/systemui_boost( 1563): ui thread tid=1563
11-28 18:03:11.825 D/systemui_boost( 1563): render thread tid=0
11-28 18:03:11.825 E/systemui_boost( 1563): render-thread tid = 0, do not boost
11-28 18:03:11.849 W/ActivityManager( 1563): Bringing down service while still waiting for start foreground: ServiceRecord{3af83f u0 com.test.readsms/.service.SMSService}
11-28 18:03:11.887 W/Market-ScreenReceiver(21706): Intent { act=android.intent.action.SCREEN_ON flg=0x50200010 }
11-28 18:03:11.899 E/octvm_klo( 2485): get the dalvik.vm.stack-trace-file failed
11-28 18:03:11.905 D/cactus  (30300): screen on
11-28 18:03:11.908 I/SSS..ScreenReceiver(30300): ----- 亮屏 -----
11-28 18:03:11.922 I/zygote64( 1563): Looking for service android.hidl.manager@1.0::IServiceManager/default
11-28 18:03:11.922 D/ActivityTrigger( 1563): activityResumeTrigger: The activity in ApplicationInfo{f048eb8 com.test.readsms} is now in focus and seems to be in full-screen mode
11-28 18:03:11.922 E/ActivityTrigger( 1563): activityResumeTrigger: not whiteListedcom.test.readsms/com.test.readsms.MainActivity/1
11-28 18:03:11.924 I/zygote64( 1563): Starting thread pool.
11-28 18:03:11.930 D/ActivityTrigger( 1563): ActivityTrigger activityPauseTrigger 
11-28 18:03:11.946 W/AudioFlinger(  851): moveEffectChain_l() effect chain for session 0 not on source thread 0xec5032c0
11-28 18:03:11.947 D/ActivityTrigger( 1563): activityResumeTrigger: The activity in ApplicationInfo{f43320f com.miui.home} is now in focus and seems to be in full-screen mode
11-28 18:03:11.948 E/ActivityTrigger( 1563): activityResumeTrigger: not whiteListedcom.miui.home/com.miui.home.launcher.Launcher/41301316
11-28 18:03:11.951 D/CompatibilityInfo( 1563): mCompatibilityFlags - 0
11-28 18:03:11.951 D/CompatibilityInfo( 1563): applicationDensity - 320
11-28 18:03:11.951 D/CompatibilityInfo( 1563): applicationScale - 1.0
11-28 18:03:11.951 D/ActivityTrigger( 1563): activityResumeTrigger: The activity in ApplicationInfo{f43320f com.miui.home} is now in focus and seems to be in full-screen mode
11-28 18:03:11.952 E/ActivityTrigger( 1563): activityResumeTrigger: not whiteListedcom.miui.home/com.miui.home.launcher.Launcher/41301316
11-28 18:03:11.953 D/Launcher(22600): get showing item successandroid.graphics.Bitmap@cd07407
11-28 18:03:11.955 I/OpenGLRenderer( 1563): Initialized EGL, version 1.4
11-28 18:03:11.955 D/OpenGLRenderer( 1563): Swap behavior 2
11-28 18:03:11.959 I/SSS..OnePixActivity(30300): -----  onDestroy  ----
11-28 18:03:11.959 I/SSS.....OnePixActivity(30300): ----- onDestroy  -----
11-28 18:03:11.960 D/AndroidRuntime(30300): Shutting down VM
11-28 18:03:11.963 E/AndroidRuntime(30300): FATAL EXCEPTION: main
11-28 18:03:11.963 E/AndroidRuntime(30300): Process: com.test.readsms, PID: 30300
11-28 18:03:11.963 E/AndroidRuntime(30300): java.lang.RuntimeException: Unable to destroy activity {com.test.readsms/com.test.readsms.activity.OnePixActivity}: java.lang.IllegalArgumentException: Service not registered: com.test.readsms.service.SMSServiceConnection@f6c0505
11-28 18:03:11.963 E/AndroidRuntime(30300): 	at android.app.ActivityThread.performDestroyActivity(ActivityThread.java:4450)
11-28 18:03:11.963 E/AndroidRuntime(30300): 	at android.app.ActivityThread.handleDestroyActivity(ActivityThread.java:4468)
11-28 18:03:11.963 E/AndroidRuntime(30300): 	at android.app.ActivityThread.-wrap5(Unknown Source:0)
11-28 18:03:11.963 E/AndroidRuntime(30300): 	at android.app.ActivityThread$H.handleMessage(ActivityThread.java:1678)
11-28 18:03:11.963 E/AndroidRuntime(30300): 	at android.os.Handler.dispatchMessage(Handler.java:106)
11-28 18:03:11.963 E/AndroidRuntime(30300): 	at android.os.Looper.loop(Looper.java:176)
11-28 18:03:11.963 E/AndroidRuntime(30300): 	at android.app.ActivityThread.main(ActivityThread.java:6651)
11-28 18:03:11.963 E/AndroidRuntime(30300): 	at java.lang.reflect.Method.invoke(Native Method)
11-28 18:03:11.963 E/AndroidRuntime(30300): 	at com.android.internal.os.RuntimeInit$MethodAndArgsCaller.run(RuntimeInit.java:547)
11-28 18:03:11.963 E/AndroidRuntime(30300): 	at com.android.internal.os.ZygoteInit.main(ZygoteInit.java:824)
11-28 18:03:11.963 E/AndroidRuntime(30300): Caused by: java.lang.IllegalArgumentException: Service not registered: com.test.readsms.service.SMSServiceConnection@f6c0505
11-28 18:03:11.963 E/AndroidRuntime(30300): 	at android.app.LoadedApk.forgetServiceDispatcher(LoadedApk.java:1492)
11-28 18:03:11.963 E/AndroidRuntime(30300): 	at android.app.ContextImpl.unbindService(ContextImpl.java:1648)
11-28 18:03:11.963 E/AndroidRuntime(30300): 	at android.content.ContextWrapper.unbindService(ContextWrapper.java:713)
11-28 18:03:11.963 E/AndroidRuntime(30300): 	at com.test.readsms.activity.OnePixActivity.onDestroy(OnePixActivity.java:101)
11-28 18:03:11.963 E/AndroidRuntime(30300): 	at android.app.Activity.performDestroy(Activity.java:7297)
11-28 18:03:11.963 E/AndroidRuntime(30300): 	at android.app.Instrumentation.callActivityOnDestroy(Instrumentation.java:1250)
11-28 18:03:11.963 E/AndroidRuntime(30300): 	at android.app.ActivityThread.performDestroyActivity(ActivityThread.java:4437)
11-28 18:03:11.963 E/AndroidRuntime(30300): 	... 9 more
11-28 18:03:11.969 I/SA.SensorsDataAPI(30300): track event:
11-28 18:03:11.969 I/SA.SensorsDataAPI(30300): {
11-28 18:03:11.969 I/SA.SensorsDataAPI(30300): 	"_track_id":568018777,
11-28 18:03:11.969 I/SA.SensorsDataAPI(30300): 	"time":1574935391918,
11-28 18:03:11.969 I/SA.SensorsDataAPI(30300): 	"type":"track",
11-28 18:03:11.969 I/SA.SensorsDataAPI(30300): 	"distinct_id":"a8753723dc9a51f0",
11-28 18:03:11.969 I/SA.SensorsDataAPI(30300): 	"lib":{
11-28 18:03:11.969 I/SA.SensorsDataAPI(30300): 		"$lib":"Android",
11-28 18:03:11.969 I/SA.SensorsDataAPI(30300): 		"$lib_version":"3.2.7",
11-28 18:03:11.969 I/SA.SensorsDataAPI(30300): 		"$app_version":"1.0",
11-28 18:03:11.969 I/SA.SensorsDataAPI(30300): 		"$lib_method":"code",
11-28 18:03:11.969 I/SA.SensorsDataAPI(30300): 		"$lib_detail":"com.test.readsms.activity.OnePixActivity######"
11-28 18:03:11.969 I/SA.SensorsDataAPI(30300): 	},
11-28 18:03:11.969 I/SA.SensorsDataAPI(30300): 	"event":"$AppViewScreen",
11-28 18:03:11.969 I/SA.SensorsDataAPI(30300): 	"properties":{
11-28 18:03:11.969 I/SA.SensorsDataAPI(30300): 		"$lib":"Android",
11-28 18:03:11.969 I/SA.SensorsDataAPI(30300): 		"$carrier":"中国联通",
11-28 18:03:11.969 I/SA.SensorsDataAPI(30300): 		"$os_version":"8.1.0",
11-28 18:03:11.969 I/SA.SensorsDataAPI(30300): 		"$device_id":"a8753723dc9a51f0",
11-28 18:03:11.969 I/SA.SensorsDataAPI(30300): 		"$lib_version":"3.2.7",
11-28 18:03:11.969 I/SA.SensorsDataAPI(30300): 		"$model":"Redmi 5",
11-28 18:03:11.969 I/SA.SensorsDataAPI(30300): 		"$os":"Android",
11-28 18:03:11.969 I/SA.SensorsDataAPI(30300): 		"$screen_width":720,
11-28 18:03:11.969 I/SA.SensorsDataAPI(30300): 		"$screen_height":1440,
11-28 18:03:11.969 I/SA.SensorsDataAPI(30300): 		"$manufacturer":"Xiaomi",
11-28 18:03:11.969 I/SA.SensorsDataAPI(30300): 		"$app_version":"1.0",
11-28 18:03:11.969 I/SA.SensorsDataAPI(30300): 		"$wifi":true,
11-28 18:03:11.969 I/SA.SensorsDataAPI(30300): 		"$network_type":"WIFI",
11-28 18:03:11.969 I/SA.SensorsDataAPI(30300): 		"$screen_name":"com.test.readsms.activity.OnePixActivity",
11-28 18:03:11.969 I/SA.SensorsDataAPI(30300): 		"$title":"OnePix",
11-28 18:03:11.969 I/SA.SensorsDataAPI(30300): 		"$is_first_day":true
11-28 18:03:11.969 I/SA.SensorsDataAPI(30300): 	}
11-28 18:03:11.969 I/SA.SensorsDataAPI(30300): }
11-28 18:03:12.018 W/BaseMiuiPhoneWindowManager( 1563): keyCode:26 down:false eventTime:103798828 downTime:103798634 policyFlags:22000000 flags:8 deviceId:3 isScreenOn:true keyguardActive:true repeatCount:0
11-28 18:03:12.020 W/ActivityManager( 1563): Sending non-protected broadcast android.intent.action.KEYCODE_POWER_UP from system 1563:system/1000 pkg android. Callers=com.android.server.am.ActivityManagerService.broadcastIntentLocked:20355 com.android.server.am.ActivityManagerService.broadcastIntent:20542 android.app.ContextImpl.sendBroadcastAsUser:1140 com.android.server.policy.BaseMiuiPhoneWindowManager$16.run:2294 android.os.Handler.handleCallback:794 
11-28 18:03:12.020 D/KeyguardViewMediator( 1715): onStartedGoingToSleep(2)
11-28 18:03:12.022 D/KeyguardViewMediator( 1715): notifyStartedGoingToSleep
11-28 18:03:12.022 D/EventBus( 1715): [1715, u0] post(ScreenOffEvent)
11-28 18:03:12.022 I/KeyguardIndication( 1715): updateIndication: mVisible true mDozing false mTransientIndication  mPowerPluggedIn true mShouldUpdateBatteryIndication true mUpArrowIndication 上滑解锁
11-28 18:03:12.022 I/KeyguardIndication( 1715): updateIndication: mVisible true mDozing false mTransientIndication  mPowerPluggedIn true mShouldUpdateBatteryIndication true mUpArrowIndication null
11-28 18:03:12.023 V/KeyguardUpdateMonitor( 1715): startListeningForFingerprint()
11-28 18:03:12.027 D/KeyguardViewMediator( 1715): handleNotifyStartedGoingToSleep
11-28 18:03:12.033 D/EventBus( 1715): [1715, u0]  -> PowerUI [0x3771e9b, P1] onBusEvent(ScreenOffEvent)
11-28 18:03:12.033 D/PowerUI ( 1715): onBusEvent ScreenOffEvent
11-28 18:03:12.033 D/EventBus( 1715): [1715, u0] onBusEvent(ScreenOffEvent) duration: 41 microseconds, avg: 187
11-28 18:03:12.033 D/EventBus( 1715): [1715, u0]  -> StatusBar [0xe4e25f1, P1] onBusEvent(ScreenOffEvent)
11-28 18:03:12.033 D/EventBus( 1715): [1715, u0] onBusEvent(ScreenOffEvent) duration: 50 microseconds, avg: 187
11-28 18:03:12.042 W/MiuiPerfServiceClient( 2664): interceptAndQueuing:1715|com.android.systemui|305|246|unknown|null|StatusBar|103798601504931|Slow main thread|2
11-28 18:03:12.085 D/SurfaceFlinger(  614): Set power mode=0, type=0 flinger=0x7f47845000
11-28 18:03:12.086 I/SDM     (  580): DisplayBase::SetDisplayState: Set state = 0, display 0
11-28 18:03:12.087 D/KeyguardViewMediator( 1715): notifyScreenTurnedOff
11-28 18:03:12.090 D/CompatibilityInfo( 1563): mCompatibilityFlags - 10
11-28 18:03:12.091 D/CompatibilityInfo( 1563): applicationDensity - 320
11-28 18:03:12.091 D/CompatibilityInfo( 1563): applicationScale - 1.0
11-28 18:03:12.092 D/KeyguardViewMediator( 1715): handleNotifyScreenTurnedOff
11-28 18:03:12.095 I/InputReader( 1563): Reconfiguring input devices.  changes=0x00000004
11-28 18:03:12.249 I/SA.SensorsDataAPI(30300): track event:
11-28 18:03:12.249 I/SA.SensorsDataAPI(30300): {
11-28 18:03:12.249 I/SA.SensorsDataAPI(30300): 	"_track_id":-1227792462,
11-28 18:03:12.249 I/SA.SensorsDataAPI(30300): 	"time":1574935392217,
11-28 18:03:12.249 I/SA.SensorsDataAPI(30300): 	"type":"track",
11-28 18:03:12.249 I/SA.SensorsDataAPI(30300): 	"distinct_id":"a8753723dc9a51f0",
11-28 18:03:12.249 I/SA.SensorsDataAPI(30300): 	"lib":{
11-28 18:03:12.249 I/SA.SensorsDataAPI(30300): 		"$lib":"Android",
11-28 18:03:12.249 I/SA.SensorsDataAPI(30300): 		"$lib_version":"3.2.7",
11-28 18:03:12.249 I/SA.SensorsDataAPI(30300): 		"$app_version":"1.0",
11-28 18:03:12.249 I/SA.SensorsDataAPI(30300): 		"$lib_method":"code",
11-28 18:03:12.249 I/SA.SensorsDataAPI(30300): 		"$lib_detail":"com.sensorsdata.analytics.android.sdk.SensorsDataAPI##trackEvent##SensorsDataAPI.java##3069"
11-28 18:03:12.249 I/SA.SensorsDataAPI(30300): 	},
11-28 18:03:12.249 I/SA.SensorsDataAPI(30300): 	"event":"AppCrashed",
11-28 18:03:12.249 I/SA.SensorsDataAPI(30300): 	"properties":{
11-28 18:03:12.249 I/SA.SensorsDataAPI(30300): 		"$lib":"Android",
11-28 18:03:12.249 I/SA.SensorsDataAPI(30300): 		"$carrier":"中国联通",
11-28 18:03:12.249 I/SA.SensorsDataAPI(30300): 		"$os_version":"8.1.0",
11-28 18:03:12.249 I/SA.SensorsDataAPI(30300): 		"$device_id":"a8753723dc9a51f0",
11-28 18:03:12.249 I/SA.SensorsDataAPI(30300): 		"$lib_version":"3.2.7",
11-28 18:03:12.249 I/SA.SensorsDataAPI(30300): 		"$model":"Redmi 5",
11-28 18:03:12.249 I/SA.SensorsDataAPI(30300): 		"$os":"Android",
11-28 18:03:12.249 I/SA.SensorsDataAPI(30300): 		"$screen_width":720,
11-28 18:03:12.249 I/SA.SensorsDataAPI(30300): 		"$screen_height":1440,
11-28 18:03:12.249 I/SA.SensorsDataAPI(30300): 		"$manufacturer":"Xiaomi",
11-28 18:03:12.249 I/SA.SensorsDataAPI(30300): 		"$app_version":"1.0",
11-28 18:03:12.249 I/SA.SensorsDataAPI(30300): 		"$wifi":true,
11-28 18:03:12.249 I/SA.SensorsDataAPI(30300): 		"$network_type":"WIFI",
11-28 18:03:12.249 I/SA.SensorsDataAPI(30300): 		"app_crashed_reason":"java.lang.RuntimeException: Unable to destroy activity {com.test.readsms\/com.test.readsms.activity.OnePixActivity}: java.lang.IllegalArgumentException: Service not registered: com.test.readsms.service.SMSServiceConnection@f6c0505\n\tat android.app.ActivityThread.performDestroyActivity(ActivityThread.java:4450)\n\tat android.app.ActivityThread.handleDestroyActivity(ActivityThread.java:4468)\n\tat android.app.ActivityThread.-wrap5(Unknown Source:0)\n\tat android.app.ActivityThread$H.handleMessage(ActivityThread.java:1678)\n\tat android.os.Handler.dispatchMessage(Handler.java:106)\n\tat android.os.Looper.loop(Looper.java:176)\n\tat android.app.ActivityThread.main(ActivityThread.java:6651)\n\tat java.lang.reflect.Method.invoke(Native Method)\n\tat com.android.internal.os.RuntimeInit$MethodAndArgsCaller.run(RuntimeInit.java:547)\n\tat com.android.internal.os.ZygoteInit.main(ZygoteInit.java:824)\nCaused by: java.lang.IllegalArgumentException: Service not registered: com.test.readsms.service.SMSServiceConnection@f6c0505\n\tat android.app.LoadedApk.forgetServiceDispatcher(LoadedApk.java:1492)\n\tat android.app.ContextImpl.unbindService(ContextImpl.java:1648)\n\tat android.content.ContextWrapper.unbindService(ContextWrapper.java:713)\n\tat com.test.readsms.activity.OnePixActivity.onDestroy(OnePixActivity.java:101)\n\tat android.app.Activity.performDestroy(Activity.java:7297)\n\tat android.app.Instrumentation.callActivityOnDestroy(Instrumentation.java:1250)\n\tat android.app.ActivityThread.performDestroyActivity(ActivityThread.java:4437)\n\t... 9 more\njava.lang.IllegalArgumentException: Service not registered: com.test.readsms.service.SMSServiceConnection@f6c0505\n\tat android.app.LoadedApk.forgetServiceDispatcher(LoadedApk.java:1492)\n\tat android.app.ContextImpl.unbindService(ContextImpl.java:1648)\n\tat android.content.ContextWrapper.unbindService(ContextWrapper.java:713)\n\tat com.test.readsms.activity.OnePixActivity.onDestroy(OnePixActivity.java:101)\n\tat android.app.Activity.performDestroy(Activity.java:7297)\n\tat android.app.Instrumentation.callActivityOnDestroy(Instrumentation.java:1250)\n\tat android.app.ActivityThread.performDestroyActivity(ActivityThread.java:4437)\n\tat android.app.ActivityThread.handleDestroyActivity(ActivityThread.java:4468)\n\tat android.app.ActivityThread.-wrap5(Unknown Source:0)\n\tat android.app.ActivityThread$H.handleMessage(ActivityThread.java:1678)\n\tat android.os.Handler.dispatchMessage(Handler.java:106)\n\tat android.os.Looper.loop(Looper.java:176)\n\tat android.app.ActivityThread.main(ActivityThread.java:6651)\n\tat java.lang.reflect.Method.invoke(Native Method)\n\tat com.android.internal.os.RuntimeInit$MethodAndArgsCaller.run(RuntimeInit.java:547)\n\tat com.android.internal.os.ZygoteInit.main(ZygoteInit.java:824)\n",
11-28 18:03:12.249 I/SA.SensorsDataAPI(30300): 		"$is_first_day":true
11-28 18:03:12.249 I/SA.SensorsDataAPI(30300): 	}
11-28 18:03:12.249 I/SA.SensorsDataAPI(30300): }
11-28 18:03:12.265 W/BaseMiuiPhoneWindowManager( 1563): keyCode:26 down:true eventTime:103799075 downTime:103799075 policyFlags:2000000 flags:8 deviceId:3 isScreenOn:false keyguardActive:true repeatCount:0
11-28 18:03:12.265 D/systemui_boost( 1563): notification panel visible=true
11-28 18:03:12.265 D/systemui_boost( 1563): ui thread tid=1563
11-28 18:03:12.265 D/systemui_boost( 1563): render thread tid=0
11-28 18:03:12.265 E/systemui_boost( 1563): render-thread tid = 0, do not boost
11-28 18:03:12.270 D/KeyguardViewMediator( 1715): onStartedWakingUp, reason = android.policy:POWER
11-28 18:03:12.273 D/PowerKeeper.Event( 3821): notifyScreenChange 0
11-28 18:03:12.274 I/octvm_klo( 2485): screen_toggled event:screen_state:0
11-28 18:03:12.274 I/octvm_klo( 2485): last_screen_toggle_on_time:1574935391, this toggle:1574935392
11-28 18:03:12.274 I/octvm_klo( 2485): screen_toggled event:screen_state:1
11-28 18:03:12.274 D/KeyguardViewMediator( 1715): onFinishedGoingToSleep(2)
11-28 18:03:12.274 D/KeyguardViewMediator( 1715): notifyFinishedGoingToSleep
11-28 18:03:12.274 E/KeyguardViewMediator( 1715): resetStateLocked
11-28 18:03:12.275 I/octvm_power( 2485): power mode [idle] start 1574935392
11-28 18:03:12.275 D/PowerKeeper.Event( 3821): notifyScreenTriggle value: 0
11-28 18:03:12.276 D/PowerKeeper.Event( 3821): notifyScreenChange 1
11-28 18:03:12.276 I/octvm_power( 2485): Action: set_thermal_config(restore) for [foreground_change]
11-28 18:03:12.276 I/octvm_drv( 2485): common drv: platform_set_thermal_mode -> platform not support
11-28 18:03:12.276 I/octvm_power( 2485): onPowerModeChanged[idle] called
11-28 18:03:12.276 D/KeyguardViewMediator( 1715): handleNotifyFinishedGoingToSleep
11-28 18:03:12.276 W/KeyguardViewMediator( 1715): notifyScreenOn
11-28 18:03:12.277 D/systemui_boost( 1563): notification panel visible=false
11-28 18:03:12.277 D/systemui_boost( 1563): ui thread tid=1715
11-28 18:03:12.277 D/systemui_boost( 1563): render thread tid=2121
11-28 18:03:12.278 D/systemui_boost( 1563): thread tid=1715, priority is set to 0
11-28 18:03:12.278 D/systemui_boost( 1563): thread tid=2121, priority is set to -4
11-28 18:03:12.278 D/systemui_boost( 1563): ui thread and render thread are reset
11-28 18:03:12.279 D/PowerKeeper.Event( 3821): notifyScreenTriggle value: 1
11-28 18:03:12.280 I/octvm_power( 2485): power mode [keyguard] start 1574935392
11-28 18:03:12.280 I/octvm_power( 2485): Action: set_bcbc_cust_state(disable) for [foreground_change]
11-28 18:03:12.280 I/octvm_drv( 2485): common drv: platform_set_bcbc_cust_state -> platform not support
11-28 18:03:12.280 I/octvm_power( 2485): Action: set_lcd_mode(default) for [foreground_change]
11-28 18:03:12.280 I/octvm_drv( 2485): common drv: platform_set_lcd_mode -> platform not support
11-28 18:03:12.280 I/octvm_power( 2485): Action: set_thermal_config(restore) for [foreground_change]
11-28 18:03:12.280 I/octvm_drv( 2485): common drv: platform_set_thermal_mode -> platform not support
11-28 18:03:12.280 I/octvm_power( 2485): onPowerModeChanged[keyguard] called
11-28 18:03:12.280 D/SurfaceControl( 1563): Excessive delay in setPowerMode()
11-28 18:03:12.281 I/QTI PowerHAL(  591): Got set_interactive hint
11-28 18:03:12.283 D/NetworkSecurityConfig(30300): Using Network Security Config from resource network_security_config debugBuild: true
11-28 18:03:12.283 I/KeyguardIndication( 1715): updateIndication: mVisible true mDozing false mTransientIndication null mPowerPluggedIn true mShouldUpdateBatteryIndication true mUpArrowIndication null
11-28 18:03:12.283 I/KeyguardIndication( 1715): updateIndication: mVisible true mDozing false mTransientIndication null mPowerPluggedIn true mShouldUpdateBatteryIndication true mUpArrowIndication null
11-28 18:03:12.283 I/QTI PowerHAL(  591): Got set_interactive hint on= 0, count= 1104
11-28 18:03:12.283 E/QTI PowerHAL(  591): Error opening /sys/kernel/hbtp/display_pwr: No such file or directory
11-28 18:03:12.285 I/QTI PowerHAL(  591): Got set_interactive hint
11-28 18:03:12.287 W/System  (30300): Ignoring header Cookie because its value was null.
11-28 18:03:12.291 I/QTI PowerHAL(  591): Got set_interactive hint on= 1, count= 1105
11-28 18:03:12.291 E/QTI PowerHAL(  591): Error opening /sys/kernel/hbtp/display_pwr: No such file or directory
11-28 18:03:12.297 D/SurfaceFlinger(  614): Set power mode=2, type=0 flinger=0x7f47845000
11-28 18:03:12.300 I/SDM     (  580): DisplayBase::SetDisplayState: Set state = 1, display 0
11-28 18:03:12.308 V/KeyguardSecurityModel( 1715): getSecurityMode security=65536
11-28 18:03:12.308 D/StatusBar( 1715): updatePublicMode() showingKeyguard=true,devicePublic=true
11-28 18:03:12.308 D/StatusBar( 1715): updateStackScrollerState() publicMode=true,isKeyguardShowing=true
11-28 18:03:12.313 D/StatusBar( 1715): disable<e i a s B H R C s > disable2<q i n g r >
11-28 18:03:12.314 D/KeyguardViewMediator( 1715): onStartedWakingUp, seq = 555
11-28 18:03:12.314 D/KeyguardViewMediator( 1715): notifyStartedWakingUp
11-28 18:03:12.314 D/KeyguardViewMediator( 1715): handleReset
11-28 18:03:12.316 D/EventBus( 1715): [1715, u0] post(ScreenOnEvent)
11-28 18:03:12.318 V/KeyguardSecurityModel( 1715): getSecurityMode security=65536
11-28 18:03:12.320 I/KeyguardIndication( 1715): updateIndication: mVisible true mDozing false mTransientIndication null mPowerPluggedIn true mShouldUpdateBatteryIndication true mUpArrowIndication null
11-28 18:03:12.328 V/KeyguardSecurityModel( 1715): getSecurityMode security=65536
11-28 18:03:12.329 D/StatusBar( 1715): updatePublicMode() showingKeyguard=true,devicePublic=true
11-28 18:03:12.329 D/StatusBar( 1715): updateStackScrollerState() publicMode=true,isKeyguardShowing=true
11-28 18:03:12.331 I/InputReader( 1563): Reconfiguring input devices.  changes=0x00000004
11-28 18:03:12.333 D/StatusBar( 1715): disable<e i a s B H R C s > disable2<q i n g r >
11-28 18:03:12.336 D/KeyguardViewMediator( 1715): adjustStatusBarLocked: mShowing=true mOccluded=false isSecure=true force=false --> flags=0x1e00000
11-28 18:03:12.336 D/KeyguardViewBase( 1715): show()
11-28 18:03:12.340 V/KeyguardSecurityModel( 1715): getSecurityMode security=65536
11-28 18:03:12.340 V/KeyguardSecurityView( 1715): showPrimarySecurityScreen(turningOff=false)
11-28 18:03:12.340 D/KeyguardSecurityView( 1715): showSecurityScreen(Pattern)
11-28 18:03:12.344 D/FaceManagerImpl_client( 1715): inernational:false supportR:null nowR:CN
11-28 18:03:12.345 I/KeyguardViewMediator( 1715): getBouncerPromptReason trust = false fingerprint = false faceUnlock = false bleUnlock = false strongAuth = 0
11-28 18:03:12.346 V/KeyguardUpdateMonitor( 1715): startListeningForFingerprint()
11-28 18:03:12.349 W/KeyguardViewMediator( 1715): handleNotifyScreenTurningOn
11-28 18:03:12.349 D/FaceManagerImpl_client( 1715): inernational:false supportR:null nowR:CN
11-28 18:03:12.349 D/FaceManagerImpl_client( 1715): hasEnrolledFaces   res:-2
11-28 18:03:12.350 W/KeyguardViewMediator( 1715): notifyDrawn
11-28 18:03:12.351 W/WindowManager( 1563): Setting mKeyguardDrawComplete
11-28 18:03:12.351 W/WindowManager( 1563): Setting mWindowManagerDrawComplete
11-28 18:03:12.353 D/CompatibilityInfo( 1563): mCompatibilityFlags - 0
11-28 18:03:12.353 D/CompatibilityInfo( 1563): applicationDensity - 320
11-28 18:03:12.353 D/CompatibilityInfo( 1563): applicationScale - 1.0
11-28 18:03:12.358 D/KeyguardViewMediator( 1715): handleNotifyWakingUp
11-28 18:03:12.358 D/FaceManagerImpl_client( 1715): inernational:false supportR:null nowR:CN
11-28 18:03:12.359 D/FaceManagerImpl_client( 1715): hasEnrolledFaces   res:-2
11-28 18:03:12.363 D/systemui_boost( 1563): notification panel visible=true
11-28 18:03:12.363 D/systemui_boost( 1563): ui thread tid=1715
11-28 18:03:12.363 D/systemui_boost( 1563): render thread tid=2121
11-28 18:03:12.363 D/systemui_boost( 1563): ui thread old priority=0
11-28 18:03:12.363 D/systemui_boost( 1563): render thread old priority=-4
11-28 18:03:12.363 D/systemui_boost( 1563): thread tid=1715, priority is set to -10
11-28 18:03:12.363 D/systemui_boost( 1563): thread tid=2121, priority is set to -10
11-28 18:03:12.363 D/systemui_boost( 1563): ui thread and render thread are boosted
11-28 18:03:12.365 I/KeyguardIndication( 1715): updateIndication: mVisible true mDozing false mTransientIndication null mPowerPluggedIn true mShouldUpdateBatteryIndication true mUpArrowIndication null
11-28 18:03:12.371 V/KeyguardSecurityModel( 1715): getSecurityMode security=65536
11-28 18:03:12.371 D/StatusBar( 1715): updatePublicMode() showingKeyguard=true,devicePublic=true
11-28 18:03:12.371 D/StatusBar( 1715): updateStackScrollerState() publicMode=true,isKeyguardShowing=true
11-28 18:03:12.374 D/StatusBar( 1715): disable<e i a s B H R C s > disable2<q i n g r >
11-28 18:03:12.376 V/KeyguardUpdateMonitor( 1715): startListeningForFingerprint()
11-28 18:03:12.378 D/MiuiKeyguardChargingContainer( 1715): resetViewsCollapseState: 
11-28 18:03:12.380 I/KeyguardIndication( 1715): updateIndication: mVisible true mDozing false mTransientIndication null mPowerPluggedIn true mShouldUpdateBatteryIndication true mUpArrowIndication 上滑解锁
11-28 18:03:12.380 D/EventBus( 1715): [1715, u0]  -> PowerUI [0x3771e9b, P1] onBusEvent(ScreenOnEvent)
11-28 18:03:12.380 D/PowerUI ( 1715): onBusEvent ScreenOnEvent
11-28 18:03:12.380 D/EventBus( 1715): [1715, u0] onBusEvent(ScreenOnEvent) duration: 37 microseconds, avg: 187
11-28 18:03:12.380 D/EventBus( 1715): [1715, u0]  -> StatusBar [0xe4e25f1, P1] onBusEvent(ScreenOnEvent)
11-28 18:03:12.380 D/EventBus( 1715): [1715, u0] onBusEvent(ScreenOnEvent) duration: 11 microseconds, avg: 187
11-28 18:03:12.380 D/KeyguardUpdateMonitor( 1715): handleKeyguardReset
11-28 18:03:12.381 V/KeyguardUpdateMonitor( 1715): startListeningForFingerprint()
11-28 18:03:12.399 W/ProcessCpuTracker( 1563): Skipping unknown process pid 30380
11-28 18:03:12.462 W/BaseMiuiPhoneWindowManager( 1563): keyCode:26 down:false eventTime:103799272 downTime:103799075 policyFlags:22000000 flags:8 deviceId:3 isScreenOn:true keyguardActive:true repeatCount:0
11-28 18:03:12.463 W/ActivityManager( 1563): Sending non-protected broadcast android.intent.action.KEYCODE_POWER_UP from system 1563:system/1000 pkg android. Callers=com.android.server.am.ActivityManagerService.broadcastIntentLocked:20355 com.android.server.am.ActivityManagerService.broadcastIntent:20542 android.app.ContextImpl.sendBroadcastAsUser:1140 com.android.server.policy.BaseMiuiPhoneWindowManager$16.run:2294 android.os.Handler.handleCallback:794 
11-28 18:03:12.501 D/SurfaceControl( 1563): Excessive delay in setPowerMode()
11-28 18:03:12.502 D/KeyguardViewMediator( 1715): notifyScreenTurnedOn
11-28 18:03:12.502 D/KeyguardViewMediator( 1715): handleNotifyScreenTurnedOn
11-28 18:03:12.503 W/PowerManagerService( 1563): Screen on took 238 ms
11-28 18:03:12.503 D/KeyguardViewMediator( 1715): onFinishedWakingUp
11-28 18:03:12.602 I/SA.AnalyticsMessages(30300): responseCode: 200
11-28 18:03:12.606 I/SA.AnalyticsMessages(30300): valid message: 
11-28 18:03:12.606 I/SA.AnalyticsMessages(30300): [
11-28 18:03:12.606 I/SA.AnalyticsMessages(30300): 	{
11-28 18:03:12.606 I/SA.AnalyticsMessages(30300): 		"_track_id":1779056828,
11-28 18:03:12.606 I/SA.AnalyticsMessages(30300): 		"time":1574935389515,
11-28 18:03:12.606 I/SA.AnalyticsMessages(30300): 		"type":"track",
11-28 18:03:12.606 I/SA.AnalyticsMessages(30300): 		"distinct_id":"a8753723dc9a51f0",
11-28 18:03:12.606 I/SA.AnalyticsMessages(30300): 		"lib":{
11-28 18:03:12.606 I/SA.AnalyticsMessages(30300): 			"$lib":"Android",
11-28 18:03:12.606 I/SA.AnalyticsMessages(30300): 			"$lib_version":"3.2.7",
11-28 18:03:12.606 I/SA.AnalyticsMessages(30300): 			"$app_version":"1.0",
11-28 18:03:12.606 I/SA.AnalyticsMessages(30300): 			"$lib_method":"code",
11-28 18:03:12.606 I/SA.AnalyticsMessages(30300): 			"$lib_detail":"com.test.readsms.MainActivity######"
11-28 18:03:12.606 I/SA.AnalyticsMessages(30300): 		},
11-28 18:03:12.606 I/SA.AnalyticsMessages(30300): 		"event":"$AppViewScreen",
11-28 18:03:12.606 I/SA.AnalyticsMessages(30300): 		"properties":{
11-28 18:03:12.606 I/SA.AnalyticsMessages(30300): 			"$lib":"Android",
11-28 18:03:12.606 I/SA.AnalyticsMessages(30300): 			"$carrier":"中国联通",
11-28 18:03:12.606 I/SA.AnalyticsMessages(30300): 			"$os_version":"8.1.0",
