11-28 18:03:17.025 W/MessageQueue(30508): 	at android.os.Handler.sendMessageDelayed(Handler.java:601)
11-28 18:03:17.025 W/MessageQueue(30508): 	at android.os.Handler.post(Handler.java:357)
11-28 18:03:17.025 W/MessageQueue(30508): 	at android.os.ResultReceiver$MyResultReceiver.send(ResultReceiver.java:57)
11-28 18:03:17.025 W/MessageQueue(30508): 	at com.android.internal.os.IResultReceiver$Stub.onTransact(IResultReceiver.java:58)
11-28 18:03:17.025 W/MessageQueue(30508): 	at android.os.Binder.execTransact(Binder.java:704)
11-28 18:03:17.027 I/app_process(30508): System.exit called, status: 0
11-28 18:03:17.027 I/AndroidRuntime(30508): VM exiting with result code 0.
11-28 18:03:17.049 I//system/bin/tombstoned(  886): received crash request for pid 2694
11-28 18:03:17.049 I//system/bin/tombstoned(  886): found intercept fd 512 for pid 2694 and type kDebuggerdJavaBacktrace
11-28 18:03:17.050 I/zygote64( 1563): libdebuggerd_client: done dumping process 2694
11-28 18:03:17.051 I/zygote64( 1563): libdebuggerd_client: started dumping process 29818
11-28 18:03:17.044 W/ActivityManager( 1563): type=1400 audit(0.0:8795): avc: denied { sys_resource } for capability=24 scontext=u:r:system_server:s0 tcontext=u:r:system_server:s0 tclass=capability permissive=0
11-28 18:03:17.052 I/zygote64( 2694): Wrote stack traces to '[tombstoned]'
11-28 18:03:17.052 I//system/bin/tombstoned(  886): registered intercept for pid 29818 and type kDebuggerdJavaBacktrace
11-28 18:03:17.053 I/zygote64(29818): Thread[3,tid=29824,WaitingInMainSignalCatcherLoop,Thread*=0x703ed1e000,peer=0x1c140240,"Signal Catcher"]: reacting to signal 3
11-28 18:03:17.053 I/zygote64(29818): 
11-28 18:03:17.129 I//system/bin/tombstoned(  886): received crash request for pid 29818
11-28 18:03:17.129 I//system/bin/tombstoned(  886): found intercept fd 512 for pid 29818 and type kDebuggerdJavaBacktrace
11-28 18:03:17.129 I/zygote64(29818): Wrote stack traces to '[tombstoned]'
11-28 18:03:17.130 I/zygote64( 1563): libdebuggerd_client: done dumping process 29818
11-28 18:03:15.884 E/NotificationService( 1563): Suppressing notification from package by user request.
11-28 18:03:17.173 E/ActivityManager( 1563): ANR in com.test.readsms
11-28 18:03:17.173 E/ActivityManager( 1563): PID: 30300
11-28 18:03:17.173 E/ActivityManager( 1563): Reason: Context.startForegroundService() did not then call Service.startForeground(): ServiceRecord{3af83f u0 com.test.readsms/.service.SMSService}
11-28 18:03:17.173 E/ActivityManager( 1563): Load: 6.43 / 5.42 / 5.0
11-28 18:03:17.173 E/ActivityManager( 1563): CPU usage from 0ms to 5280ms later (2019-11-28 18:03:11.850 to 2019-11-28 18:03:17.130):
11-28 18:03:17.173 E/ActivityManager( 1563):   50% 1563/system_server: 33% user + 17% kernel / faults: 5048 minor 9 major
11-28 18:03:17.173 E/ActivityManager( 1563):   22% 1715/com.android.systemui: 18% user + 4.1% kernel / faults: 2974 minor 2 major
11-28 18:03:17.173 E/ActivityManager( 1563):   8.5% 614/surfaceflinger: 5.1% user + 3.4% kernel / faults: 905 minor
11-28 18:03:17.173 E/ActivityManager( 1563):   6.2% 2480/adbd: 1.1% user + 5.1% kernel / faults: 1157 minor
11-28 18:03:17.173 E/ActivityManager( 1563):   5.6% 2038/com.android.phone: 4.3% user + 1.3% kernel / faults: 683 minor
11-28 18:03:17.173 E/ActivityManager( 1563):   5.3% 453/logd: 3.7% user + 1.5% kernel / faults: 18 minor
11-28 18:03:17.173 E/ActivityManager( 1563):   3.9% 580/android.hardware.graphics.composer@2.1-service: 2.4% user + 1.5% kernel / faults: 442 minor
11-28 18:03:17.173 E/ActivityManager( 1563):   3.6% 3821/com.miui.powerkeeper: 2.6% user + 0.9% kernel / faults: 1821 minor 83 major
11-28 18:03:17.173 E/ActivityManager( 1563):   2.4% 297/irq/72-fts_ts: 0% user + 2.4% kernel
11-28 18:03:17.173 E/ActivityManager( 1563):   2.4% 2694/com.xiaomi.xmsf: 2% user + 0.3% kernel / faults: 1505 minor 65 major
11-28 18:03:17.173 E/ActivityManager( 1563):   2.4% 7622/com.baidu.input_mi: 2.2% user + 0.1% kernel / faults: 673 minor
11-28 18:03:17.173 E/ActivityManager( 1563):   2.2% 865/media.codec: 0.7% user + 1.5% kernel / faults: 1843 minor
11-28 18:03:17.173 E/ActivityManager( 1563):   1.8% 175/kswapd0: 0% user + 1.8% kernel
11-28 18:03:17.173 E/ActivityManager( 1563):   1.8% 851/audioserver: 1.8% user + 0% kernel / faults: 116 minor
11-28 18:03:17.173 E/ActivityManager( 1563):   1.7% 593/android.hardware.sensors@1.0-service: 0.3% user + 1.3% kernel / faults: 192 minor
11-28 18:03:17.173 E/ActivityManager( 1563):   1.7% 2547/com.miui.securitycenter.remote: 1.7% user + 0% kernel / faults: 1422 minor
11-28 18:03:17.173 E/ActivityManager( 1563):   1.7% 29818/com.miui.analytics: 1.3% user + 0.3% kernel / faults: 1183 minor
11-28 18:03:17.173 E/ActivityManager( 1563):   1.3% 28210/com.test.readsms:cactusRemoteService: 1.1% user + 0.1% kernel / faults: 919 minor
11-28 18:03:17.173 E/ActivityManager( 1563):   1.1% 107/system: 0% user + 1.1% kernel
11-28 18:03:17.173 E/ActivityManager( 1563):   0.9% 570/android.hardware.audio@2.0-service: 0% user + 0.9% kernel / faults: 20 minor
11-28 18:03:17.173 E/ActivityManager( 1563):   0.9% 29045/logcat: 0% user + 0.9% kernel / faults: 7 minor
11-28 18:03:17.173 E/ActivityManager( 1563):   0.9% 30150/logcat: 0.5% user + 0.3% kernel / faults: 30 minor
11-28 18:03:17.173 E/ActivityManager( 1563):   0.7% 7/rcu_preempt: 0% user + 0.7% kernel
11-28 18:03:17.173 E/ActivityManager( 1563):   0.7% 258/kgsl_worker_thr: 0% user + 0.7% kernel
11-28 18:03:17.173 E/ActivityManager( 1563):   0.7% 454/servicemanager: 0% user + 0.7% kernel / faults: 101 minor
11-28 18:03:17.173 E/ActivityManager( 1563):   0.7% 858/media.extractor: 0.5% user + 0.1% kernel / faults: 1071 minor
11-28 18:03:17.173 E/ActivityManager( 1563):   0% 946/android.hardware.biometrics.fingerprint@2.1-service: 0% user + 0% kernel / faults: 365 minor 26 major
11-28 18:03:17.173 E/ActivityManager( 1563):   0.7% 28462/kworker/u16:7: 0% user + 0.7% kernel
11-28 18:03:17.173 E/ActivityManager( 1563):   0.5% 1//init: 0% user + 0.5% kernel
11-28 18:03:17.173 E/ActivityManager( 1563):   0.5% 344/mmc-cmdqd/0: 0% user + 0.5% kernel
11-28 18:03:17.173 E/ActivityManager( 1563):   0.5% 579/android.hardware.graphics.allocator@2.0-service: 0.1% user + 0.3% kernel / faults: 22 minor
11-28 18:03:17.173 E/ActivityManager( 1563):   0.5% 886/tombstoned: 0.3% user + 0.1% kernel / faults: 200 minor
11-28 18:03:17.173 E/ActivityManager( 1563):   0.5% 2485/mcd: 0% user + 0.5% kernel / faults: 8 minor
11-28 18:03:17.173 E/ActivityManager( 1563):   0.5% 26071/kworker/u16:3: 0% user + 0.5% kernel
11-28 18:03:17.173 E/ActivityManager( 1563):   0.5% 30408/kworker/u16:9: 0% user + 0.5% kernel
11-28 18:03:17.173 E/ActivityManager( 1563):   0.3% 45/rcuop/4: 0% user + 0.3% kernel
11-28 18:03:17.173 E/ActivityManager( 1563):   0% 82/kworker/u16:1: 0% user + 0% kernel
11-28 18:03:17.173 E/ActivityManager( 1563):   0.3% 22600/com.miui.home: 0% user + 0.3% kernel / faults: 62 minor
11-28 18:03:17.173 E/ActivityManager( 1563):   0.3% 27963/kworker/4:2: 0% user + 0.3% kernel
11-28 18:03:17.173 E/ActivityManager( 1563):   0.3% 28071/kworker/u16:5: 0% user + 0.3% kernel
11-28 18:03:17.173 E/ActivityManager( 1563):   0.1% 8/rcu_sched: 0% user + 0.1% kernel
11-28 18:03:17.173 E/ActivityManager( 1563):   0.1% 10/rcuop/0: 0% user + 0.1% kernel
11-28 18:03:17.173 E/ActivityManager( 1563):   0.1% 29/rcuop/2: 0% user + 0.1% kernel
11-28 18:03:17.173 E/ActivityManager( 1563):   0.1% 53/rcuop/5: 0% user + 0.1% kernel
11-28 18:03:17.173 E/ActivityManager( 1563):   0.1% 61/rcuop/6: 0% user + 0.1% kernel
11-28 18:03:17.173 E/ActivityManager( 1563):   0% 62/rcuos/6: 0% user + 0% kernel
11-28 18:03:17.173 E/ActivityManager( 1563):   0.1% 69/rcuop/7: 0% user + 0.1% kernel
11-28 18:03:17.173 E/ActivityManager( 1563):   0.1% 333/cfinteractive: 0% user + 0.1% kernel
11-28 18:03:17.173 E/ActivityManager( 1563):   0% 432/ueventd: 0% user + 0% kernel / faults: 25 minor
11-28 18:03:17.173 E/ActivityManager( 1563):   0% 586/android.hardware.light@2.0-service: 0% user + 0% kernel
11-28 18:03:17.173 E/ActivityManager( 1563):   0.1% 591/android.hardware.power@1.0-service: 0.1% user + 0% kernel / faults: 4 minor
11-28 18:03:17.173 E/ActivityManager( 1563):   0.1% 596/android.hardware.wifi@1.0-service: 0.1% user + 0% kernel / faults: 66 minor
11-28 18:03:17.173 E/ActivityManager( 1563):   0.1% 824/jbd2/dm-1-8: 0% user + 0.1% kernel
11-28 18:03:17.173 E/ActivityManager( 1563):   0.1% 852/cameraserver: 0.1% user + 0% kernel / faults: 18 minor
11-28 18:03:17.173 E/ActivityManager( 1563):   0.1% 853/drmserver: 0.1% user + 0% kernel / faults: 55 minor 4 major
11-28 18:03:17.173 E/ActivityManager( 1563):   0.1% 860/mediaserver: 0.1% user + 0% kernel / faults: 116 minor 1 major
11-28 18:03:17.173 E/ActivityManager( 1563):   0.1% 866/rild: 0.1% user + 0% kernel / faults: 16 minor
11-28 18:03:17.173 E/ActivityManager( 1563):   0% 2011/com.qualcomm.qti.telephonyservice: 0% user + 0% kernel / faults: 127 minor
11-28 18:03:17.173 E/ActivityManager( 1563):   0.1% 2508/irq/181-408000.: 0% user + 0.1% kernel
11-28 18:03:17.173 E/ActivityManager( 1563):   0.1
11-28 18:03:17.180 W/BroadcastQueue( 1563): Skipping deliver [background] BroadcastRecord{9950013 u0 com.gyf.cactus.background} to ReceiverList{d47fa96 30300 com.test.readsms/10153/u0 remote:74b35b1}: process gone or crashing
11-28 18:03:17.181 D/AndroidRuntime(30450): Shutting down VM
11-28 18:03:17.185 E/AndroidRuntime(30450): FATAL EXCEPTION: main
11-28 18:03:17.185 E/AndroidRuntime(30450): Process: com.test.readsms, PID: 30450
11-28 18:03:17.185 E/AndroidRuntime(30450): android.app.RemoteServiceException: Context.startForegroundService() did not then call Service.startForeground(): ServiceRecord{3af83f u0 com.test.readsms/.service.SMSService}
11-28 18:03:17.185 E/AndroidRuntime(30450): 	at android.app.ActivityThread$H.handleMessage(ActivityThread.java:1797)
11-28 18:03:17.185 E/AndroidRuntime(30450): 	at android.os.Handler.dispatchMessage(Handler.java:106)
11-28 18:03:17.185 E/AndroidRuntime(30450): 	at android.os.Looper.loop(Looper.java:176)
11-28 18:03:17.185 E/AndroidRuntime(30450): 	at android.app.ActivityThread.main(ActivityThread.java:6651)
11-28 18:03:17.185 E/AndroidRuntime(30450): 	at java.lang.reflect.Method.invoke(Native Method)
11-28 18:03:17.185 E/AndroidRuntime(30450): 	at com.android.internal.os.RuntimeInit$MethodAndArgsCaller.run(RuntimeInit.java:547)
11-28 18:03:17.185 E/AndroidRuntime(30450): 	at com.android.internal.os.ZygoteInit.main(ZygoteInit.java:824)
11-28 18:03:17.194 D/CompatibilityInfo( 1563): mCompatibilityFlags - 10
11-28 18:03:17.194 D/CompatibilityInfo( 1563): applicationDensity - 320
11-28 18:03:17.194 D/CompatibilityInfo( 1563): applicationScale - 1.0
11-28 18:03:17.211 D/KeyguardUpdateMonitor( 1715): received broadcast android.intent.action.BATTERY_CHANGED
11-28 18:03:17.212 D/KeyguardUpdateMonitor( 1715): handleBatteryUpdate
11-28 18:03:17.213 I/BatteryInfoReceiver( 2547): ACTION_BATTERY_CHANGED
11-28 18:03:17.213 D/PowerCheckerService( 3821): onBatteryChanged, mBatteryLevel = 92, status = 2, level = 92, plug = 2
11-28 18:03:17.213 D/HeadsetStateMachine( 1691): Disconnected process message: 10, size: 0
11-28 18:03:17.214 D/HeadsetStateMachine( 1691): Enter processIntentBatteryChanged()
11-28 18:03:17.214 D/HeadsetStateMachine( 1691): Exit processIntentBatteryChanged()
11-28 18:03:17.214 D/HeadsetStateMachine( 1691): Exit Disconnected processMessage() 
11-28 18:03:17.215 D/KeyguardUpdateMonitor( 1715): received broadcast android.intent.action.BATTERY_CHANGED
11-28 18:03:17.216 D/KeyguardUpdateMonitor( 1715): handleBatteryUpdate
11-28 18:03:17.217 I/BatteryInfoReceiver( 2547): ACTION_BATTERY_CHANGED
11-28 18:03:17.218 D/PowerCheckerService( 3821): onBatteryChanged, mBatteryLevel = 92, status = 2, level = 92, plug = 2
11-28 18:03:17.218 D/HeadsetStateMachine( 1691): Disconnected process message: 10, size: 0
11-28 18:03:17.218 D/HeadsetStateMachine( 1691): Enter processIntentBatteryChanged()
11-28 18:03:17.218 D/HeadsetStateMachine( 1691): Exit processIntentBatteryChanged()
11-28 18:03:17.218 D/HeadsetStateMachine( 1691): Exit Disconnected processMessage() 
11-28 18:03:17.221 D/CompatibilityInfo( 1563): mCompatibilityFlags - 10
11-28 18:03:17.221 D/CompatibilityInfo( 1563): applicationDensity - 320
11-28 18:03:17.221 D/CompatibilityInfo( 1563): applicationScale - 1.0
11-28 18:03:17.227 D/audio_hw_primary(  570): adev_set_parameters: enter: screen_state=off
11-28 18:03:17.228 D/wt_audio_cust(  570): wt_audio_mmi_setparameter: enter: screen_state=off
11-28 18:03:17.228 E/wt_audio_cust(  570): wt_audio_mmi_setparameter mmi test -2
11-28 18:03:17.228 D/audio_hw_primary(  570): mmi status = -2
11-28 18:03:17.228 D/audio_hw_extn(  570): audio_extn_set_anc_parameters: anc_enabled:0
11-28 18:03:17.228 D/audio_hw_spkr_prot(  570): audio_extn_fbsp_set_parameters: Speaker protection disabled
11-28 18:03:17.231 W/ActivityManager( 1563): Error showing notification for service
11-28 18:03:17.231 W/ActivityManager( 1563): java.lang.RuntimeException: invalid channel for service notification: Notification(channel=Cactus pri=-2 contentView=null vibrate=null sound=null defaults=0x0 flags=0x50 color=0x00000000 vis=PRIVATE)
11-28 18:03:17.231 W/ActivityManager( 1563): 	at com.android.server.am.ServiceRecord$1.run(ServiceRecord.java:555)
11-28 18:03:17.231 W/ActivityManager( 1563): 	at android.os.Handler.handleCallback(Handler.java:794)
11-28 18:03:17.231 W/ActivityManager( 1563): 	at android.os.Handler.dispatchMessage(Handler.java:99)
11-28 18:03:17.231 W/ActivityManager( 1563): 	at android.os.Looper.loop(Looper.java:176)
11-28 18:03:17.231 W/ActivityManager( 1563): 	at android.os.HandlerThread.run(HandlerThread.java:65)
11-28 18:03:17.231 W/ActivityManager( 1563): 	at com.android.server.ServiceThread.run(ServiceThread.java:46)
11-28 18:03:17.232 D/CompatibilityInfo( 1563): mCompatibilityFlags - 10
11-28 18:03:17.232 D/CompatibilityInfo( 1563): applicationDensity - 320
11-28 18:03:17.232 D/CompatibilityInfo( 1563): applicationScale - 1.0
11-28 18:03:17.248 I/QCNEJ/CndHalConnector( 1994): -> SND notifyScreenStateChanged(false)
11-28 18:03:17.252 I/QCNEJ/CndHalConnector( 1994): -> SND notifyScreenStateChanged(false)
11-28 18:03:17.263 D/CompatibilityInfo( 1563): mCompatibilityFlags - 10
11-28 18:03:17.263 D/CompatibilityInfo( 1563): applicationDensity - 320
11-28 18:03:17.263 D/CompatibilityInfo( 1563): applicationScale - 1.0
11-28 18:03:17.265 V/BtOppService( 1691): action : android.intent.action.SCREEN_OFF
11-28 18:03:17.273 D/CompatibilityInfo( 1563): mCompatibilityFlags - 10
11-28 18:03:17.273 D/CompatibilityInfo( 1563): applicationDensity - 320
11-28 18:03:17.273 D/CompatibilityInfo( 1563): applicationScale - 1.0
11-28 18:03:17.285 D/CompatibilityInfo( 1563): mCompatibilityFlags - 10
11-28 18:03:17.285 D/CompatibilityInfo( 1563): applicationDensity - 320
11-28 18:03:17.285 D/CompatibilityInfo( 1563): applicationScale - 1.0
11-28 18:03:17.291 D/CompatibilityInfo( 1563): mCompatibilityFlags - 10
11-28 18:03:17.291 D/CompatibilityInfo( 1563): applicationDensity - 320
11-28 18:03:17.291 D/CompatibilityInfo( 1563): applicationScale - 1.0
11-28 18:03:17.296 D/CompatibilityInfo( 1563): mCompatibilityFlags - 10
11-28 18:03:17.297 D/CompatibilityInfo( 1563): applicationDensity - 320
11-28 18:03:17.297 D/CompatibilityInfo( 1563): applicationScale - 1.0
11-28 18:03:17.307 I/SA.SensorsDataAPI(30450): track event:
11-28 18:03:17.307 I/SA.SensorsDataAPI(30450): {
11-28 18:03:17.307 I/SA.SensorsDataAPI(30450): 	"_track_id":-691355903,
11-28 18:03:17.307 I/SA.SensorsDataAPI(30450): 	"time":1574935397251,
11-28 18:03:17.307 I/SA.SensorsDataAPI(30450): 	"type":"track",
11-28 18:03:17.307 I/SA.SensorsDataAPI(30450): 	"distinct_id":"a8753723dc9a51f0",
11-28 18:03:17.307 I/SA.SensorsDataAPI(30450): 	"lib":{
11-28 18:03:17.307 I/SA.SensorsDataAPI(30450): 		"$lib":"Android",
11-28 18:03:17.307 I/SA.SensorsDataAPI(30450): 		"$lib_version":"3.2.7",
11-28 18:03:17.307 I/SA.SensorsDataAPI(30450): 		"$app_version":"1.0",
11-28 18:03:17.307 I/SA.SensorsDataAPI(30450): 		"$lib_method":"code",
11-28 18:03:17.307 I/SA.SensorsDataAPI(30450): 		"$lib_detail":"com.sensorsdata.analytics.android.sdk.SensorsDataAPI##trackEvent##SensorsDataAPI.java##3069"
11-28 18:03:17.307 I/SA.SensorsDataAPI(30450): 	},
11-28 18:03:17.307 I/SA.SensorsDataAPI(30450): 	"event":"AppCrashed",
11-28 18:03:17.307 I/SA.SensorsDataAPI(30450): 	"properties":{
11-28 18:03:17.307 I/SA.SensorsDataAPI(30450): 		"$lib":"Android",
11-28 18:03:17.307 I/SA.SensorsDataAPI(30450): 		"$carrier":"中国联通",
11-28 18:03:17.307 I/SA.SensorsDataAPI(30450): 		"$os_version":"8.1.0",
11-28 18:03:17.307 I/SA.SensorsDataAPI(30450): 		"$device_id":"a8753723dc9a51f0",
11-28 18:03:17.307 I/SA.SensorsDataAPI(30450): 		"$lib_version":"3.2.7",
11-28 18:03:17.307 I/SA.SensorsDataAPI(30450): 		"$model":"Redmi 5",
11-28 18:03:17.307 I/SA.SensorsDataAPI(30450): 		"$os":"Android",
11-28 18:03:17.307 I/SA.SensorsDataAPI(30450): 		"$screen_width":720,
11-28 18:03:17.307 I/SA.SensorsDataAPI(30450): 		"$screen_height":1440,
11-28 18:03:17.307 I/SA.SensorsDataAPI(30450): 		"$manufacturer":"Xiaomi",
11-28 18:03:17.307 I/SA.SensorsDataAPI(30450): 		"$app_version":"1.0",
11-28 18:03:17.307 I/SA.SensorsDataAPI(30450): 		"$wifi":true,
11-28 18:03:17.307 I/SA.SensorsDataAPI(30450): 		"$network_type":"WIFI",
11-28 18:03:17.307 I/SA.SensorsDataAPI(30450): 		"app_crashed_reason":"android.app.RemoteServiceException: Context.startForegroundService() did not then call Service.startForeground(): ServiceRecord{3af83f u0 com.test.readsms\/.service.SMSService}\n\tat android.app.ActivityThread$H.handleMessage(ActivityThread.java:1797)\n\tat android.os.Handler.dispatchMessage(Handler.java:106)\n\tat android.os.Looper.loop(Looper.java:176)\n\tat android.app.ActivityThread.main(ActivityThread.java:6651)\n\tat java.lang.reflect.Method.invoke(Native Method)\n\tat com.android.internal.os.RuntimeInit$MethodAndArgsCaller.run(RuntimeInit.java:547)\n\tat com.android.internal.os.ZygoteInit.main(ZygoteInit.java:824)\n",
11-28 18:03:17.307 I/SA.SensorsDataAPI(30450): 		"$is_first_day":true
11-28 18:03:17.307 I/SA.SensorsDataAPI(30450): 	}
11-28 18:03:17.307 I/SA.SensorsDataAPI(30450): }
11-28 18:03:17.331 D/NetworkSecurityConfig(30450): Using Network Security Config from resource network_security_config debugBuild: true
11-28 18:03:17.337 W/System  (30450): Ignoring header Cookie because its value was null.
11-28 18:03:17.360 D/PowerCheckerService( 3821): foreground, uid = 10153, app = com.test.readsms
11-28 18:03:17.380 E/gatekeeper_device(  578): Verify send cmd failed
11-28 18:03:17.381 E/gatekeeper_device(  578): ret: 0
11-28 18:03:17.381 E/gatekeeper_device(  578): resp->status: -30
11-28 18:03:17.382 D/KeyguardSecurityView( 1715): reportFailedPatternAttempt: #1
11-28 18:03:17.391 E/LibSecureUISvc( 2747): svc_sock_send_message(suisvc): invalid remote socket suitch
11-28 18:03:17.392 E/LibSecureUISvc( 2747): svc_sock_send_message(suisvc): invalid remote socket suilst
11-28 18:03:17.401 D/KeyguardViewMediator( 1715): setKeyguardEnabled(true)
11-28 18:03:17.409 V/KeyguardUpdateMonitor( 1715): startListeningForFingerprint()
11-28 18:03:17.465 W/Market-ScreenReceiver(21706): Intent { act=android.intent.action.SCREEN_OFF flg=0x50200010 }
11-28 18:03:17.243 I/chatty  ( 1563): uid=1000(system) ActivityManager identical 2 lines
11-28 18:03:17.249 W/ActivityManager( 1563): Error showing notification for service
11-28 18:03:17.249 W/ActivityManager( 1563): java.lang.RuntimeException: invalid channel for service notification: Notification(channel=Cactus pri=-2 contentView=null vibrate=null sound=null defaults=0x0 flags=0x50 color=0x00000000 vis=PRIVATE)
11-28 18:03:17.249 W/ActivityManager( 1563): 	at com.android.server.am.ServiceRecord$1.run(ServiceRecord.java:555)
11-28 18:03:17.249 W/ActivityManager( 1563): 	at android.os.Handler.handleCallback(Handler.java:794)
11-28 18:03:17.249 W/ActivityManager( 1563): 	at android.os.Handler.dispatchMessage(Handler.java:99)
11-28 18:03:17.249 W/ActivityManager( 1563): 	at android.os.Looper.loop(Looper.java:176)
11-28 18:03:17.249 W/ActivityManager( 1563): 	at android.os.HandlerThread.run(HandlerThread.java:65)
11-28 18:03:17.249 W/ActivityManager( 1563): 	at com.android.server.ServiceThread.run(ServiceThread.java:46)
11-28 18:03:17.466 W/BroadcastQueue( 1563): Skipping deliver [foreground] BroadcastRecord{b23f37c u-1 android.intent.action.SCREEN_OFF} to ReceiverList{d47fa96 30300 com.test.readsms/10153/u0 remote:74b35b1}: process gone or crashing
11-28 18:03:17.470 W/BroadcastQueue( 1563): Skipping deliver [foreground] BroadcastRecord{b23f37c u-1 android.intent.action.SCREEN_OFF} to ReceiverList{c735093 30300 com.test.readsms/10153/u0 remote:5286182}: process gone or crashing
11-28 18:03:17.471 W/Market-AutoUpdateScheduler(21706): [Update] screen is on, do not schedule install
11-28 18:03:17.477 D/audio_hw_primary(  570): adev_set_parameters: enter: screen_state=on
11-28 18:03:17.478 D/wt_audio_cust(  570): wt_audio_mmi_setparameter: enter: screen_state=on
11-28 18:03:17.478 E/wt_audio_cust(  570): wt_audio_mmi_setparameter mmi test -2
11-28 18:03:17.478 D/audio_hw_primary(  570): mmi status = -2
11-28 18:03:17.478 D/audio_hw_extn(  570): audio_extn_set_anc_parameters: anc_enabled:0
11-28 18:03:17.478 D/audio_hw_spkr_prot(  570): audio_extn_fbsp_set_parameters: Speaker protection disabled
11-28 18:03:17.482 D/IdProviderImpl(29818): getUDID
11-28 18:03:17.485 I/QCNEJ/CndHalConnector( 1994): -> SND notifyScreenStateChanged(true)
11-28 18:03:17.487 I/QCNEJ/CndHalConnector( 1994): -> SND notifyScreenStateChanged(false)
11-28 18:03:17.488 V/BtOppService( 1691): action : android.intent.action.SCREEN_ON
11-28 18:03:17.494 D/IdProviderImpl(29818): getOAID
11-28 18:03:17.497 D/IdProviderImpl(29818): getVAID
11-28 18:03:17.524 D/PowerCheckerService( 3821): foreground, uid = 10153, app = com.test.readsms
11-28 18:03:17.552 I/zygote64( 1563): Background concurrent copying GC freed 312621(14MB) AllocSpace objects, 93(7MB) LOS objects, 42% free, 31MB/55MB, paused 5.397ms total 366.949ms
11-28 18:03:17.581 D/Launcher.Lifecycle(22600): prepareUserPresentAnimation:UserHandle{0},b53059,false
11-28 18:03:17.610 W/Market-ScreenReceiver(21706): Intent { act=android.intent.action.SCREEN_ON flg=0x50200010 }
11-28 18:03:17.704 I/SA.AnalyticsMessages(30450): responseCode: 200
11-28 18:03:17.709 I/SA.AnalyticsMessages(30450): valid message: 
11-28 18:03:17.709 I/SA.AnalyticsMessages(30450): [
11-28 18:03:17.709 I/SA.AnalyticsMessages(30450): 	{
11-28 18:03:17.709 I/SA.AnalyticsMessages(30450): 		"_track_id":-691355903,
11-28 18:03:17.709 I/SA.AnalyticsMessages(30450): 		"time":1574935397251,
11-28 18:03:17.709 I/SA.AnalyticsMessages(30450): 		"type":"track",
11-28 18:03:17.709 I/SA.AnalyticsMessages(30450): 		"distinct_id":"a8753723dc9a51f0",
11-28 18:03:17.709 I/SA.AnalyticsMessages(30450): 		"lib":{
11-28 18:03:17.709 I/SA.AnalyticsMessages(30450): 			"$lib":"Android",
11-28 18:03:17.709 I/SA.AnalyticsMessages(30450): 			"$lib_version":"3.2.7",
11-28 18:03:17.709 I/SA.AnalyticsMessages(30450): 			"$app_version":"1.0",
11-28 18:03:17.709 I/SA.AnalyticsMessages(30450): 			"$lib_method":"code",
11-28 18:03:17.709 I/SA.AnalyticsMessages(30450): 			"$lib_detail":"com.sensorsdata.analytics.android.sdk.SensorsDataAPI##trackEvent##SensorsDataAPI.java##3069"
11-28 18:03:17.709 I/SA.AnalyticsMessages(30450): 		},
11-28 18:03:17.709 I/SA.AnalyticsMessages(30450): 		"event":"AppCrashed",
11-28 18:03:17.709 I/SA.AnalyticsMessages(30450): 		"properties":{
11-28 18:03:17.709 I/SA.AnalyticsMessages(30450): 			"$lib":"Android",
11-28 18:03:17.709 I/SA.AnalyticsMessages(30450): 			"$carrier":"中国联通",
11-28 18:03:17.709 I/SA.AnalyticsMessages(30450): 			"$os_version":"8.1.0",
11-28 18:03:17.709 I/SA.AnalyticsMessages(30450): 			"$device_id":"a8753723dc9a51f0",
11-28 18:03:17.709 I/SA.AnalyticsMessages(30450): 			"$lib_version":"3.2.7",
11-28 18:03:17.709 I/SA.AnalyticsMessages(30450): 			"$model":"Redmi 5",
11-28 18:03:17.709 I/SA.AnalyticsMessages(30450): 			"$os":"Android",
11-28 18:03:17.709 I/SA.AnalyticsMessages(30450): 			"$screen_width":720,
11-28 18:03:17.709 I/SA.AnalyticsMessages(30450): 			"$screen_height":1440,
11-28 18:03:17.709 I/SA.AnalyticsMessages(30450): 			"$manufacturer":"Xiaomi",
11-28 18:03:17.709 I/SA.AnalyticsMessages(30450): 			"$app_version":"1.0",
11-28 18:03:17.709 I/SA.AnalyticsMessages(30450): 			"$wifi":true,
11-28 18:03:17.709 I/SA.AnalyticsMessages(30450): 			"$network_type":"WIFI",
11-28 18:03:17.709 I/SA.AnalyticsMessages(30450): 			"app_crashed_reason":"android.app.RemoteServiceException: Context.startForegroundService() did not then call Service.startForeground(): ServiceRecord{3af83f u0 com.test.readsms\/.service.SMSService}\n\tat android.app.ActivityThread$H.handleMessage(ActivityThread.java:1797)\n\tat android.os.Handler.dispatchMessage(Handler.java:106)\n\tat android.os.Looper.loop(Looper.java:176)\n\tat android.app.ActivityThread.main(ActivityThread.java:6651)\n\tat java.lang.reflect.Method.invoke(Native Method)\n\tat com.android.internal.os.RuntimeInit$MethodAndArgsCaller.run(RuntimeInit.java:547)\n\tat com.android.internal.os.ZygoteInit.main(ZygoteInit.java:824)\n",
11-28 18:03:17.709 I/SA.AnalyticsMessages(30450): 			"$is_first_day":true
11-28 18:03:17.709 I/SA.AnalyticsMessages(30450): 		},
11-28 18:03:17.709 I/SA.AnalyticsMessages(30450): 		"_flush_time":1574935397323
11-28 18:03:17.709 I/SA.AnalyticsMessages(30450): 	}
11-28 18:03:17.709 I/SA.AnalyticsMessages(30450): ]
11-28 18:03:17.745 I/SA.AnalyticsMessages(30450): Events flushed. [left = 0]
11-28 18:03:19.560 W/Choreographer( 1715): OPTS_INPUT: First frame was drawed before optimized, so skip!
11-28 18:03:20.213 I/octvm_klo( 2485): klo lock
11-28 18:03:20.213 D/PowerKeeper.Event( 3821): notifyAMCrash packageName: 0, pid:30450
11-28 18:03:20.223 I/Process (30450): Sending signal. PID: 30450 SIG: 9
11-28 18:03:20.230 D/CompatibilityInfo( 1563): mCompatibilityFlags - 10
11-28 18:03:20.230 D/CompatibilityInfo( 1563): applicationDensity - 320
11-28 18:03:20.230 D/CompatibilityInfo( 1563): applicationScale - 1.0
11-28 18:03:20.235 I/octvm_klo( 2485): get wanted event[mask:128, name:data_app_crash@1574935400227.txt] from the watchset
11-28 18:03:20.235 I/octvm_klo( 2485): start gathering logcat log...
11-28 18:03:20.235 D/CompatibilityInfo( 1563): mCompatibilityFlags - 10
11-28 18:03:20.235 D/CompatibilityInfo( 1563): applicationDensity - 320
11-28 18:03:20.235 D/CompatibilityInfo( 1563): applicationScale - 1.0
11-28 18:03:20.234 W/audioserver(  851): type=1400 audit(0.0:8796): avc: denied { write } for name="logd" dev="tmpfs" ino=12216 scontext=u:r:audioserver:s0 tcontext=u:object_r:logd_socket:s0 tclass=sock_file permissive=0
11-28 18:03:20.243 D/NuPlayerDriver(  860): reset(0xf239d230) at state 4
11-28 18:03:20.244 D/NuPlayerDriver(  860): notifyListener_l(0xf239d230), (8, 0, 0, -1), loop setting(0, 0)
11-28 18:03:20.245 W/AMessage(  860): failed to post message as target looper for handler 0 is gone.
11-28 18:03:20.245 D/NuPlayerDriver(  860): notifyResetComplete(0xf239d230)
11-28 18:03:20.246 W/MediaAnalyticsItem(  858): Unable to record: (extractor:0:-1:-11:0:3:android.media.mediaextractor.fmt=<unspecified>:android.media.mediaextractor.ntrk=1:android.media.mediaextractor.mime=audio/x-wav:) [forcenew=0]
11-28 18:03:20.247 W/zygote64( 1563): kill(-30450, 9) failed: No such process
11-28 18:03:20.247 I/zygote64( 1563): Successfully killed process cgroup uid 10153 pid 30450 in 0ms
11-28 18:03:20.248 W/ActivityManager( 1563): Scheduling restart of crashed service com.test.readsms/com.gyf.cactus.service.CactusJobService in 1000ms
11-28 18:03:20.248 W/ActivityManager( 1563): Scheduling restart of crashed service com.test.readsms/.service.SMSService in 11000ms
11-28 18:03:20.248 W/ActivityManager( 1563): Scheduling restart of crashed service com.test.readsms/com.gyf.cactus.service.LocalService in 20999ms
11-28 18:03:20.262 D/PowerKeeper.Event( 3821): notifyAMProcDied pacakageName: com.test.readsms, pid:30450
11-28 18:03:20.272 D/PowerKeeper.Event( 3821): notifyAMProcStart processName: 10153 reason: com.test.readsms, pid:0
11-28 18:03:20.279 I/zygote64(30566): Late-enabling -Xcheck:jni
11-28 18:03:20.315 W/zygote64(30566): miui_dex2oat: DeoptimizeBootImage: patch entry points of methods in boot image to interpreter bridge
11-28 18:03:20.354 D/CompatibilityInfo( 1563): mCompatibilityFlags - 0
11-28 18:03:20.355 D/CompatibilityInfo( 1563): applicationDensity - 320
11-28 18:03:20.355 D/CompatibilityInfo( 1563): applicationScale - 1.0
11-28 18:03:20.361 D/CompatibilityInfo( 1563): mCompatibilityFlags - 0
11-28 18:03:20.361 D/CompatibilityInfo( 1563): applicationDensity - 320
11-28 18:03:20.361 D/CompatibilityInfo( 1563): applicationScale - 1.0
11-28 18:03:20.363 W/ActivityManager( 1563): Error showing notification for service
11-28 18:03:20.363 W/ActivityManager( 1563): java.lang.RuntimeException: invalid channel for service notification: Notification(channel=Cactus pri=-2 contentView=null vibrate=null sound=null defaults=0x0 flags=0x50 color=0x00000000 vis=PRIVATE)
11-28 18:03:20.363 W/ActivityManager( 1563): 	at com.android.server.am.ServiceRecord$1.run(ServiceRecord.java:555)
11-28 18:03:20.363 W/ActivityManager( 1563): 	at android.os.Handler.handleCallback(Handler.java:794)
11-28 18:03:20.363 W/ActivityManager( 1563): 	at android.os.Handler.dispatchMessage(Handler.java:99)
11-28 18:03:20.363 W/ActivityManager( 1563): 	at android.os.Looper.loop(Looper.java:176)
11-28 18:03:20.363 W/ActivityManager( 1563): 	at android.os.HandlerThread.run(HandlerThread.java:65)
11-28 18:03:20.363 W/ActivityManager( 1563): 	at com.android.server.ServiceThread.run(ServiceThread.java:46)
11-28 18:03:20.364 W/ActivityManager( 1563): Scheduling restart of crashed service com.test.readsms/com.gyf.cactus.service.CactusJobService in 20884ms
11-28 18:03:20.364 W/ActivityManager( 1563): Scheduling restart of crashed service com.test.readsms/.service.SMSService in 1000ms
11-28 18:03:20.387 W/zygote64(30566): miui_dex2oat:　OatFile: /data/app/com.test.readsms-tl5OWtxaSWblC0A2BJJFnQ==/oat/arm64/base.odex Compiler-Filter = quicken
11-28 18:03:20.393 W/ResourceType(30566): No package identifier when getting name for resource number 0x00000000
11-28 18:03:20.472 I/octvm_klo( 2485): gathering logcat log done
11-28 18:03:20.472 I/octvm_klo( 2485): klo unlock
11-28 18:03:20.655 I/SA.SensorsDataAPI(30566): Initialized the instance of Sensors Analytics SDK with server url 'https://sdktest.datasink.sensorsdata.cn/sa?project=yangzhankun&token=21f2e56df73988c7', flush interval 15000 ms, debugMode: DEBUG_OFF
11-28 18:03:20.822 I/zygote64(30566): Do partial code cache collection, code=30KB, data=20KB
11-28 18:03:20.822 I/zygote64(30566): After code cache collection, code=30KB, data=20KB
11-28 18:03:20.822 I/zygote64(30566): Increasing code cache capacity to 128KB
11-28 18:03:20.859 W/ADebug  (30586): Failed to get property persist.sys.media.traces
11-28 18:03:20.894 D/AndroidRuntime(30586): >>>>>> START com.android.internal.os.RuntimeInit uid 2000 <<<<<<
11-28 18:03:20.916 D/CompatibilityInfo( 1563): mCompatibilityFlags - 0
11-28 18:03:20.916 D/CompatibilityInfo( 1563): applicationDensity - 320
11-28 18:03:20.916 D/CompatibilityInfo( 1563): applicationScale - 1.0
11-28 18:03:20.917 W/ActivityManager( 1563): Error showing notification for service
11-28 18:03:20.917 W/ActivityManager( 1563): java.lang.RuntimeException: invalid channel for service notification: Notification(channel=Cactus pri=-2 contentView=null vibrate=null sound=null defaults=0x0 flags=0x50 color=0x00000000 vis=PRIVATE)
11-28 18:03:20.917 W/ActivityManager( 1563): 	at com.android.server.am.ServiceRecord$1.run(ServiceRecord.java:555)
11-28 18:03:20.917 W/ActivityManager( 1563): 	at android.os.Handler.handleCallback(Handler.java:794)
11-28 18:03:20.917 W/ActivityManager( 1563): 	at android.os.Handler.dispatchMessage(Handler.java:99)
11-28 18:03:20.917 W/ActivityManager( 1563): 	at android.os.Looper.loop(Looper.java:176)
11-28 18:03:20.917 W/ActivityManager( 1563): 	at android.os.HandlerThread.run(HandlerThread.java:65)
11-28 18:03:20.917 W/ActivityManager( 1563): 	at com.android.server.ServiceThread.run(ServiceThread.java:46)
11-28 18:03:20.928 I/SSS...  (30566): ------主进程----> com.test.readsms
11-28 18:03:20.931 D/CompatibilityInfo( 1563): mCompatibilityFlags - 0
11-28 18:03:20.931 D/CompatibilityInfo( 1563): applicationDensity - 320
11-28 18:03:20.931 D/CompatibilityInfo( 1563): applicationScale - 1.0
11-28 18:03:20.956 D/cactus  (30566): LocalService is run >>>> do work times = 16
11-28 18:03:20.976 D/OpenGLRenderer(30566): HWUI GL Pipeline
11-28 18:03:20.989 E/NotificationService( 1563): Suppressing notification from package by user request.
11-28 18:03:21.004 D/AndroidRuntime(30566): Shutting down VM
11-28 18:03:21.006 E/AndroidRuntime(30566): FATAL EXCEPTION: main
11-28 18:03:21.006 E/AndroidRuntime(30566): Process: com.test.readsms, PID: 30566
11-28 18:03:21.006 E/AndroidRuntime(30566): android.app.RemoteServiceException: Bad notification for startForeground: java.lang.RuntimeException: invalid channel for service notification: Notification(channel=Cactus pri=-2 contentView=null vibrate=null sound=null defaults=0x0 flags=0x50 color=0x00000000 vis=PRIVATE)
11-28 18:03:21.006 E/AndroidRuntime(30566): 	at android.app.ActivityThread$H.handleMessage(ActivityThread.java:1797)
11-28 18:03:21.006 E/AndroidRuntime(30566): 	at android.os.Handler.dispatchMessage(Handler.java:106)
11-28 18:03:21.006 E/AndroidRuntime(30566): 	at android.os.Looper.loop(Looper.java:176)
11-28 18:03:21.006 E/AndroidRuntime(30566): 	at android.app.ActivityThread.main(ActivityThread.java:6651)
11-28 18:03:21.006 E/AndroidRuntime(30566): 	at java.lang.reflect.Method.invoke(Native Method)
11-28 18:03:21.006 E/AndroidRuntime(30566): 	at com.android.internal.os.RuntimeInit$MethodAndArgsCaller.run(RuntimeInit.java:547)
11-28 18:03:21.006 E/AndroidRuntime(30566): 	at com.android.internal.os.ZygoteInit.main(ZygoteInit.java:824)
11-28 18:03:21.011 D/NuPlayerDriver(  860): NuPlayerDriver(0xf239d230) created, clientPid(30566)
11-28 18:03:21.013 V/c       ( 2547): onNotificationPostedCallBack:StatusBarNotification(pkg=com.test.readsms user=UserHandle{0} id=1995910363 tag=null key=0|com.test.readsms|1995910363|null|10153: Notification(channel=Cactus pri=-2 contentView=null vibrate=null sound=null defaults=0x0 flags=0x72 color=0x00000000 vis=PRIVATE))
11-28 18:03:21.014 V/onNotificationPostedCallBack( 2547): flags=114
11-28 18:03:21.014 I/StatusBar( 1715): onNotificationPosted key:0|com.test.readsms|1995910363|null|10153 isUpdate:false
11-28 18:03:21.015 V/c       ( 2547): ret=0
11-28 18:03:21.015 I/StatusBar( 1715): handleNotification key:0|com.test.readsms|1995910363|null|10153 isUpdate:false
11-28 18:03:21.016 D/StatusBar( 1715): addNotification key=0|com.test.readsms|1995910363|null|10153
11-28 18:03:21.016 I/ExtendedNuUtils(  860): printFileName fd(8) -> /data/app/com.test.readsms-tl5OWtxaSWblC0A2BJJFnQ==/base.apk
11-28 18:03:21.021 D/StatusBar( 1715): No peeking: unimportant notification: 0|com.test.readsms|1995910363|null|10153
11-28 18:03:21.021 I/StatusBar( 1715): addNotification isHeadsUped:false
11-28 18:03:21.021 I/StatusBar( 1715): addNotification key=0|com.test.readsms|1995910363|null|10153
11-28 18:03:21.021 D/GenericSource(  860): FileSource remote
11-28 18:03:21.028 I/ExtendedExtractor(  858): QTIParser is prefered .. flags 2
11-28 18:03:21.029 D/MMParserExtractor(  858): setExtraFlags called with flags 2 for paser instance 8c62c6e0
11-28 18:03:21.029 D/MMParserExtractor(  858): using bigger parser buffers
11-28 18:03:21.029 I/ExtendedExtractor(  858): ExtendedExtractor::create 0x7a8c62c6e0
11-28 18:03:21.030 E/MediaExtractor(  860): Trace connect 0xf238fe20 0xf0603a00
11-28 18:03:21.033 D/NuPlayerDriver(  860): notifyListener_l(0xf239d230), (1, 0, 0, -1), loop setting(0, 0)
11-28 18:03:21.046 I/SSS..App(30566): ----- Cactus doWork  ----- 
11-28 18:03:21.052 D/keystore(  855): AddAuthenticationToken: timestamp = 890579150 (14855146688259031040), time_received = 103807
11-28 18:03:21.082 D/keystore(  855): AddAuthenticationToken: timestamp = 890579181 (17088932103434797056), time_received = 103807
11-28 18:03:21.085 D/cactus  (28210): RemoteService is run
11-28 18:03:21.091 D/keystore(  855): AddAuthenticationToken: timestamp = 890579190 (17737450449776148480), time_received = 103807
11-28 18:03:21.095 I/keystore(  855): calling unlock when already unlocked, ignoring.
11-28 18:03:21.101 D/LockSettingsService( 1563): unlockUser finished
11-28 18:03:21.101 W/ActivityManager( 1563): Expected user 0 in state RUNNING_LOCKED but was in state RUNNING_UNLOCKED
11-28 18:03:21.140 I/app_process(30586): The ClassLoaderContext is a special shared library.
11-28 18:03:21.140 W/app_process(30586): miui_dex2oat:　OatFile: /system/framework/oat/arm64/pm.odex Compiler-Filter = quicken
11-28 18:03:21.154 D/KeyguardSecurityView( 1715): showNextSecurityScreenOrFinish(true)
11-28 18:03:21.154 D/KeyguardViewMediator( 1715): tryKeyguardDone mKeyguardDonePending = false mHideAnimationRun = false mHideAnimationRunning = false
11-28 18:03:21.155 D/KeyguardViewMediator( 1715): setKeyguardEnabled(true)
11-28 18:03:21.178 W/miui_keyguard( 1715): unlock keyguard by pw
11-28 18:03:21.185 D/IconCustomizer( 1715): Content Ratio = 1.375
11-28 18:03:21.195 I/zygote64( 1715): Background concurrent copying GC freed 188448(7MB) AllocSpace objects, 136(4MB) LOS objects, 50% free, 11MB/23MB, paused 193us total 170.158ms
11-28 18:03:21.197 D/StatusBar( 1715): No peeking: unimportant notification: 0|com.test.readsms|1995910363|null|10153
11-28 18:03:21.212 V/KeyguardUpdateMonitor( 1715): startListeningForFingerprint()
11-28 18:03:21.214 D/AndroidRuntime(30586): Calling main entry com.android.commands.pm.Pm
11-28 18:03:21.231 V/KeyguardUpdateMonitor( 1715): startListeningForFingerprint()
11-28 18:03:21.235 V/KeyguardUpdateMonitor( 1715): startListeningForFingerprint()
11-28 18:03:21.282 I/SA.SensorsDataAPI(30566): track event:
11-28 18:03:21.282 I/SA.SensorsDataAPI(30566): {
11-28 18:03:21.282 I/SA.SensorsDataAPI(30566): 	"_track_id":431258355,
11-28 18:03:21.282 I/SA.SensorsDataAPI(30566): 	"time":1574935401235,
11-28 18:03:21.282 I/SA.SensorsDataAPI(30566): 	"type":"track",
11-28 18:03:21.282 I/SA.SensorsDataAPI(30566): 	"distinct_id":"a8753723dc9a51f0",
11-28 18:03:21.282 I/SA.SensorsDataAPI(30566): 	"lib":{
11-28 18:03:21.282 I/SA.SensorsDataAPI(30566): 		"$lib":"Android",
11-28 18:03:21.282 I/SA.SensorsDataAPI(30566): 		"$lib_version":"3.2.7",
11-28 18:03:21.282 I/SA.SensorsDataAPI(30566): 		"$app_version":"1.0",
11-28 18:03:21.282 I/SA.SensorsDataAPI(30566): 		"$lib_method":"code",
11-28 18:03:21.282 I/SA.SensorsDataAPI(30566): 		"$lib_detail":"com.sensorsdata.analytics.android.sdk.SensorsDataAPI##trackEvent##SensorsDataAPI.java##3069"
11-28 18:03:21.282 I/SA.SensorsDataAPI(30566): 	},
11-28 18:03:21.282 I/SA.SensorsDataAPI(30566): 	"event":"AppCrashed",
11-28 18:03:21.282 I/SA.SensorsDataAPI(30566): 	"properties":{
11-28 18:03:21.282 I/SA.SensorsDataAPI(30566): 		"$lib":"Android",
11-28 18:03:21.282 I/SA.SensorsDataAPI(30566): 		"$carrier":"中国联通",
11-28 18:03:21.282 I/SA.SensorsDataAPI(30566): 		"$os_version":"8.1.0",
11-28 18:03:21.282 I/SA.SensorsDataAPI(30566): 		"$device_id":"a8753723dc9a51f0",
11-28 18:03:21.282 I/SA.SensorsDataAPI(30566): 		"$lib_version":"3.2.7",
11-28 18:03:21.282 I/SA.SensorsDataAPI(30566): 		"$model":"Redmi 5",
11-28 18:03:21.282 I/SA.SensorsDataAPI(30566): 		"$os":"Android",
11-28 18:03:21.282 I/SA.SensorsDataAPI(30566): 		"$screen_width":720,
11-28 18:03:21.282 I/SA.SensorsDataAPI(30566): 		"$screen_height":1440,
11-28 18:03:21.282 I/SA.SensorsDataAPI(30566): 		"$manufacturer":"Xiaomi",
11-28 18:03:21.282 I/SA.SensorsDataAPI(30566): 		"$app_version":"1.0",
11-28 18:03:21.282 I/SA.SensorsDataAPI(30566): 		"$wifi":true,
11-28 18:03:21.282 I/SA.SensorsDataAPI(30566): 		"$network_type":"WIFI",
11-28 18:03:21.282 I/SA.SensorsDataAPI(30566): 		"app_crashed_reason":"android.app.RemoteServiceException: Bad notification for startForeground: java.lang.RuntimeException: invalid channel for service notification: Notification(channel=Cactus pri=-2 contentView=null vibrate=null sound=null defaults=0x0 flags=0x50 color=0x00000000 vis=PRIVATE)\n\tat android.app.ActivityThread$H.handleMessage(ActivityThread.java:1797)\n\tat android.os.Handler.dispatchMessage(Handler.java:106)\n\tat android.os.Looper.loop(Looper.java:176)\n\tat android.app.ActivityThread.main(ActivityThread.java:6651)\n\tat java.lang.reflect.Method.invoke(Native Method)\n\tat com.android.internal.os.RuntimeInit$MethodAndArgsCaller.run(RuntimeInit.java:547)\n\tat com.android.internal.os.ZygoteInit.main(ZygoteInit.java:824)\n",
11-28 18:03:21.282 I/SA.SensorsDataAPI(30566): 		"$is_first_day":true
11-28 18:03:21.282 I/SA.SensorsDataAPI(30566): 	}
11-28 18:03:21.282 I/SA.SensorsDataAPI(30566): }
11-28 18:03:21.293 W/MessageQueue(30586): Handler (android.os.Handler) {5a1c8d5} sending message to a Handler on a dead thread
11-28 18:03:21.293 W/MessageQueue(30586): java.lang.IllegalStateException: Handler (android.os.Handler) {5a1c8d5} sending message to a Handler on a dead thread
11-28 18:03:21.293 W/MessageQueue(30586): 	at android.os.MessageQueue.enqueueMessage(MessageQueue.java:551)
11-28 18:03:21.293 W/MessageQueue(30586): 	at android.os.Handler.enqueueMessage(Handler.java:666)
11-28 18:03:21.293 W/MessageQueue(30586): 	at android.os.Handler.sendMessageAtTime(Handler.java:631)
11-28 18:03:21.293 W/MessageQueue(30586): 	at android.os.Handler.sendMessageDelayed(Handler.java:601)
11-28 18:03:21.293 W/MessageQueue(30586): 	at android.os.Handler.post(Handler.java:357)
11-28 18:03:21.293 W/MessageQueue(30586): 	at android.os.ResultReceiver$MyResultReceiver.send(ResultReceiver.java:57)
11-28 18:03:21.293 W/MessageQueue(30586): 	at com.android.internal.os.IResultReceiver$Stub.onTransact(IResultReceiver.java:58)
11-28 18:03:21.293 W/MessageQueue(30586): 	at android.os.Binder.execTransact(Binder.java:704)
11-28 18:03:21.294 I/app_process(30586): System.exit called, status: 0
11-28 18:03:21.294 I/AndroidRuntime(30586): VM exiting with result code 0.
11-28 18:03:21.313 D/NetworkSecurityConfig(30566): Using Network Security Config from resource network_security_config debugBuild: true
11-28 18:03:21.318 W/System  (30566): Ignoring header Cookie because its value was null.
11-28 18:03:21.430 D/SecurityPatternView( 1715): startDisappearAnimation finish
11-28 18:03:21.431 D/KeyguardViewMediator( 1715): tryKeyguardDone mKeyguardDonePending = false mHideAnimationRun = true mHideAnimationRunning = false
11-28 18:03:21.431 D/KeyguardViewMediator( 1715): handleKeyguardDone
11-28 18:03:21.432 D/KeyguardViewMediator( 1715): handleHide
11-28 18:03:21.432 D/KeyguardViewMediator( 1715): keyguardGoingAway
11-28 18:03:21.434 D/ActivityTrigger( 1563): activityResumeTrigger: The activity in ApplicationInfo{f43320f com.miui.home} is now in focus and seems to be in full-screen mode
11-28 18:03:21.434 E/ActivityTrigger( 1563): activityResumeTrigger: not whiteListedcom.miui.home/com.miui.home.launcher.Launcher/41301316
11-28 18:03:21.435 E/ANDR-PERF-MPCTL(  868): Invalid profile no. 0, total profiles 0 only
11-28 18:03:21.441 I/octvm_power( 2485): power mode [home] start 1574935401
11-28 18:03:21.441 D/GameBoosterService( 2547): onGameStatusChange foreground:ForegroundInfo{mForegroundPackageName='com.miui.home', mForegroundUid=10022, mForegroundPid=22600, mLastForegroundPackageName='com.test.readsms', mLastForegroundUid=10153, mLastForegroundPid=30300, mMultiWindowForegroundPackageName='null', mMultiWindowForegroundUid=-1, mFlags=0}
11-28 18:03:21.442 I/octvm_power( 2485): Action: set_bcbc_cust_state(disable) for [foreground_change]
11-28 18:03:21.442 I/octvm_drv( 2485): common drv: platform_set_bcbc_cust_state -> platform not support
11-28 18:03:21.442 I/octvm_power( 2485): Action: set_lcd_mode(default) for [foreground_change]
11-28 18:03:21.442 I/octvm_drv( 2485): common drv: platform_set_lcd_mode -> platform not support
11-28 18:03:21.442 I/octvm_power( 2485): Action: set_thermal_config(restore) for [foreground_change]
11-28 18:03:21.442 I/octvm_drv( 2485): common drv: platform_set_thermal_mode -> platform not support
11-28 18:03:21.442 I/octvm_power( 2485): onPowerModeChanged[home] called
11-28 18:03:21.444 D/CompatibilityInfo( 1563): mCompatibilityFlags - 0
11-28 18:03:21.445 D/CompatibilityInfo( 1563): applicationDensity - 320
11-28 18:03:21.445 D/CompatibilityInfo( 1563): applicationScale - 1.0
11-28 18:03:21.454 D/FaceManagerImpl_client( 1715): inernational:false supportR:null nowR:CN
11-28 18:03:21.455 D/Launcher.Lifecycle(22600): onStart:UserHandle{0},b53059,false
11-28 18:03:21.457 D/StatusBar( 1715): recevie broadbcast ACTION_APPLICATION_MESSAGE_QUERY, requestFirstTime=false
11-28 18:03:21.458 D/Launcher.Lifecycle(22600): onResume:UserHandle{0},b53059,false
11-28 18:03:21.458 D/Launcher(22600): disableStatusBarClock:false
11-28 18:03:21.458 D/Launcher.XOutUtils(22600): canRecommendScreenShow, isShowXout=false
11-28 18:03:21.459 D/Launcher.RecommendController(22600): don't request, because recommend screen can't show
11-28 18:03:21.459 D/Launcher.RecommendController(22600): folder display and try to request recommend list
11-28 18:03:21.459 D/Launcher_WallpaperUtils(22600): adapterHomeToWallpaperAsync in launcher resume
11-28 18:03:21.459 I/RenderThread(22600): RenderThread resumed
11-28 18:03:21.459 I/RenderThread(22600): All controllers paused.
11-28 18:03:21.459 I/RenderThread(22600): RenderThread paused, waiting for signal
11-28 18:03:21.459 D/hybrid  (22600): onVisibilityChanged visible=true
11-28 18:03:21.459 D/hybrid  (22600): onVisibilityChanged visible=true
11-28 18:03:21.461 W/CustomVerticalSwitcher(22600): startFlipping is not in minusScreen!
11-28 18:03:21.480 D/CacheProvider(29644): openFile: /data/user/0/com.miui.hybrid/app_resource/com.miui.assistant.card.quickapp.mi/assets/images/commuting/ic_home.png
11-28 18:03:21.504 D/KeyguardViewMediator( 1715): handleStartKeyguardExitAnimation startTime=103808314 fadeoutDuration=0
11-28 18:03:21.517 D/StatusBar( 1715): disable<e i a s B H R C s > disable2<q i n g r >
11-28 18:03:21.518 D/KeyguardViewMediator( 1715): adjustStatusBarLocked: mShowing=false mOccluded=false isSecure=true force=false --> flags=0x0
11-28 18:03:21.519 D/StatusBar( 1715): give up recomputeDisableFlags
11-28 18:03:21.521 D/StatusBar( 1715): give up recomputeDisableFlags
11-28 18:03:21.521 D/KeyguardUpdateMonitor( 1715): onKeyguardVisibilityChanged(false)
11-28 18:03:21.521 I/KeyguardIndication( 1715): updateIndication: mVisible true mDozing false mTransientIndication null mPowerPluggedIn true mShouldUpdateBatteryIndication true mUpArrowIndication 上滑解锁
11-28 18:03:21.522 D/KeyguardUpdateMonitor( 1715): sendKeyguardBouncerChanged(false)
11-28 18:03:21.530 D/StatusBar( 1715): updatePublicMode() showingKeyguard=false,devicePublic=false
11-28 18:03:21.530 D/StatusBar( 1715): updateStackScrollerState() publicMode=false,isKeyguardShowing=false
11-28 18:03:21.538 D/KeyguardViewMediator( 1715): adjustStatusBarLocked: mShowing=false mOccluded=false isSecure=true force=false --> flags=0x0
11-28 18:03:21.539 D/FaceManagerImpl_client( 1715): inernational:false supportR:null nowR:CN
11-28 18:03:21.541 D/EventBus( 1715): [1715, u0] send(AppTransitionFinishedEvent)
11-28 18:03:21.541 D/EventBus( 1715): [1715, u0]  -> ForcedResizableInfoActivityController [0x7200de6, P1] onBusEvent(AppTransitionFinishedEvent)
11-28 18:03:21.541 D/EventBus( 1715): [1715, u0] onBusEvent(AppTransitionFinishedEvent) duration: 33 microseconds, avg: 187
11-28 18:03:21.543 W/BroadcastQueue( 1563): Background execution not allowed: receiving Intent { act=android.intent.action.USER_PRESENT flg=0x24200010 } to com.ndkey.mobiletoken/com.tencent.android.tpush.XGPushReceiver
11-28 18:03:21.545 D/home_receiver( 2547): receive broadcast
11-28 18:03:21.546 W/ResourceType( 1563): No package identifier when getting name for resource number 0x00000000
11-28 18:03:21.548 D/Launcher.Lifecycle(22600): showUserPresentAnimation:UserHandle{0},b53059,false
11-28 18:03:21.549 I/QCNEJ/CndHalConnector( 1994): -> SND notifyScreenStateChanged(true)
11-28 18:03:21.546 W/BroadcastQueueInjector( 1563): Unable to launch app com.tencent.android.qqdownloader/10071 for broadcast Intent { act=android.intent.action.USER_PRESENT flg=0x24200010 }: process is not permitted to  auto start
11-28 18:03:21.550 E/LibSecureUISvc( 2747): svc_sock_send_message(suisvc): invalid remote socket suilst
11-28 18:03:21.552 W/System.err( 2547): android.content.pm.PackageManager$NameNotFoundException: com.xiaomi.smarthome
11-28 18:03:21.552 D/CompatibilityInfo( 1563): mCompatibilityFlags - 10
11-28 18:03:21.552 D/CompatibilityInfo( 1563): applicationDensity - 320
11-28 18:03:21.552 D/CompatibilityInfo( 1563): applicationScale - 1.0
11-28 18:03:21.552 W/System.err( 2547): 	at android.app.ApplicationPackageManager.getPackageInfoAsUser(ApplicationPackageManager.java:176)
11-28 18:03:21.552 W/ResourceType( 1563): No package identifier when getting name for resource number 0x00000000
11-28 18:03:21.552 W/System.err( 2547): 	at android.app.ApplicationPackageManager.getPackageInfo(ApplicationPackageManager.java:145)
11-28 18:03:21.552 W/System.err( 2547): 	at com.miui.common.j.q.e(Unknown Source:5)
11-28 18:03:21.552 W/System.err( 2547): 	at com.miui.appmanager.c.b$1.a(Unknown Source:4)
11-28 18:03:21.552 W/System.err( 2547): 	at com.miui.appmanager.c.b$1.doInBackground(Unknown Source:2)
11-28 18:03:21.553 W/System.err( 2547): 	at android.os.AsyncTask$2.call(AsyncTask.java:333)
